Archive member included to satisfy reference by file (symbol)

c:/st/stm32cubeide_1.3.0/stm32cubeide/plugins/com.st.stm32cube.ide.mcu.externaltools.gnu-tools-for-stm32.7-2018-q2-update.win32_1.0.0.201904181610/tools/bin/../lib/gcc/arm-none-eabi/7.3.1/../../../../arm-none-eabi/lib/thumb/v7e-m/fpv4-sp/hard\libc_nano.a(lib_a-errno.o)
                              Core/Src/syscalls.o (__errno)
c:/st/stm32cubeide_1.3.0/stm32cubeide/plugins/com.st.stm32cube.ide.mcu.externaltools.gnu-tools-for-stm32.7-2018-q2-update.win32_1.0.0.201904181610/tools/bin/../lib/gcc/arm-none-eabi/7.3.1/../../../../arm-none-eabi/lib/thumb/v7e-m/fpv4-sp/hard\libc_nano.a(lib_a-exit.o)
                              c:/st/stm32cubeide_1.3.0/stm32cubeide/plugins/com.st.stm32cube.ide.mcu.externaltools.gnu-tools-for-stm32.7-2018-q2-update.win32_1.0.0.201904181610/tools/bin/../lib/gcc/arm-none-eabi/7.3.1/../../../../arm-none-eabi/lib/thumb/v7e-m/fpv4-sp/hard/crt0.o (exit)
c:/st/stm32cubeide_1.3.0/stm32cubeide/plugins/com.st.stm32cube.ide.mcu.externaltools.gnu-tools-for-stm32.7-2018-q2-update.win32_1.0.0.201904181610/tools/bin/../lib/gcc/arm-none-eabi/7.3.1/../../../../arm-none-eabi/lib/thumb/v7e-m/fpv4-sp/hard\libc_nano.a(lib_a-impure.o)
                              c:/st/stm32cubeide_1.3.0/stm32cubeide/plugins/com.st.stm32cube.ide.mcu.externaltools.gnu-tools-for-stm32.7-2018-q2-update.win32_1.0.0.201904181610/tools/bin/../lib/gcc/arm-none-eabi/7.3.1/../../../../arm-none-eabi/lib/thumb/v7e-m/fpv4-sp/hard\libc_nano.a(lib_a-exit.o) (_global_impure_ptr)
c:/st/stm32cubeide_1.3.0/stm32cubeide/plugins/com.st.stm32cube.ide.mcu.externaltools.gnu-tools-for-stm32.7-2018-q2-update.win32_1.0.0.201904181610/tools/bin/../lib/gcc/arm-none-eabi/7.3.1/../../../../arm-none-eabi/lib/thumb/v7e-m/fpv4-sp/hard\libc_nano.a(lib_a-init.o)
                              c:/st/stm32cubeide_1.3.0/stm32cubeide/plugins/com.st.stm32cube.ide.mcu.externaltools.gnu-tools-for-stm32.7-2018-q2-update.win32_1.0.0.201904181610/tools/bin/../lib/gcc/arm-none-eabi/7.3.1/../../../../arm-none-eabi/lib/thumb/v7e-m/fpv4-sp/hard/crt0.o (__libc_init_array)
c:/st/stm32cubeide_1.3.0/stm32cubeide/plugins/com.st.stm32cube.ide.mcu.externaltools.gnu-tools-for-stm32.7-2018-q2-update.win32_1.0.0.201904181610/tools/bin/../lib/gcc/arm-none-eabi/7.3.1/../../../../arm-none-eabi/lib/thumb/v7e-m/fpv4-sp/hard\libc_nano.a(lib_a-malloc.o)
                              Core/Src/SP_THS.o (malloc)
c:/st/stm32cubeide_1.3.0/stm32cubeide/plugins/com.st.stm32cube.ide.mcu.externaltools.gnu-tools-for-stm32.7-2018-q2-update.win32_1.0.0.201904181610/tools/bin/../lib/gcc/arm-none-eabi/7.3.1/../../../../arm-none-eabi/lib/thumb/v7e-m/fpv4-sp/hard\libc_nano.a(lib_a-memset.o)
                              c:/st/stm32cubeide_1.3.0/stm32cubeide/plugins/com.st.stm32cube.ide.mcu.externaltools.gnu-tools-for-stm32.7-2018-q2-update.win32_1.0.0.201904181610/tools/bin/../lib/gcc/arm-none-eabi/7.3.1/../../../../arm-none-eabi/lib/thumb/v7e-m/fpv4-sp/hard/crt0.o (memset)
c:/st/stm32cubeide_1.3.0/stm32cubeide/plugins/com.st.stm32cube.ide.mcu.externaltools.gnu-tools-for-stm32.7-2018-q2-update.win32_1.0.0.201904181610/tools/bin/../lib/gcc/arm-none-eabi/7.3.1/../../../../arm-none-eabi/lib/thumb/v7e-m/fpv4-sp/hard\libc_nano.a(lib_a-nano-freer.o)
                              c:/st/stm32cubeide_1.3.0/stm32cubeide/plugins/com.st.stm32cube.ide.mcu.externaltools.gnu-tools-for-stm32.7-2018-q2-update.win32_1.0.0.201904181610/tools/bin/../lib/gcc/arm-none-eabi/7.3.1/../../../../arm-none-eabi/lib/thumb/v7e-m/fpv4-sp/hard\libc_nano.a(lib_a-malloc.o) (_free_r)
c:/st/stm32cubeide_1.3.0/stm32cubeide/plugins/com.st.stm32cube.ide.mcu.externaltools.gnu-tools-for-stm32.7-2018-q2-update.win32_1.0.0.201904181610/tools/bin/../lib/gcc/arm-none-eabi/7.3.1/../../../../arm-none-eabi/lib/thumb/v7e-m/fpv4-sp/hard\libc_nano.a(lib_a-nano-mallocr.o)
                              c:/st/stm32cubeide_1.3.0/stm32cubeide/plugins/com.st.stm32cube.ide.mcu.externaltools.gnu-tools-for-stm32.7-2018-q2-update.win32_1.0.0.201904181610/tools/bin/../lib/gcc/arm-none-eabi/7.3.1/../../../../arm-none-eabi/lib/thumb/v7e-m/fpv4-sp/hard\libc_nano.a(lib_a-malloc.o) (_malloc_r)
c:/st/stm32cubeide_1.3.0/stm32cubeide/plugins/com.st.stm32cube.ide.mcu.externaltools.gnu-tools-for-stm32.7-2018-q2-update.win32_1.0.0.201904181610/tools/bin/../lib/gcc/arm-none-eabi/7.3.1/../../../../arm-none-eabi/lib/thumb/v7e-m/fpv4-sp/hard\libc_nano.a(lib_a-nano-vfprintf_float.o)
                              (_printf_float)
c:/st/stm32cubeide_1.3.0/stm32cubeide/plugins/com.st.stm32cube.ide.mcu.externaltools.gnu-tools-for-stm32.7-2018-q2-update.win32_1.0.0.201904181610/tools/bin/../lib/gcc/arm-none-eabi/7.3.1/../../../../arm-none-eabi/lib/thumb/v7e-m/fpv4-sp/hard\libc_nano.a(lib_a-nano-vfprintf_i.o)
[...]
Memory Configuration

Name             Origin             Length             Attributes
CCMRAM           0x0000000010000000 0x0000000000010000 xrw
RAM              0x0000000020000000 0x0000000000020000 xrw
FLASH            0x0000000008000000 0x0000000000100000 xr
*default*        0x0000000000000000 0xffffffffffffffff

Linker script and memory map

LOAD c:/st/stm32cubeide_1.3.0/stm32cubeide/plugins/com.st.stm32cube.ide.mcu.externaltools.gnu-tools-for-stm32.7-2018-q2-update.win32_1.0.0.201904181610/tools/bin/../lib/gcc/arm-none-eabi/7.3.1/thumb/v7e-m/fpv4-sp/hard/crti.o
LOAD c:/st/stm32cubeide_1.3.0/stm32cubeide/plugins/com.st.stm32cube.ide.mcu.externaltools.gnu-tools-for-stm32.7-2018-q2-update.win32_1.0.0.201904181610/tools/bin/../lib/gcc/arm-none-eabi/7.3.1/thumb/v7e-m/fpv4-sp/hard/crtbegin.o
LOAD c:/st/stm32cubeide_1.3.0/stm32cubeide/plugins/com.st.stm32cube.ide.mcu.externaltools.gnu-tools-for-stm32.7-2018-q2-update.win32_1.0.0.201904181610/tools/bin/../lib/gcc/arm-none-eabi/7.3.1/../../../../arm-none-eabi/lib/thumb/v7e-m/fpv4-sp/hard/crt0.o
LOAD Core/Src/SP_LCD.o
LOAD Core/Src/SP_RGB.o
LOAD Core/Src/SP_SD.o
LOAD Core/Src/SP_THS.o
LOAD Core/Src/diskio.o
LOAD Core/Src/ff.o
LOAD Core/Src/ffsystem.o
LOAD Core/Src/ffunicode.o
LOAD Core/Src/main.o
LOAD Core/Src/stm32f4xx_hal_msp.o
LOAD Core/Src/stm32f4xx_it.o
LOAD Core/Src/syscalls.o
LOAD Core/Src/sysmem.o
LOAD Core/Src/system_stm32f4xx.o
LOAD Core/Startup/startup_stm32f407vgtx.o
LOAD Drivers/STM32F4xx_HAL_Driver/stm32f4xx_hal.o
LOAD Drivers/STM32F4xx_HAL_Driver/stm32f4xx_hal_cortex.o
LOAD Drivers/STM32F4xx_HAL_Driver/stm32f4xx_hal_dma.o
LOAD Drivers/STM32F4xx_HAL_Driver/stm32f4xx_hal_dma_ex.o
LOAD Drivers/STM32F4xx_HAL_Driver/stm32f4xx_hal_exti.o
LOAD Drivers/STM32F4xx_HAL_Driver/stm32f4xx_hal_flash.o
LOAD Drivers/STM32F4xx_HAL_Driver/stm32f4xx_hal_flash_ex.o
LOAD Drivers/STM32F4xx_HAL_Driver/stm32f4xx_hal_flash_ramfunc.o
LOAD Drivers/STM32F4xx_HAL_Driver/stm32f4xx_hal_gpio.o
LOAD Drivers/STM32F4xx_HAL_Driver/stm32f4xx_hal_pwr.o
LOAD Drivers/STM32F4xx_HAL_Driver/stm32f4xx_hal_pwr_ex.o
LOAD Drivers/STM32F4xx_HAL_Driver/stm32f4xx_hal_rcc.o
LOAD Drivers/STM32F4xx_HAL_Driver/stm32f4xx_hal_rcc_ex.o
LOAD Drivers/STM32F4xx_HAL_Driver/stm32f4xx_hal_rtc.o
LOAD Drivers/STM32F4xx_HAL_Driver/stm32f4xx_hal_rtc_ex.o
LOAD Drivers/STM32F4xx_HAL_Driver/stm32f4xx_hal_spi.o
LOAD Drivers/STM32F4xx_HAL_Driver/stm32f4xx_hal_tim.o
LOAD Drivers/STM32F4xx_HAL_Driver/stm32f4xx_hal_tim_ex.o
LOAD Drivers/STM32F4xx_HAL_Driver/stm32f4xx_hal_uart.o
START GROUP
LOAD c:/st/stm32cubeide_1.3.0/stm32cubeide/plugins/com.st.stm32cube.ide.mcu.externaltools.gnu-tools-for-stm32.7-2018-q2-update.win32_1.0.0.201904181610/tools/bin/../lib/gcc/arm-none-eabi/7.3.1/../../../../arm-none-eabi/lib/thumb/v7e-m/fpv4-sp/hard\libc_nano.a
LOAD c:/st/stm32cubeide_1.3.0/stm32cubeide/plugins/com.st.stm32cube.ide.mcu.externaltools.gnu-tools-for-stm32.7-2018-q2-update.win32_1.0.0.201904181610/tools/bin/../lib/gcc/arm-none-eabi/7.3.1/../../../../arm-none-eabi/lib/thumb/v7e-m/fpv4-sp/hard\libm.a
END GROUP
START GROUP
LOAD c:/st/stm32cubeide_1.3.0/stm32cubeide/plugins/com.st.stm32cube.ide.mcu.externaltools.gnu-tools-for-stm32.7-2018-q2-update.win32_1.0.0.201904181610/tools/bin/../lib/gcc/arm-none-eabi/7.3.1/thumb/v7e-m/fpv4-sp/hard\libgcc.a
LOAD c:/st/stm32cubeide_1.3.0/stm32cubeide/plugins/com.st.stm32cube.ide.mcu.externaltools.gnu-tools-for-stm32.7-2018-q2-update.win32_1.0.0.201904181610/tools/bin/../lib/gcc/arm-none-eabi/7.3.1/../../../../arm-none-eabi/lib/thumb/v7e-m/fpv4-sp/hard\libc_nano.a
END GROUP
START GROUP
LOAD c:/st/stm32cubeide_1.3.0/stm32cubeide/plugins/com.st.stm32cube.ide.mcu.externaltools.gnu-tools-for-stm32.7-2018-q2-update.win32_1.0.0.201904181610/tools/bin/../lib/gcc/arm-none-eabi/7.3.1/thumb/v7e-m/fpv4-sp/hard\libgcc.a
LOAD c:/st/stm32cubeide_1.3.0/stm32cubeide/plugins/com.st.stm32cube.ide.mcu.externaltools.gnu-tools-for-stm32.7-2018-q2-update.win32_1.0.0.201904181610/tools/bin/../lib/gcc/arm-none-eabi/7.3.1/../../../../arm-none-eabi/lib/thumb/v7e-m/fpv4-sp/hard\libc_nano.a
LOAD c:/st/stm32cubeide_1.3.0/stm32cubeide/plugins/com.st.stm32cube.ide.mcu.externaltools.gnu-tools-for-stm32.7-2018-q2-update.win32_1.0.0.201904181610/tools/bin/../lib/gcc/arm-none-eabi/7.3.1/../../../../arm-none-eabi/lib/thumb/v7e-m/fpv4-sp/hard\libnosys.a
END GROUP
START GROUP
LOAD c:/st/stm32cubeide_1.3.0/stm32cubeide/plugins/com.st.stm32cube.ide.mcu.externaltools.gnu-tools-for-stm32.7-2018-q2-update.win32_1.0.0.201904181610/tools/bin/../lib/gcc/arm-none-eabi/7.3.1/thumb/v7e-m/fpv4-sp/hard\libgcc.a
LOAD c:/st/stm32cubeide_1.3.0/stm32cubeide/plugins/com.st.stm32cube.ide.mcu.externaltools.gnu-tools-for-stm32.7-2018-q2-update.win32_1.0.0.201904181610/tools/bin/../lib/gcc/arm-none-eabi/7.3.1/../../../../arm-none-eabi/lib/thumb/v7e-m/fpv4-sp/hard\libc_nano.a
LOAD c:/st/stm32cubeide_1.3.0/stm32cubeide/plugins/com.st.stm32cube.ide.mcu.externaltools.gnu-tools-for-stm32.7-2018-q2-update.win32_1.0.0.201904181610/tools/bin/../lib/gcc/arm-none-eabi/7.3.1/../../../../arm-none-eabi/lib/thumb/v7e-m/fpv4-sp/hard\libnosys.a
END GROUP
LOAD c:/st/stm32cubeide_1.3.0/stm32cubeide/plugins/com.st.stm32cube.ide.mcu.externaltools.gnu-tools-for-stm32.7-2018-q2-update.win32_1.0.0.201904181610/tools/bin/../lib/gcc/arm-none-eabi/7.3.1/thumb/v7e-m/fpv4-sp/hard/crtend.o
LOAD c:/st/stm32cubeide_1.3.0/stm32cubeide/plugins/com.st.stm32cube.ide.mcu.externaltools.gnu-tools-for-stm32.7-2018-q2-update.win32_1.0.0.201904181610/tools/bin/../lib/gcc/arm-none-eabi/7.3.1/thumb/v7e-m/fpv4-sp/hard/crtn.o
                0x0000000020020000                _estack = (ORIGIN (RAM) + LENGTH (RAM))
                0x0000000000000200                _Min_Heap_Size = 0x200
                0x0000000000000400                _Min_Stack_Size = 0x400

.isr_vector     0x0000000008000000      0x188
                0x0000000008000000                . = ALIGN (0x4)
 *(.isr_vector)
 .isr_vector    0x0000000008000000      0x188 Core/Startup/startup_stm32f407vgtx.o
                0x0000000008000000                g_pfnVectors
                0x0000000008000188                . = ALIGN (0x4)

.text           0x0000000008000188     0x8e30
                0x0000000008000188                . = ALIGN (0x4)
 *(.text)
 .text          0x0000000008000188       0x40 c:/st/stm32cubeide_1.3.0/stm32cubeide/plugins/com.st.stm32cube.ide.mcu.externaltools.gnu-tools-for-stm32.7-2018-q2-update.win32_1.0.0.201904181610/tools/bin/../lib/gcc/arm-none-eabi/7.3.1/thumb/v7e-m/fpv4-sp/hard/crtbegin.o
 .text          0x00000000080001c8       0x10 c:/st/stm32cubeide_1.3.0/stm32cubeide/plugins/com.st.stm32cube.ide.mcu.externaltools.gnu-tools-for-stm32.7-2018-q2-update.win32_1.0.0.201904181610/tools/bin/../lib/gcc/arm-none-eabi/7.3.1/../../../../arm-none-eabi/lib/thumb/v7e-m/fpv4-sp/hard\libc_nano.a(lib_a-strlen.o)
                0x00000000080001c8                strlen
 .text          0x00000000080001d8      0x378 c:/st/stm32cubeide_1.3.0/stm32cubeide/plugins/com.st.stm32cube.ide.mcu.externaltools.gnu-tools-for-stm32.7-2018-q2-update.win32_1.0.0.201904181610/tools/bin/../lib/gcc/arm-none-eabi/7.3.1/thumb/v7e-m/fpv4-sp/hard\libgcc.a(_arm_addsubdf3.o)
                0x00000000080001d8                __aeabi_drsub
                0x00000000080001e0                __aeabi_dsub
                0x00000000080001e0                __subdf3
                0x00000000080001e4                __aeabi_dadd
                0x00000000080001e4                __adddf3
                0x000000000800045c                __floatunsidf
                0x000000000800045c                __aeabi_ui2d
                0x000000000800047c                __floatsidf
                0x000000000800047c                __aeabi_i2d
                0x00000000080004a0                __aeabi_f2d
                0x00000000080004a0                __extendsfdf2
                0x00000000080004e4                __floatundidf
                0x00000000080004e4                __aeabi_ul2d
                0x00000000080004f4                __floatdidf
                0x00000000080004f4                __aeabi_l2d
 .text          0x0000000008000550      0x424 c:/st/stm32cubeide_1.3.0/stm32cubeide/plugins/com.st.stm32cube.ide.mcu.externaltools.gnu-tools-for-stm32.7-2018-q2-update.win32_1.0.0.201904181610/tools/bin/../lib/gcc/arm-none-eabi/7.3.1/thumb/v7e-m/fpv4-sp/hard\libgcc.a(_arm_muldivdf3.o)
                0x0000000008000550                __aeabi_dmul
                0x0000000008000550                __muldf3
                0x00000000080007a4                __divdf3
                0x00000000080007a4                __aeabi_ddiv
 .text          0x0000000008000974      0x110 c:/st/stm32cubeide_1.3.0/stm32cubeide/plugins/com.st.stm32cube.ide.mcu.externaltools.gnu-tools-for-stm32.7-2018-q2-update.win32_1.0.0.201904181610/tools/bin/../lib/gcc/arm-none-eabi/7.3.1/thumb/v7e-m/fpv4-sp/hard\libgcc.a(_arm_cmpdf2.o)
                0x0000000008000974                __gtdf2
                0x0000000008000974                __gedf2
                0x000000000800097c                __ltdf2
                0x000000000800097c                __ledf2
                0x0000000008000984                __nedf2
                0x0000000008000984                __eqdf2
                0x0000000008000984                __cmpdf2
                0x0000000008000a00                __aeabi_cdrcmple
                0x0000000008000a10                __aeabi_cdcmpeq
                0x0000000008000a10                __aeabi_cdcmple
                0x0000000008000a20                __aeabi_dcmpeq
                0x0000000008000a34                __aeabi_dcmplt
                0x0000000008000a48                __aeabi_dcmple
                0x0000000008000a5c                __aeabi_dcmpge
                0x0000000008000a70                __aeabi_dcmpgt
 .text          0x0000000008000a84       0x2c c:/st/stm32cubeide_1.3.0/stm32cubeide/plugins/com.st.stm32cube.ide.mcu.externaltools.gnu-tools-for-stm32.7-2018-q2-update.win32_1.0.0.201904181610/tools/bin/../lib/gcc/arm-none-eabi/7.3.1/thumb/v7e-m/fpv4-sp/hard\libgcc.a(_arm_unorddf2.o)
                0x0000000008000a84                __unorddf2
                0x0000000008000a84                __aeabi_dcmpun
 .text          0x0000000008000ab0       0x50 c:/st/stm32cubeide_1.3.0/stm32cubeide/plugins/com.st.stm32cube.ide.mcu.externaltools.gnu-tools-for-stm32.7-2018-q2-update.win32_1.0.0.201904181610/tools/bin/../lib/gcc/arm-none-eabi/7.3.1/thumb/v7e-m/fpv4-sp/hard\libgcc.a(_arm_fixdfsi.o)
                0x0000000008000ab0                __aeabi_d2iz
                0x0000000008000ab0                __fixdfsi
 .text          0x0000000008000b00       0x30 c:/st/stm32cubeide_1.3.0/stm32cubeide/plugins/com.st.stm32cube.ide.mcu.externaltools.gnu-tools-for-stm32.7-2018-q2-update.win32_1.0.0.201904181610/tools/bin/../lib/gcc/arm-none-eabi/7.3.1/thumb/v7e-m/fpv4-sp/hard\libgcc.a(_aeabi_uldivmod.o)
                0x0000000008000b00                __aeabi_uldivmod
 .text          0x0000000008000b30      0x2cc c:/st/stm32cubeide_1.3.0/stm32cubeide/plugins/com.st.stm32cube.ide.mcu.externaltools.gnu-tools-for-stm32.7-2018-q2-update.win32_1.0.0.201904181610/tools/bin/../lib/gcc/arm-none-eabi/7.3.1/thumb/v7e-m/fpv4-sp/hard\libgcc.a(_udivmoddi4.o)
                0x0000000008000b30                __udivmoddi4
 .text          0x0000000008000dfc        0x4 c:/st/stm32cubeide_1.3.0/stm32cubeide/plugins/com.st.stm32cube.ide.mcu.externaltools.gnu-tools-for-stm32.7-2018-q2-update.win32_1.0.0.201904181610/tools/bin/../lib/gcc/arm-none-eabi/7.3.1/thumb/v7e-m/fpv4-sp/hard\libgcc.a(_dvmd_tls.o)
                0x0000000008000dfc                __aeabi_idiv0
                0x0000000008000dfc                __aeabi_ldiv0
 *(.text*)
 .text.LCD_Init
                0x0000000008000e00      0x1b8 Core/Src/SP_LCD.o
                0x0000000008000e00                LCD_Init
 .text.LCD_ToggleBackgroundLED
                0x0000000008000fb8       0x18 Core/Src/SP_LCD.o
                0x0000000008000fb8                LCD_ToggleBackgroundLED
 .text._LCD_SetRowOffsets
                0x0000000008000fd0       0x40 Core/Src/SP_LCD.o
                0x0000000008000fd0                _LCD_SetRowOffsets
 .text.LCD_ClearScreen
                0x0000000008001010       0x18 Core/Src/SP_LCD.o
                0x0000000008001010                LCD_ClearScreen
 .text.LCD_ResetCursor
                0x0000000008001028       0x1c Core/Src/SP_LCD.o
                0x0000000008001028                LCD_ResetCursor
 .text.LCD_SetCursor
                0x0000000008001044       0x58 Core/Src/SP_LCD.o
                0x0000000008001044                LCD_SetCursor
 .text.LCD_DisplayOn
                0x000000000800109c       0x2c Core/Src/SP_LCD.o
                0x000000000800109c                LCD_DisplayOn
 .text.LCD_Print
                0x00000000080010c8       0x48 Core/Src/SP_LCD.o
                0x00000000080010c8                LCD_Print
 .text.LCD_PrintCentered
                0x0000000008001110       0x54 Core/Src/SP_LCD.o
                0x0000000008001110                LCD_PrintCentered
 .text.LCD_NextLine
                0x0000000008001164       0x50 Core/Src/SP_LCD.o
                0x0000000008001164                LCD_NextLine
 .text.LCD_DefineCustomChar
                0x00000000080011b4       0x52 Core/Src/SP_LCD.o
                0x00000000080011b4                LCD_DefineCustomChar
 .text._LCD_SendCommand
                0x0000000008001206       0x1c Core/Src/SP_LCD.o
                0x0000000008001206                _LCD_SendCommand
 *fill*         0x0000000008001222        0x2 
 .text._LCD_SendData
                0x0000000008001224       0x74 Core/Src/SP_LCD.o
                0x0000000008001224                _LCD_SendData
 .text._LCD_SendByteWithState
                0x0000000008001298       0x5c Core/Src/SP_LCD.o
                0x0000000008001298                _LCD_SendByteWithState
 .text._LCD_EnableSignal
                0x00000000080012f4       0x4c Core/Src/SP_LCD.o
                0x00000000080012f4                _LCD_EnableSignal
 .text._LCD_WriteData
                0x0000000008001340       0x50 Core/Src/SP_LCD.o
                0x0000000008001340                _LCD_WriteData
 .text.RGB_Init
                0x0000000008001390       0x40 Core/Src/SP_RGB.o
                0x0000000008001390                RGB_Init
 .text.RGB_SetWhite
                0x00000000080013d0       0x3c Core/Src/SP_RGB.o
                0x00000000080013d0                RGB_SetWhite
 .text.RGB_SetRed
                0x000000000800140c       0x38 Core/Src/SP_RGB.o
                0x000000000800140c                RGB_SetRed
 .text.RGB_SetGreen
                0x0000000008001444       0x38 Core/Src/SP_RGB.o
                0x0000000008001444                RGB_SetGreen
 .text.RGB_SetBlue
                0x000000000800147c       0x38 Core/Src/SP_RGB.o
                0x000000000800147c                RGB_SetBlue
 .text.RGB_SetBlack
                0x00000000080014b4       0x34 Core/Src/SP_RGB.o
                0x00000000080014b4                RGB_SetBlack
 .text._RGB_UpdateRegisters
                0x00000000080014e8       0x90 Core/Src/SP_RGB.o
                0x00000000080014e8                _RGB_UpdateRegisters
 .text.RGB_Rainbow
                0x0000000008001578      0x120 Core/Src/SP_RGB.o
                0x0000000008001578                RGB_Rainbow
 .text.RGB_BlinkRed
                0x0000000008001698       0x70 Core/Src/SP_RGB.o
                0x0000000008001698                RGB_BlinkRed
 .text.RGB_BlinkGreen
                0x0000000008001708       0x70 Core/Src/SP_RGB.o
                0x0000000008001708                RGB_BlinkGreen
 .text.RGB_BlinkBlue
                0x0000000008001778       0x70 Core/Src/SP_RGB.o
                0x0000000008001778                RGB_BlinkBlue
 .text.RGB_BlinkWhite
                0x00000000080017e8       0x98 Core/Src/SP_RGB.o
                0x00000000080017e8                RGB_BlinkWhite
 .text._RGB_Test
                0x0000000008001880       0x84 Core/Src/SP_RGB.o
                0x0000000008001880                _RGB_Test
 .text.SD_Init  0x0000000008001904       0x20 Core/Src/SP_SD.o
                0x0000000008001904                SD_Init
 .text.SD_RefreshDateTime
                0x0000000008001924       0xf8 Core/Src/SP_SD.o
                0x0000000008001924                SD_RefreshDateTime
 .text.THS_Init
                0x0000000008001a1c       0x38 Core/Src/SP_THS.o
                0x0000000008001a1c                THS_Init
 .text.THS_ErrorClock
                0x0000000008001a54       0x38 Core/Src/SP_THS.o
                0x0000000008001a54                THS_ErrorClock
 .text.SELECT   0x0000000008001a8c        0xe Core/Src/diskio.o
 .text.DESELECT
                0x0000000008001a9a        0xe Core/Src/diskio.o
 .text.xmit_spi
                0x0000000008001aa8       0x34 Core/Src/diskio.o
 .text.rcvr_spi
                0x0000000008001adc       0x3c Core/Src/diskio.o
 .text.rcvr_spi_m
                0x0000000008001b18       0x1c Core/Src/diskio.o
 .text.wait_ready
                0x0000000008001b34       0x38 Core/Src/diskio.o
 .text.power_on
                0x0000000008001b6c       0x9c Core/Src/diskio.o
 .text.power_off
                0x0000000008001c08       0x18 Core/Src/diskio.o
 .text.rcvr_datablock
                0x0000000008001c20       0x6c Core/Src/diskio.o
 .text.xmit_datablock
                0x0000000008001c8c       0xa8 Core/Src/diskio.o
 .text.send_cmd
                0x0000000008001d34       0xa4 Core/Src/diskio.o
 .text.disk_initialize
                0x0000000008001dd8      0x1d4 Core/Src/diskio.o
                0x0000000008001dd8                disk_initialize
 .text.disk_status
                0x0000000008001fac       0x2c Core/Src/diskio.o
                0x0000000008001fac                disk_status
 .text.disk_read
                0x0000000008001fd8       0xd4 Core/Src/diskio.o
                0x0000000008001fd8                disk_read
 .text.disk_write
                0x00000000080020ac      0x108 Core/Src/diskio.o
                0x00000000080020ac                disk_write
 .text.disk_timerproc
                0x00000000080021b4       0x4c Core/Src/diskio.o
                0x00000000080021b4                disk_timerproc
 .text.sdcard_systick_timerproc
                0x0000000008002200       0x30 Core/Src/diskio.o
                0x0000000008002200                sdcard_systick_timerproc
 .text.ld_word  0x0000000008002230       0x30 Core/Src/ff.o
 .text.ld_dword
                0x0000000008002260       0x46 Core/Src/ff.o
 .text.mem_cmp  0x00000000080022a6       0x4e Core/Src/ff.o
 .text.sync_window
                0x00000000080022f4       0x78 Core/Src/ff.o
 .text.move_window
                0x000000000800236c       0x5a Core/Src/ff.o
 .text.get_ldnumber
                0x00000000080023c6       0x8a Core/Src/ff.o
 .text.check_fs
                0x0000000008002450       0xac Core/Src/ff.o
 .text.find_volume
                0x00000000080024fc      0x4b0 Core/Src/ff.o
 .text.f_mount  0x00000000080029ac       0x80 Core/Src/ff.o
                0x00000000080029ac                f_mount
 .text.main     0x0000000008002a2c       0xc4 Core/Src/main.o
                0x0000000008002a2c                main
 .text.SystemClock_Config
                0x0000000008002af0      0x100 Core/Src/main.o
                0x0000000008002af0                SystemClock_Config
 .text.MX_RTC_Init
                0x0000000008002bf0       0xb4 Core/Src/main.o
 .text.MX_SPI1_Init
                0x0000000008002ca4       0x6c Core/Src/main.o
 .text.MX_TIM2_Init
                0x0000000008002d10      0x118 Core/Src/main.o
 .text.MX_TIM3_Init
                0x0000000008002e28       0x9c Core/Src/main.o
 .text.MX_TIM4_Init
                0x0000000008002ec4       0x9c Core/Src/main.o
 .text.MX_USART3_UART_Init
                0x0000000008002f60       0x54 Core/Src/main.o
 .text.MX_GPIO_Init
                0x0000000008002fb4      0x19c Core/Src/main.o
 .text.HAL_TIM_PeriodElapsedCallback
                0x0000000008003150       0x2c Core/Src/main.o
                0x0000000008003150                HAL_TIM_PeriodElapsedCallback
 .text.HAL_GPIO_EXTI_Callback
                0x000000000800317c       0x5c Core/Src/main.o
                0x000000000800317c                HAL_GPIO_EXTI_Callback
 .text.HAL_UART_RxCpltCallback
                0x00000000080031d8       0x30 Core/Src/main.o
                0x00000000080031d8                HAL_UART_RxCpltCallback
 .text.Error_Handler
                0x0000000008003208        0xe Core/Src/main.o
                0x0000000008003208                Error_Handler
 *fill*         0x0000000008003216        0x2 
 .text.HAL_MspInit
                0x0000000008003218       0x50 Core/Src/stm32f4xx_hal_msp.o
                0x0000000008003218                HAL_MspInit
 .text.HAL_RTC_MspInit
                0x0000000008003268       0x2c Core/Src/stm32f4xx_hal_msp.o
                0x0000000008003268                HAL_RTC_MspInit
 .text.HAL_SPI_MspInit
                0x0000000008003294       0x90 Core/Src/stm32f4xx_hal_msp.o
                0x0000000008003294                HAL_SPI_MspInit
 .text.HAL_TIM_Base_MspInit
                0x0000000008003324       0xb4 Core/Src/stm32f4xx_hal_msp.o
                0x0000000008003324                HAL_TIM_Base_MspInit
 .text.HAL_TIM_MspPostInit
                0x00000000080033d8       0x70 Core/Src/stm32f4xx_hal_msp.o
                0x00000000080033d8                HAL_TIM_MspPostInit
 .text.HAL_UART_MspInit
                0x0000000008003448       0xa0 Core/Src/stm32f4xx_hal_msp.o
                0x0000000008003448                HAL_UART_MspInit
 .text.NMI_Handler
                0x00000000080034e8        0xe Core/Src/stm32f4xx_it.o
                0x00000000080034e8                NMI_Handler
 .text.HardFault_Handler
                0x00000000080034f6        0x6 Core/Src/stm32f4xx_it.o
                0x00000000080034f6                HardFault_Handler
 .text.MemManage_Handler
                0x00000000080034fc        0x6 Core/Src/stm32f4xx_it.o
                0x00000000080034fc                MemManage_Handler
 .text.BusFault_Handler
                0x0000000008003502        0x6 Core/Src/stm32f4xx_it.o
                0x0000000008003502                BusFault_Handler
 .text.UsageFault_Handler
                0x0000000008003508        0x6 Core/Src/stm32f4xx_it.o
                0x0000000008003508                UsageFault_Handler
 .text.SVC_Handler
                0x000000000800350e        0xe Core/Src/stm32f4xx_it.o
                0x000000000800350e                SVC_Handler
 .text.DebugMon_Handler
                0x000000000800351c        0xe Core/Src/stm32f4xx_it.o
                0x000000000800351c                DebugMon_Handler
 .text.PendSV_Handler
                0x000000000800352a        0xe Core/Src/stm32f4xx_it.o
                0x000000000800352a                PendSV_Handler
 .text.SysTick_Handler
                0x0000000008003538       0x10 Core/Src/stm32f4xx_it.o
                0x0000000008003538                SysTick_Handler
 .text.EXTI0_IRQHandler
                0x0000000008003548        0xe Core/Src/stm32f4xx_it.o
                0x0000000008003548                EXTI0_IRQHandler
 *fill*         0x0000000008003556        0x2 
 .text.TIM2_IRQHandler
                0x0000000008003558       0x14 Core/Src/stm32f4xx_it.o
                0x0000000008003558                TIM2_IRQHandler
 .text.TIM3_IRQHandler
                0x000000000800356c       0x14 Core/Src/stm32f4xx_it.o
                0x000000000800356c                TIM3_IRQHandler
 .text.USART3_IRQHandler
                0x0000000008003580       0x14 Core/Src/stm32f4xx_it.o
                0x0000000008003580                USART3_IRQHandler
 .text._sbrk    0x0000000008003594       0x58 Core/Src/sysmem.o
                0x0000000008003594                _sbrk
 .text.SystemInit
                0x00000000080035ec       0x2c Core/Src/system_stm32f4xx.o
                0x00000000080035ec                SystemInit
 .text.Reset_Handler
                0x0000000008003618       0x50 Core/Startup/startup_stm32f407vgtx.o
                0x0000000008003618                Reset_Handler
 .text.Default_Handler
                0x0000000008003668        0x2 Core/Startup/startup_stm32f407vgtx.o
                0x0000000008003668                RTC_Alarm_IRQHandler
                0x0000000008003668                HASH_RNG_IRQHandler
                0x0000000008003668                EXTI2_IRQHandler
                0x0000000008003668                TIM8_CC_IRQHandler
                0x0000000008003668                TIM1_CC_IRQHandler
                0x0000000008003668                DMA2_Stream5_IRQHandler
                0x0000000008003668                DMA1_Stream5_IRQHandler
                0x0000000008003668                PVD_IRQHandler
                0x0000000008003668                SDIO_IRQHandler
                0x0000000008003668                TAMP_STAMP_IRQHandler
                0x0000000008003668                CAN2_RX1_IRQHandler
                0x0000000008003668                EXTI3_IRQHandler
                0x0000000008003668                TIM8_TRG_COM_TIM14_IRQHandler
                0x0000000008003668                TIM1_UP_TIM10_IRQHandler
                0x0000000008003668                TIM8_UP_TIM13_IRQHandler
                0x0000000008003668                I2C3_ER_IRQHandler
                0x0000000008003668                I2C2_EV_IRQHandler
                0x0000000008003668                DMA1_Stream2_IRQHandler
                0x0000000008003668                CAN1_RX0_IRQHandler
                0x0000000008003668                FPU_IRQHandler
                0x0000000008003668                OTG_HS_WKUP_IRQHandler
                0x0000000008003668                CAN2_SCE_IRQHandler
                0x0000000008003668                DMA2_Stream2_IRQHandler
                0x0000000008003668                SPI1_IRQHandler
                0x0000000008003668                TIM6_DAC_IRQHandler
                0x0000000008003668                TIM1_BRK_TIM9_IRQHandler
                0x0000000008003668                DCMI_IRQHandler
                0x0000000008003668                CAN2_RX0_IRQHandler
                0x0000000008003668                DMA2_Stream3_IRQHandler
                0x0000000008003668                USART6_IRQHandler
                0x0000000008003668                CAN1_RX1_IRQHandler
                0x0000000008003668                UART5_IRQHandler
                0x0000000008003668                DMA2_Stream0_IRQHandler
                0x0000000008003668                TIM4_IRQHandler
                0x0000000008003668                I2C1_EV_IRQHandler
                0x0000000008003668                DMA1_Stream6_IRQHandler
                0x0000000008003668                DMA1_Stream1_IRQHandler
                0x0000000008003668                UART4_IRQHandler
                0x0000000008003668                RCC_IRQHandler
                0x0000000008003668                TIM8_BRK_TIM12_IRQHandler
                0x0000000008003668                Default_Handler
                0x0000000008003668                EXTI15_10_IRQHandler
                0x0000000008003668                ADC_IRQHandler
                0x0000000008003668                DMA1_Stream7_IRQHandler
                0x0000000008003668                TIM7_IRQHandler
                0x0000000008003668                CAN2_TX_IRQHandler
                0x0000000008003668                TIM5_IRQHandler
                0x0000000008003668                DMA2_Stream7_IRQHandler
                0x0000000008003668                I2C3_EV_IRQHandler
                0x0000000008003668                EXTI9_5_IRQHandler
                0x0000000008003668                RTC_WKUP_IRQHandler
                0x0000000008003668                ETH_WKUP_IRQHandler
                0x0000000008003668                SPI2_IRQHandler
                0x0000000008003668                OTG_HS_EP1_IN_IRQHandler
                0x0000000008003668                DMA1_Stream0_IRQHandler
                0x0000000008003668                CAN1_TX_IRQHandler
                0x0000000008003668                EXTI4_IRQHandler
                0x0000000008003668                FSMC_IRQHandler
                0x0000000008003668                ETH_IRQHandler
                0x0000000008003668                OTG_HS_EP1_OUT_IRQHandler
                0x0000000008003668                WWDG_IRQHandler
                0x0000000008003668                OTG_FS_WKUP_IRQHandler
                0x0000000008003668                TIM1_TRG_COM_TIM11_IRQHandler
                0x0000000008003668                OTG_HS_IRQHandler
                0x0000000008003668                EXTI1_IRQHandler
                0x0000000008003668                USART2_IRQHandler
                0x0000000008003668                I2C2_ER_IRQHandler
                0x0000000008003668                DMA2_Stream1_IRQHandler
                0x0000000008003668                CAN1_SCE_IRQHandler
                0x0000000008003668                FLASH_IRQHandler
                0x0000000008003668                DMA2_Stream4_IRQHandler
                0x0000000008003668                USART1_IRQHandler
                0x0000000008003668                OTG_FS_IRQHandler
                0x0000000008003668                SPI3_IRQHandler
                0x0000000008003668                DMA1_Stream4_IRQHandler
                0x0000000008003668                I2C1_ER_IRQHandler
                0x0000000008003668                DMA2_Stream6_IRQHandler
                0x0000000008003668                DMA1_Stream3_IRQHandler
 *fill*         0x000000000800366a        0x2 
 .text.HAL_Init
                0x000000000800366c       0x44 Drivers/STM32F4xx_HAL_Driver/stm32f4xx_hal.o
                0x000000000800366c                HAL_Init
 .text.HAL_InitTick
                0x00000000080036b0       0x60 Drivers/STM32F4xx_HAL_Driver/stm32f4xx_hal.o
                0x00000000080036b0                HAL_InitTick
 .text.HAL_IncTick
                0x0000000008003710       0x28 Drivers/STM32F4xx_HAL_Driver/stm32f4xx_hal.o
                0x0000000008003710                HAL_IncTick
 .text.HAL_GetTick
                0x0000000008003738       0x18 Drivers/STM32F4xx_HAL_Driver/stm32f4xx_hal.o
                0x0000000008003738                HAL_GetTick
 .text.HAL_Delay
                0x0000000008003750       0x44 Drivers/STM32F4xx_HAL_Driver/stm32f4xx_hal.o
                0x0000000008003750                HAL_Delay
 .text.__NVIC_SetPriorityGrouping
                0x0000000008003794       0x48 Drivers/STM32F4xx_HAL_Driver/stm32f4xx_hal_cortex.o
 .text.__NVIC_GetPriorityGrouping
                0x00000000080037dc       0x1c Drivers/STM32F4xx_HAL_Driver/stm32f4xx_hal_cortex.o
 .text.__NVIC_EnableIRQ
                0x00000000080037f8       0x3c Drivers/STM32F4xx_HAL_Driver/stm32f4xx_hal_cortex.o
 .text.__NVIC_SetPriority
                0x0000000008003834       0x54 Drivers/STM32F4xx_HAL_Driver/stm32f4xx_hal_cortex.o
 .text.NVIC_EncodePriority
                0x0000000008003888       0x66 Drivers/STM32F4xx_HAL_Driver/stm32f4xx_hal_cortex.o
 *fill*         0x00000000080038ee        0x2 
 .text.SysTick_Config
                0x00000000080038f0       0x44 Drivers/STM32F4xx_HAL_Driver/stm32f4xx_hal_cortex.o
 .text.HAL_NVIC_SetPriorityGrouping
                0x0000000008003934       0x16 Drivers/STM32F4xx_HAL_Driver/stm32f4xx_hal_cortex.o
                0x0000000008003934                HAL_NVIC_SetPriorityGrouping
 .text.HAL_NVIC_SetPriority
                0x000000000800394a       0x38 Drivers/STM32F4xx_HAL_Driver/stm32f4xx_hal_cortex.o
                0x000000000800394a                HAL_NVIC_SetPriority
 .text.HAL_NVIC_EnableIRQ
                0x0000000008003982       0x1c Drivers/STM32F4xx_HAL_Driver/stm32f4xx_hal_cortex.o
                0x0000000008003982                HAL_NVIC_EnableIRQ
 .text.HAL_SYSTICK_Config
                0x000000000800399e       0x18 Drivers/STM32F4xx_HAL_Driver/stm32f4xx_hal_cortex.o
                0x000000000800399e                HAL_SYSTICK_Config
 .text.HAL_DMA_Abort_IT
                0x00000000080039b6       0x44 Drivers/STM32F4xx_HAL_Driver/stm32f4xx_hal_dma.o
                0x00000000080039b6                HAL_DMA_Abort_IT
 *fill*         0x00000000080039fa        0x2 
 .text.HAL_GPIO_Init
                0x00000000080039fc      0x334 Drivers/STM32F4xx_HAL_Driver/stm32f4xx_hal_gpio.o
                0x00000000080039fc                HAL_GPIO_Init
 .text.HAL_GPIO_ReadPin
                0x0000000008003d30       0x30 Drivers/STM32F4xx_HAL_Driver/stm32f4xx_hal_gpio.o
                0x0000000008003d30                HAL_GPIO_ReadPin
 .text.HAL_GPIO_WritePin
                0x0000000008003d60       0x32 Drivers/STM32F4xx_HAL_Driver/stm32f4xx_hal_gpio.o
                0x0000000008003d60                HAL_GPIO_WritePin
 .text.HAL_GPIO_TogglePin
                0x0000000008003d92       0x36 Drivers/STM32F4xx_HAL_Driver/stm32f4xx_hal_gpio.o
                0x0000000008003d92                HAL_GPIO_TogglePin
 .text.HAL_GPIO_EXTI_IRQHandler
                0x0000000008003dc8       0x30 Drivers/STM32F4xx_HAL_Driver/stm32f4xx_hal_gpio.o
                0x0000000008003dc8                HAL_GPIO_EXTI_IRQHandler
 .text.HAL_RCC_OscConfig
                0x0000000008003df8      0x4e0 Drivers/STM32F4xx_HAL_Driver/stm32f4xx_hal_rcc.o
                0x0000000008003df8                HAL_RCC_OscConfig
 .text.HAL_RCC_ClockConfig
                0x00000000080042d8      0x1cc Drivers/STM32F4xx_HAL_Driver/stm32f4xx_hal_rcc.o
                0x00000000080042d8                HAL_RCC_ClockConfig
 .text.HAL_RCC_GetSysClockFreq
                0x00000000080044a4      0x1b0 Drivers/STM32F4xx_HAL_Driver/stm32f4xx_hal_rcc.o
                0x00000000080044a4                HAL_RCC_GetSysClockFreq
 .text.HAL_RCC_GetHCLKFreq
                0x0000000008004654       0x18 Drivers/STM32F4xx_HAL_Driver/stm32f4xx_hal_rcc.o
                0x0000000008004654                HAL_RCC_GetHCLKFreq
 .text.HAL_RCC_GetPCLK1Freq
                0x000000000800466c       0x28 Drivers/STM32F4xx_HAL_Driver/stm32f4xx_hal_rcc.o
                0x000000000800466c                HAL_RCC_GetPCLK1Freq
 .text.HAL_RCC_GetPCLK2Freq
                0x0000000008004694       0x28 Drivers/STM32F4xx_HAL_Driver/stm32f4xx_hal_rcc.o
                0x0000000008004694                HAL_RCC_GetPCLK2Freq
 .text.HAL_RCCEx_PeriphCLKConfig
                0x00000000080046bc      0x1c4 Drivers/STM32F4xx_HAL_Driver/stm32f4xx_hal_rcc_ex.o
                0x00000000080046bc                HAL_RCCEx_PeriphCLKConfig
 .text.HAL_RTC_Init
                0x0000000008004880      0x122 Drivers/STM32F4xx_HAL_Driver/stm32f4xx_hal_rtc.o
                0x0000000008004880                HAL_RTC_Init
 .text.HAL_RTC_SetTime
                0x00000000080049a2      0x17a Drivers/STM32F4xx_HAL_Driver/stm32f4xx_hal_rtc.o
                0x00000000080049a2                HAL_RTC_SetTime
 .text.HAL_RTC_GetTime
                0x0000000008004b1c       0xbc Drivers/STM32F4xx_HAL_Driver/stm32f4xx_hal_rtc.o
                0x0000000008004b1c                HAL_RTC_GetTime
 .text.HAL_RTC_SetDate
                0x0000000008004bd8      0x14e Drivers/STM32F4xx_HAL_Driver/stm32f4xx_hal_rtc.o
                0x0000000008004bd8                HAL_RTC_SetDate
 .text.HAL_RTC_GetDate
                0x0000000008004d26       0x9e Drivers/STM32F4xx_HAL_Driver/stm32f4xx_hal_rtc.o
                0x0000000008004d26                HAL_RTC_GetDate
 .text.HAL_RTC_WaitForSynchro
                0x0000000008004dc4       0x50 Drivers/STM32F4xx_HAL_Driver/stm32f4xx_hal_rtc.o
                0x0000000008004dc4                HAL_RTC_WaitForSynchro
 .text.RTC_EnterInitMode
                0x0000000008004e14       0x58 Drivers/STM32F4xx_HAL_Driver/stm32f4xx_hal_rtc.o
                0x0000000008004e14                RTC_EnterInitMode
 .text.RTC_ByteToBcd2
                0x0000000008004e6c       0x3c Drivers/STM32F4xx_HAL_Driver/stm32f4xx_hal_rtc.o
                0x0000000008004e6c                RTC_ByteToBcd2
 .text.RTC_Bcd2ToByte
                0x0000000008004ea8       0x3c Drivers/STM32F4xx_HAL_Driver/stm32f4xx_hal_rtc.o
                0x0000000008004ea8                RTC_Bcd2ToByte
 .text.HAL_SPI_Init
                0x0000000008004ee4       0xc8 Drivers/STM32F4xx_HAL_Driver/stm32f4xx_hal_spi.o
                0x0000000008004ee4                HAL_SPI_Init
 .text.HAL_SPI_Transmit
                0x0000000008004fac      0x268 Drivers/STM32F4xx_HAL_Driver/stm32f4xx_hal_spi.o
                0x0000000008004fac                HAL_SPI_Transmit
 .text.HAL_SPI_TransmitReceive
                0x0000000008005214      0x344 Drivers/STM32F4xx_HAL_Driver/stm32f4xx_hal_spi.o
                0x0000000008005214                HAL_SPI_TransmitReceive
 .text.HAL_SPI_GetState
                0x0000000008005558       0x1c Drivers/STM32F4xx_HAL_Driver/stm32f4xx_hal_spi.o
                0x0000000008005558                HAL_SPI_GetState
 .text.SPI_WaitFlagStateUntilTimeout
                0x0000000008005574       0xd4 Drivers/STM32F4xx_HAL_Driver/stm32f4xx_hal_spi.o
 .text.SPI_EndRxTxTransaction
                0x0000000008005648       0x84 Drivers/STM32F4xx_HAL_Driver/stm32f4xx_hal_spi.o
 .text.HAL_TIM_Base_Init
                0x00000000080056cc       0x56 Drivers/STM32F4xx_HAL_Driver/stm32f4xx_hal_tim.o
                0x00000000080056cc                HAL_TIM_Base_Init
 .text.HAL_TIM_Base_Start
                0x0000000008005722       0x48 Drivers/STM32F4xx_HAL_Driver/stm32f4xx_hal_tim.o
                0x0000000008005722                HAL_TIM_Base_Start
 .text.HAL_TIM_Base_Start_IT
                0x000000000800576a       0x48 Drivers/STM32F4xx_HAL_Driver/stm32f4xx_hal_tim.o
                0x000000000800576a                HAL_TIM_Base_Start_IT
 .text.HAL_TIM_PWM_Init
                0x00000000080057b2       0x56 Drivers/STM32F4xx_HAL_Driver/stm32f4xx_hal_tim.o
                0x00000000080057b2                HAL_TIM_PWM_Init
 .text.HAL_TIM_PWM_MspInit
                0x0000000008005808       0x14 Drivers/STM32F4xx_HAL_Driver/stm32f4xx_hal_tim.o
                0x0000000008005808                HAL_TIM_PWM_MspInit
 .text.HAL_TIM_PWM_Start
                0x000000000800581c       0x7c Drivers/STM32F4xx_HAL_Driver/stm32f4xx_hal_tim.o
                0x000000000800581c                HAL_TIM_PWM_Start
 .text.HAL_TIM_IRQHandler
                0x0000000008005898      0x210 Drivers/STM32F4xx_HAL_Driver/stm32f4xx_hal_tim.o
                0x0000000008005898                HAL_TIM_IRQHandler
 .text.HAL_TIM_PWM_ConfigChannel
                0x0000000008005aa8      0x18c Drivers/STM32F4xx_HAL_Driver/stm32f4xx_hal_tim.o
                0x0000000008005aa8                HAL_TIM_PWM_ConfigChannel
 .text.HAL_TIM_ConfigClockSource
                0x0000000008005c34      0x16e Drivers/STM32F4xx_HAL_Driver/stm32f4xx_hal_tim.o
                0x0000000008005c34                HAL_TIM_ConfigClockSource
 .text.HAL_TIM_OC_DelayElapsedCallback
                0x0000000008005da2       0x14 Drivers/STM32F4xx_HAL_Driver/stm32f4xx_hal_tim.o
                0x0000000008005da2                HAL_TIM_OC_DelayElapsedCallback
 .text.HAL_TIM_IC_CaptureCallback
                0x0000000008005db6       0x14 Drivers/STM32F4xx_HAL_Driver/stm32f4xx_hal_tim.o
                0x0000000008005db6                HAL_TIM_IC_CaptureCallback
 .text.HAL_TIM_PWM_PulseFinishedCallback
                0x0000000008005dca       0x14 Drivers/STM32F4xx_HAL_Driver/stm32f4xx_hal_tim.o
                0x0000000008005dca                HAL_TIM_PWM_PulseFinishedCallback
 .text.HAL_TIM_TriggerCallback
                0x0000000008005dde       0x14 Drivers/STM32F4xx_HAL_Driver/stm32f4xx_hal_tim.o
                0x0000000008005dde                HAL_TIM_TriggerCallback
 *fill*         0x0000000008005df2        0x2 
 .text.TIM_Base_SetConfig
                0x0000000008005df4      0x140 Drivers/STM32F4xx_HAL_Driver/stm32f4xx_hal_tim.o
                0x0000000008005df4                TIM_Base_SetConfig
 .text.TIM_OC1_SetConfig
                0x0000000008005f34       0xe0 Drivers/STM32F4xx_HAL_Driver/stm32f4xx_hal_tim.o
 .text.TIM_OC2_SetConfig
                0x0000000008006014       0xec Drivers/STM32F4xx_HAL_Driver/stm32f4xx_hal_tim.o
                0x0000000008006014                TIM_OC2_SetConfig
 .text.TIM_OC3_SetConfig
                0x0000000008006100       0xe8 Drivers/STM32F4xx_HAL_Driver/stm32f4xx_hal_tim.o
 .text.TIM_OC4_SetConfig
                0x00000000080061e8       0xac Drivers/STM32F4xx_HAL_Driver/stm32f4xx_hal_tim.o
 .text.TIM_TI1_ConfigInputStage
                0x0000000008006294       0x5e Drivers/STM32F4xx_HAL_Driver/stm32f4xx_hal_tim.o
 .text.TIM_TI2_ConfigInputStage
                0x00000000080062f2       0x60 Drivers/STM32F4xx_HAL_Driver/stm32f4xx_hal_tim.o
 .text.TIM_ITRx_SetConfig
                0x0000000008006352       0x36 Drivers/STM32F4xx_HAL_Driver/stm32f4xx_hal_tim.o
 .text.TIM_ETR_SetConfig
                0x0000000008006388       0x40 Drivers/STM32F4xx_HAL_Driver/stm32f4xx_hal_tim.o
                0x0000000008006388                TIM_ETR_SetConfig
 .text.TIM_CCxChannelCmd
                0x00000000080063c8       0x4a Drivers/STM32F4xx_HAL_Driver/stm32f4xx_hal_tim.o
                0x00000000080063c8                TIM_CCxChannelCmd
 *fill*         0x0000000008006412        0x2 
 .text.HAL_TIMEx_MasterConfigSynchronization
                0x0000000008006414       0xf8 Drivers/STM32F4xx_HAL_Driver/stm32f4xx_hal_tim_ex.o
                0x0000000008006414                HAL_TIMEx_MasterConfigSynchronization
 .text.HAL_TIMEx_CommutCallback
                0x000000000800650c       0x14 Drivers/STM32F4xx_HAL_Driver/stm32f4xx_hal_tim_ex.o
                0x000000000800650c                HAL_TIMEx_CommutCallback
 .text.HAL_TIMEx_BreakCallback
                0x0000000008006520       0x14 Drivers/STM32F4xx_HAL_Driver/stm32f4xx_hal_tim_ex.o
                0x0000000008006520                HAL_TIMEx_BreakCallback
 .text.HAL_UART_Init
                0x0000000008006534       0x9a Drivers/STM32F4xx_HAL_Driver/stm32f4xx_hal_uart.o
                0x0000000008006534                HAL_UART_Init
 .text.HAL_UART_Transmit
                0x00000000080065ce      0x132 Drivers/STM32F4xx_HAL_Driver/stm32f4xx_hal_uart.o
                0x00000000080065ce                HAL_UART_Transmit
 .text.HAL_UART_Receive
                0x0000000008006700      0x14c Drivers/STM32F4xx_HAL_Driver/stm32f4xx_hal_uart.o
                0x0000000008006700                HAL_UART_Receive
 .text.HAL_UART_Receive_IT
                0x000000000800684c       0xaa Drivers/STM32F4xx_HAL_Driver/stm32f4xx_hal_uart.o
                0x000000000800684c                HAL_UART_Receive_IT
 *fill*         0x00000000080068f6        0x2 
 .text.HAL_UART_IRQHandler
                0x00000000080068f8      0x200 Drivers/STM32F4xx_HAL_Driver/stm32f4xx_hal_uart.o
                0x00000000080068f8                HAL_UART_IRQHandler
 .text.HAL_UART_TxCpltCallback
                0x0000000008006af8       0x14 Drivers/STM32F4xx_HAL_Driver/stm32f4xx_hal_uart.o
                0x0000000008006af8                HAL_UART_TxCpltCallback
 .text.HAL_UART_ErrorCallback
                0x0000000008006b0c       0x14 Drivers/STM32F4xx_HAL_Driver/stm32f4xx_hal_uart.o
                0x0000000008006b0c                HAL_UART_ErrorCallback
 .text.UART_WaitOnFlagUntilTimeout
                0x0000000008006b20       0x94 Drivers/STM32F4xx_HAL_Driver/stm32f4xx_hal_uart.o
 .text.UART_EndRxTransfer
                0x0000000008006bb4       0x3c Drivers/STM32F4xx_HAL_Driver/stm32f4xx_hal_uart.o
 .text.UART_DMAAbortOnError
                0x0000000008006bf0       0x28 Drivers/STM32F4xx_HAL_Driver/stm32f4xx_hal_uart.o
 .text.UART_Transmit_IT
                0x0000000008006c18       0xac Drivers/STM32F4xx_HAL_Driver/stm32f4xx_hal_uart.o
 .text.UART_EndTransmit_IT
                0x0000000008006cc4       0x30 Drivers/STM32F4xx_HAL_Driver/stm32f4xx_hal_uart.o
 .text.UART_Receive_IT
                0x0000000008006cf4      0x102 Drivers/STM32F4xx_HAL_Driver/stm32f4xx_hal_uart.o
 *fill*         0x0000000008006df6        0x2 
 .text.UART_SetConfig
                0x0000000008006df8      0x6f8 Drivers/STM32F4xx_HAL_Driver/stm32f4xx_hal_uart.o
 .text.__errno  0x00000000080074f0        0xc c:/st/stm32cubeide_1.3.0/stm32cubeide/plugins/com.st.stm32cube.ide.mcu.externaltools.gnu-tools-for-stm32.7-2018-q2-update.win32_1.0.0.201904181610/tools/bin/../lib/gcc/arm-none-eabi/7.3.1/../../../../arm-none-eabi/lib/thumb/v7e-m/fpv4-sp/hard\libc_nano.a(lib_a-errno.o)
                0x00000000080074f0                __errno
 .text.__libc_init_array
                0x00000000080074fc       0x48 c:/st/stm32cubeide_1.3.0/stm32cubeide/plugins/com.st.stm32cube.ide.mcu.externaltools.gnu-tools-for-stm32.7-2018-q2-update.win32_1.0.0.201904181610/tools/bin/../lib/gcc/arm-none-eabi/7.3.1/../../../../arm-none-eabi/lib/thumb/v7e-m/fpv4-sp/hard\libc_nano.a(lib_a-init.o)
                0x00000000080074fc                __libc_init_array
 .text.malloc   0x0000000008007544       0x10 c:/st/stm32cubeide_1.3.0/stm32cubeide/plugins/com.st.stm32cube.ide.mcu.externaltools.gnu-tools-for-stm32.7-2018-q2-update.win32_1.0.0.201904181610/tools/bin/../lib/gcc/arm-none-eabi/7.3.1/../../../../arm-none-eabi/lib/thumb/v7e-m/fpv4-sp/hard\libc_nano.a(lib_a-malloc.o)
                0x0000000008007544                malloc
 .text.memset   0x0000000008007554       0x10 c:/st/stm32cubeide_1.3.0/stm32cubeide/plugins/com.st.stm32cube.ide.mcu.externaltools.gnu-tools-for-stm32.7-2018-q2-update.win32_1.0.0.201904181610/tools/bin/../lib/gcc/arm-none-eabi/7.3.1/../../../../arm-none-eabi/lib/thumb/v7e-m/fpv4-sp/hard\libc_nano.a(lib_a-memset.o)
                0x0000000008007554                memset
 .text._malloc_r
                0x0000000008007564       0xb4 c:/st/stm32cubeide_1.3.0/stm32cubeide/plugins/com.st.stm32cube.ide.mcu.externaltools.gnu-tools-for-stm32.7-2018-q2-update.win32_1.0.0.201904181610/tools/bin/../lib/gcc/arm-none-eabi/7.3.1/../../../../arm-none-eabi/lib/thumb/v7e-m/fpv4-sp/hard\libc_nano.a(lib_a-nano-mallocr.o)
                0x0000000008007564                _malloc_r
 .text.__cvt    0x0000000008007618       0xc2 c:/st/stm32cubeide_1.3.0/stm32cubeide/plugins/com.st.stm32cube.ide.mcu.externaltools.gnu-tools-for-stm32.7-2018-q2-update.win32_1.0.0.201904181610/tools/bin/../lib/gcc/arm-none-eabi/7.3.1/../../../../arm-none-eabi/lib/thumb/v7e-m/fpv4-sp/hard\libc_nano.a(lib_a-nano-vfprintf_float.o)
                0x0000000008007618                __cvt
 .text.__exponent
                0x00000000080076da       0x66 c:/st/stm32cubeide_1.3.0/stm32cubeide/plugins/com.st.stm32cube.ide.mcu.externaltools.gnu-tools-for-stm32.7-2018-q2-update.win32_1.0.0.201904181610/tools/bin/../lib/gcc/arm-none-eabi/7.3.1/../../../../arm-none-eabi/lib/thumb/v7e-m/fpv4-sp/hard\libc_nano.a(lib_a-nano-vfprintf_float.o)
                0x00000000080076da                __exponent
 .text._printf_float
                0x0000000008007740      0x480 c:/st/stm32cubeide_1.3.0/stm32cubeide/plugins/com.st.stm32cube.ide.mcu.externaltools.gnu-tools-for-stm32.7-2018-q2-update.win32_1.0.0.201904181610/tools/bin/../lib/gcc/arm-none-eabi/7.3.1/../../../../arm-none-eabi/lib/thumb/v7e-m/fpv4-sp/hard\libc_nano.a(lib_a-nano-vfprintf_float.o)
                0x0000000008007740                _printf_float
 .text._printf_common
                0x0000000008007bc0       0xea c:/st/stm32cubeide_1.3.0/stm32cubeide/plugins/com.st.stm32cube.ide.mcu.externaltools.gnu-tools-for-stm32.7-2018-q2-update.win32_1.0.0.201904181610/tools/bin/../lib/gcc/arm-none-eabi/7.3.1/../../../../arm-none-eabi/lib/thumb/v7e-m/fpv4-sp/hard\libc_nano.a(lib_a-nano-vfprintf_i.o)
                0x0000000008007bc0                _printf_common
 *fill*         0x0000000008007caa        0x2 
 .text._sbrk_r  0x0000000008007cac       0x20 c:/st/stm32cubeide_1.3.0/stm32cubeide/plugins/com.st.stm32cube.ide.mcu.externaltools.gnu-tools-for-stm32.7-2018-q2-update.win32_1.0.0.201904181610/tools/bin/../lib/gcc/arm-none-eabi/7.3.1/../../../../arm-none-eabi/lib/thumb/v7e-m/fpv4-sp/hard\libc_nano.a(lib_a-sbrkr.o)
                0x0000000008007cac                _sbrk_r
 .text.quorem   0x0000000008007ccc      0x118 c:/st/stm32cubeide_1.3.0/stm32cubeide/plugins/com.st.stm32cube.ide.mcu.externaltools.gnu-tools-for-stm32.7-2018-q2-update.win32_1.0.0.201904181610/tools/bin/../lib/gcc/arm-none-eabi/7.3.1/../../../../arm-none-eabi/lib/thumb/v7e-m/fpv4-sp/hard\libc_nano.a(lib_a-dtoa.o)
 *fill*         0x0000000008007de4        0x4 
 .text._dtoa_r  0x0000000008007de8      0xb70 c:/st/stm32cubeide_1.3.0/stm32cubeide/plugins/com.st.stm32cube.ide.mcu.externaltools.gnu-tools-for-stm32.7-2018-q2-update.win32_1.0.0.201904181610/tools/bin/../lib/gcc/arm-none-eabi/7.3.1/../../../../arm-none-eabi/lib/thumb/v7e-m/fpv4-sp/hard\libc_nano.a(lib_a-dtoa.o)
                0x0000000008007de8                _dtoa_r
 .text._localeconv_r
                0x0000000008008958       0x1c c:/st/stm32cubeide_1.3.0/stm32cubeide/plugins/com.st.stm32cube.ide.mcu.externaltools.gnu-tools-for-stm32.7-2018-q2-update.win32_1.0.0.201904181610/tools/bin/../lib/gcc/arm-none-eabi/7.3.1/../../../../arm-none-eabi/lib/thumb/v7e-m/fpv4-sp/hard\libc_nano.a(lib_a-localeconv.o)
                0x0000000008008958                _localeconv_r
 .text.memcpy   0x0000000008008974       0x16 c:/st/stm32cubeide_1.3.0/stm32cubeide/plugins/com.st.stm32cube.ide.mcu.externaltools.gnu-tools-for-stm32.7-2018-q2-update.win32_1.0.0.201904181610/tools/bin/../lib/gcc/arm-none-eabi/7.3.1/../../../../arm-none-eabi/lib/thumb/v7e-m/fpv4-sp/hard\libc_nano.a(lib_a-memcpy-stub.o)
                0x0000000008008974                memcpy
 .text.__malloc_lock
                0x000000000800898a        0x2 c:/st/stm32cubeide_1.3.0/stm32cubeide/plugins/com.st.stm32cube.ide.mcu.externaltools.gnu-tools-for-stm32.7-2018-q2-update.win32_1.0.0.201904181610/tools/bin/../lib/gcc/arm-none-eabi/7.3.1/../../../../arm-none-eabi/lib/thumb/v7e-m/fpv4-sp/hard\libc_nano.a(lib_a-mlock.o)
                0x000000000800898a                __malloc_lock
 .text.__malloc_unlock
                0x000000000800898c        0x2 c:/st/stm32cubeide_1.3.0/stm32cubeide/plugins/com.st.stm32cube.ide.mcu.externaltools.gnu-tools-for-stm32.7-2018-q2-update.win32_1.0.0.201904181610/tools/bin/../lib/gcc/arm-none-eabi/7.3.1/../../../../arm-none-eabi/lib/thumb/v7e-m/fpv4-sp/hard\libc_nano.a(lib_a-mlock.o)
                0x000000000800898c                __malloc_unlock
 .text._Balloc  0x000000000800898e       0x68 c:/st/stm32cubeide_1.3.0/stm32cubeide/plugins/com.st.stm32cube.ide.mcu.externaltools.gnu-tools-for-stm32.7-2018-q2-update.win32_1.0.0.201904181610/tools/bin/../lib/gcc/arm-none-eabi/7.3.1/../../../../arm-none-eabi/lib/thumb/v7e-m/fpv4-sp/hard\libc_nano.a(lib_a-mprec.o)
                0x000000000800898e                _Balloc
 .text._Bfree   0x00000000080089f6       0x2e c:/st/stm32cubeide_1.3.0/stm32cubeide/plugins/com.st.stm32cube.ide.mcu.externaltools.gnu-tools-for-stm32.7-2018-q2-update.win32_1.0.0.201904181610/tools/bin/../lib/gcc/arm-none-eabi/7.3.1/../../../../arm-none-eabi/lib/thumb/v7e-m/fpv4-sp/hard\libc_nano.a(lib_a-mprec.o)
                0x00000000080089f6                _Bfree
 .text.__multadd
                0x0000000008008a24       0x76 c:/st/stm32cubeide_1.3.0/stm32cubeide/plugins/com.st.stm32cube.ide.mcu.externaltools.gnu-tools-for-stm32.7-2018-q2-update.win32_1.0.0.201904181610/tools/bin/../lib/gcc/arm-none-eabi/7.3.1/../../../../arm-none-eabi/lib/thumb/v7e-m/fpv4-sp/hard\libc_nano.a(lib_a-mprec.o)
                0x0000000008008a24                __multadd
 .text.__hi0bits
                0x0000000008008a9a       0x3e c:/st/stm32cubeide_1.3.0/stm32cubeide/plugins/com.st.stm32cube.ide.mcu.externaltools.gnu-tools-for-stm32.7-2018-q2-update.win32_1.0.0.201904181610/tools/bin/../lib/gcc/arm-none-eabi/7.3.1/../../../../arm-none-eabi/lib/thumb/v7e-m/fpv4-sp/hard\libc_nano.a(lib_a-mprec.o)
                0x0000000008008a9a                __hi0bits
 .text.__lo0bits
                0x0000000008008ad8       0x5e c:/st/stm32cubeide_1.3.0/stm32cubeide/plugins/com.st.stm32cube.ide.mcu.externaltools.gnu-tools-for-stm32.7-2018-q2-update.win32_1.0.0.201904181610/tools/bin/../lib/gcc/arm-none-eabi/7.3.1/../../../../arm-none-eabi/lib/thumb/v7e-m/fpv4-sp/hard\libc_nano.a(lib_a-mprec.o)
                0x0000000008008ad8                __lo0bits
 .text.__i2b    0x0000000008008b36       0x12 c:/st/stm32cubeide_1.3.0/stm32cubeide/plugins/com.st.stm32cube.ide.mcu.externaltools.gnu-tools-for-stm32.7-2018-q2-update.win32_1.0.0.201904181610/tools/bin/../lib/gcc/arm-none-eabi/7.3.1/../../../../arm-none-eabi/lib/thumb/v7e-m/fpv4-sp/hard\libc_nano.a(lib_a-mprec.o)
                0x0000000008008b36                __i2b
 .text.__multiply
                0x0000000008008b48      0x12c c:/st/stm32cubeide_1.3.0/stm32cubeide/plugins/com.st.stm32cube.ide.mcu.externaltools.gnu-tools-for-stm32.7-2018-q2-update.win32_1.0.0.201904181610/tools/bin/../lib/gcc/arm-none-eabi/7.3.1/../../../../arm-none-eabi/lib/thumb/v7e-m/fpv4-sp/hard\libc_nano.a(lib_a-mprec.o)
                0x0000000008008b48                __multiply
 .text.__pow5mult
                0x0000000008008c74       0x9c c:/st/stm32cubeide_1.3.0/stm32cubeide/plugins/com.st.stm32cube.ide.mcu.externaltools.gnu-tools-for-stm32.7-2018-q2-update.win32_1.0.0.201904181610/tools/bin/../lib/gcc/arm-none-eabi/7.3.1/../../../../arm-none-eabi/lib/thumb/v7e-m/fpv4-sp/hard\libc_nano.a(lib_a-mprec.o)
                0x0000000008008c74                __pow5mult
 .text.__lshift
                0x0000000008008d10       0xa8 c:/st/stm32cubeide_1.3.0/stm32cubeide/plugins/com.st.stm32cube.ide.mcu.externaltools.gnu-tools-for-stm32.7-2018-q2-update.win32_1.0.0.201904181610/tools/bin/../lib/gcc/arm-none-eabi/7.3.1/../../../../arm-none-eabi/lib/thumb/v7e-m/fpv4-sp/hard\libc_nano.a(lib_a-mprec.o)
                0x0000000008008d10                __lshift
 .text.__mcmp   0x0000000008008db8       0x34 c:/st/stm32cubeide_1.3.0/stm32cubeide/plugins/com.st.stm32cube.ide.mcu.externaltools.gnu-tools-for-stm32.7-2018-q2-update.win32_1.0.0.201904181610/tools/bin/../lib/gcc/arm-none-eabi/7.3.1/../../../../arm-none-eabi/lib/thumb/v7e-m/fpv4-sp/hard\libc_nano.a(lib_a-mprec.o)
                0x0000000008008db8                __mcmp
 .text.__mdiff  0x0000000008008dec       0xba c:/st/stm32cubeide_1.3.0/stm32cubeide/plugins/com.st.stm32cube.ide.mcu.externaltools.gnu-tools-for-stm32.7-2018-q2-update.win32_1.0.0.201904181610/tools/bin/../lib/gcc/arm-none-eabi/7.3.1/../../../../arm-none-eabi/lib/thumb/v7e-m/fpv4-sp/hard\libc_nano.a(lib_a-mprec.o)
                0x0000000008008dec                __mdiff
 .text.__d2b    0x0000000008008ea6       0x9e c:/st/stm32cubeide_1.3.0/stm32cubeide/plugins/com.st.stm32cube.ide.mcu.externaltools.gnu-tools-for-stm32.7-2018-q2-update.win32_1.0.0.201904181610/tools/bin/../lib/gcc/arm-none-eabi/7.3.1/../../../../arm-none-eabi/lib/thumb/v7e-m/fpv4-sp/hard\libc_nano.a(lib_a-mprec.o)
                0x0000000008008ea6                __d2b
 .text._calloc_r
                0x0000000008008f44       0x1c c:/st/stm32cubeide_1.3.0/stm32cubeide/plugins/com.st.stm32cube.ide.mcu.externaltools.gnu-tools-for-stm32.7-2018-q2-update.win32_1.0.0.201904181610/tools/bin/../lib/gcc/arm-none-eabi/7.3.1/../../../../arm-none-eabi/lib/thumb/v7e-m/fpv4-sp/hard\libc_nano.a(lib_a-nano-callocr.o)
                0x0000000008008f44                _calloc_r
 .text.__ascii_mbtowc
                0x0000000008008f60       0x24 c:/st/stm32cubeide_1.3.0/stm32cubeide/plugins/com.st.stm32cube.ide.mcu.externaltools.gnu-tools-for-stm32.7-2018-q2-update.win32_1.0.0.201904181610/tools/bin/../lib/gcc/arm-none-eabi/7.3.1/../../../../arm-none-eabi/lib/thumb/v7e-m/fpv4-sp/hard\libc_nano.a(lib_a-mbtowc_r.o)
                0x0000000008008f60                __ascii_mbtowc
 .text.__ascii_wctomb
                0x0000000008008f84       0x1a c:/st/stm32cubeide_1.3.0/stm32cubeide/plugins/com.st.stm32cube.ide.mcu.externaltools.gnu-tools-for-stm32.7-2018-q2-update.win32_1.0.0.201904181610/tools/bin/../lib/gcc/arm-none-eabi/7.3.1/../../../../arm-none-eabi/lib/thumb/v7e-m/fpv4-sp/hard\libc_nano.a(lib_a-wctomb_r.o)
                0x0000000008008f84                __ascii_wctomb
 *(.glue_7)
 .glue_7        0x0000000008008f9e        0x0 linker stubs
 *(.glue_7t)
 .glue_7t       0x0000000008008f9e        0x0 linker stubs
 *(.eh_frame)
 *fill*         0x0000000008008f9e        0x2 
 .eh_frame      0x0000000008008fa0        0x0 c:/st/stm32cubeide_1.3.0/stm32cubeide/plugins/com.st.stm32cube.ide.mcu.externaltools.gnu-tools-for-stm32.7-2018-q2-update.win32_1.0.0.201904181610/tools/bin/../lib/gcc/arm-none-eabi/7.3.1/thumb/v7e-m/fpv4-sp/hard/crtbegin.o
 *(.init)
 .init          0x0000000008008fa0        0x4 c:/st/stm32cubeide_1.3.0/stm32cubeide/plugins/com.st.stm32cube.ide.mcu.externaltools.gnu-tools-for-stm32.7-2018-q2-update.win32_1.0.0.201904181610/tools/bin/../lib/gcc/arm-none-eabi/7.3.1/thumb/v7e-m/fpv4-sp/hard/crti.o
                0x0000000008008fa0                _init
 .init          0x0000000008008fa4        0x8 c:/st/stm32cubeide_1.3.0/stm32cubeide/plugins/com.st.stm32cube.ide.mcu.externaltools.gnu-tools-for-stm32.7-2018-q2-update.win32_1.0.0.201904181610/tools/bin/../lib/gcc/arm-none-eabi/7.3.1/thumb/v7e-m/fpv4-sp/hard/crtn.o
 *(.fini)
 .fini          0x0000000008008fac        0x4 c:/st/stm32cubeide_1.3.0/stm32cubeide/plugins/com.st.stm32cube.ide.mcu.externaltools.gnu-tools-for-stm32.7-2018-q2-update.win32_1.0.0.201904181610/tools/bin/../lib/gcc/arm-none-eabi/7.3.1/thumb/v7e-m/fpv4-sp/hard/crti.o
                0x0000000008008fac                _fini
 .fini          0x0000000008008fb0        0x8 c:/st/stm32cubeide_1.3.0/stm32cubeide/plugins/com.st.stm32cube.ide.mcu.externaltools.gnu-tools-for-stm32.7-2018-q2-update.win32_1.0.0.201904181610/tools/bin/../lib/gcc/arm-none-eabi/7.3.1/thumb/v7e-m/fpv4-sp/hard/crtn.o
                0x0000000008008fb8                . = ALIGN (0x4)
                0x0000000008008fb8                _etext = .

.vfp11_veneer   0x0000000008008fb8        0x0
 .vfp11_veneer  0x0000000008008fb8        0x0 linker stubs

.v4_bx          0x0000000008008fb8        0x0
 .v4_bx         0x0000000008008fb8        0x0 linker stubs

.iplt           0x0000000008008fb8        0x0
 .iplt          0x0000000008008fb8        0x0 c:/st/stm32cubeide_1.3.0/stm32cubeide/plugins/com.st.stm32cube.ide.mcu.externaltools.gnu-tools-for-stm32.7-2018-q2-update.win32_1.0.0.201904181610/tools/bin/../lib/gcc/arm-none-eabi/7.3.1/thumb/v7e-m/fpv4-sp/hard/crtbegin.o

.rodata         0x0000000008008fb8      0x318
                0x0000000008008fb8                . = ALIGN (0x4)
 *(.rodata)
 .rodata        0x0000000008008fb8       0x8d Core/Src/SP_LCD.o
 *fill*         0x0000000008009045        0x3 
 .rodata        0x0000000008009048       0x23 Core/Src/SP_SD.o
 *fill*         0x000000000800906b        0x1 
 .rodata        0x000000000800906c       0x1a Core/Src/ff.o
 *fill*         0x0000000008009086        0x2 
 .rodata        0x0000000008009088        0x6 Core/Src/main.o
 *(.rodata*)
 *fill*         0x000000000800908e        0x2 
 .rodata.AHBPrescTable
                0x0000000008009090       0x10 Core/Src/system_stm32f4xx.o
                0x0000000008009090                AHBPrescTable
 .rodata.APBPrescTable
                0x00000000080090a0        0x8 Core/Src/system_stm32f4xx.o
                0x00000000080090a0                APBPrescTable
 .rodata._printf_float.str1.1
                0x00000000080090a8       0x12 c:/st/stm32cubeide_1.3.0/stm32cubeide/plugins/com.st.stm32cube.ide.mcu.externaltools.gnu-tools-for-stm32.7-2018-q2-update.win32_1.0.0.201904181610/tools/bin/../lib/gcc/arm-none-eabi/7.3.1/../../../../arm-none-eabi/lib/thumb/v7e-m/fpv4-sp/hard\libc_nano.a(lib_a-nano-vfprintf_float.o)
 .rodata._dtoa_r.str1.1
                0x00000000080090ba        0xd c:/st/stm32cubeide_1.3.0/stm32cubeide/plugins/com.st.stm32cube.ide.mcu.externaltools.gnu-tools-for-stm32.7-2018-q2-update.win32_1.0.0.201904181610/tools/bin/../lib/gcc/arm-none-eabi/7.3.1/../../../../arm-none-eabi/lib/thumb/v7e-m/fpv4-sp/hard\libc_nano.a(lib_a-dtoa.o)
                                          0xf (size before relaxing)
 *fill*         0x00000000080090c7        0x1 
 .rodata.__mprec_bigtens
                0x00000000080090c8       0x28 c:/st/stm32cubeide_1.3.0/stm32cubeide/plugins/com.st.stm32cube.ide.mcu.externaltools.gnu-tools-for-stm32.7-2018-q2-update.win32_1.0.0.201904181610/tools/bin/../lib/gcc/arm-none-eabi/7.3.1/../../../../arm-none-eabi/lib/thumb/v7e-m/fpv4-sp/hard\libc_nano.a(lib_a-mprec.o)
                0x00000000080090c8                __mprec_bigtens
 .rodata.__mprec_tens
                0x00000000080090f0       0xc8 c:/st/stm32cubeide_1.3.0/stm32cubeide/plugins/com.st.stm32cube.ide.mcu.externaltools.gnu-tools-for-stm32.7-2018-q2-update.win32_1.0.0.201904181610/tools/bin/../lib/gcc/arm-none-eabi/7.3.1/../../../../arm-none-eabi/lib/thumb/v7e-m/fpv4-sp/hard\libc_nano.a(lib_a-mprec.o)
                0x00000000080090f0                __mprec_tens
 .rodata.p05.7359
                0x00000000080091b8        0xc c:/st/stm32cubeide_1.3.0/stm32cubeide/plugins/com.st.stm32cube.ide.mcu.externaltools.gnu-tools-for-stm32.7-2018-q2-update.win32_1.0.0.201904181610/tools/bin/../lib/gcc/arm-none-eabi/7.3.1/../../../../arm-none-eabi/lib/thumb/v7e-m/fpv4-sp/hard\libc_nano.a(lib_a-mprec.o)
 .rodata._setlocale_r.str1.1
                0x00000000080091c4        0x8 c:/st/stm32cubeide_1.3.0/stm32cubeide/plugins/com.st.stm32cube.ide.mcu.externaltools.gnu-tools-for-stm32.7-2018-q2-update.win32_1.0.0.201904181610/tools/bin/../lib/gcc/arm-none-eabi/7.3.1/../../../../arm-none-eabi/lib/thumb/v7e-m/fpv4-sp/hard\libc_nano.a(lib_a-locale.o)
                                          0x9 (size before relaxing)
 .rodata.str1.1
                0x00000000080091cc        0x2 c:/st/stm32cubeide_1.3.0/stm32cubeide/plugins/com.st.stm32cube.ide.mcu.externaltools.gnu-tools-for-stm32.7-2018-q2-update.win32_1.0.0.201904181610/tools/bin/../lib/gcc/arm-none-eabi/7.3.1/../../../../arm-none-eabi/lib/thumb/v7e-m/fpv4-sp/hard\libc_nano.a(lib_a-locale.o)
 .rodata._ctype_
                0x00000000080091ce      0x101 c:/st/stm32cubeide_1.3.0/stm32cubeide/plugins/com.st.stm32cube.ide.mcu.externaltools.gnu-tools-for-stm32.7-2018-q2-update.win32_1.0.0.201904181610/tools/bin/../lib/gcc/arm-none-eabi/7.3.1/../../../../arm-none-eabi/lib/thumb/v7e-m/fpv4-sp/hard\libc_nano.a(lib_a-ctype_.o)
                0x00000000080091ce                _ctype_
                0x00000000080092d0                . = ALIGN (0x4)
 *fill*         0x00000000080092cf        0x1 

.ARM.extab      0x00000000080092d0        0x0
                0x00000000080092d0                . = ALIGN (0x4)
 *(.ARM.extab* .gnu.linkonce.armextab.*)
                0x00000000080092d0                . = ALIGN (0x4)

.ARM            0x00000000080092d0        0x8
                0x00000000080092d0                . = ALIGN (0x4)
                0x00000000080092d0                __exidx_start = .
 *(.ARM.exidx*)
 .ARM.exidx     0x00000000080092d0        0x8 c:/st/stm32cubeide_1.3.0/stm32cubeide/plugins/com.st.stm32cube.ide.mcu.externaltools.gnu-tools-for-stm32.7-2018-q2-update.win32_1.0.0.201904181610/tools/bin/../lib/gcc/arm-none-eabi/7.3.1/thumb/v7e-m/fpv4-sp/hard\libgcc.a(_udivmoddi4.o)
                0x00000000080092d8                __exidx_end = .
                0x00000000080092d8                . = ALIGN (0x4)

.rel.dyn        0x00000000080092d8        0x0
 .rel.iplt      0x00000000080092d8        0x0 c:/st/stm32cubeide_1.3.0/stm32cubeide/plugins/com.st.stm32cube.ide.mcu.externaltools.gnu-tools-for-stm32.7-2018-q2-update.win32_1.0.0.201904181610/tools/bin/../lib/gcc/arm-none-eabi/7.3.1/thumb/v7e-m/fpv4-sp/hard/crtbegin.o

.preinit_array  0x00000000080092d8        0x0
                0x00000000080092d8                . = ALIGN (0x4)
                0x00000000080092d8                PROVIDE (__preinit_array_start = .)
 *(.preinit_array*)
                0x00000000080092d8                PROVIDE (__preinit_array_end = .)
                0x00000000080092d8                . = ALIGN (0x4)

.init_array     0x00000000080092d8        0x4
                0x00000000080092d8                . = ALIGN (0x4)
                0x00000000080092d8                PROVIDE (__init_array_start = .)
 *(SORT_BY_NAME(.init_array.*))
 *(.init_array*)
 .init_array    0x00000000080092d8        0x4 c:/st/stm32cubeide_1.3.0/stm32cubeide/plugins/com.st.stm32cube.ide.mcu.externaltools.gnu-tools-for-stm32.7-2018-q2-update.win32_1.0.0.201904181610/tools/bin/../lib/gcc/arm-none-eabi/7.3.1/thumb/v7e-m/fpv4-sp/hard/crtbegin.o
                0x00000000080092dc                PROVIDE (__init_array_end = .)
                0x00000000080092dc                . = ALIGN (0x4)

.fini_array     0x00000000080092dc        0x4
                0x00000000080092dc                . = ALIGN (0x4)
                [!provide]                        PROVIDE (__fini_array_start = .)
 *(SORT_BY_NAME(.fini_array.*))
 *(.fini_array*)
 .fini_array    0x00000000080092dc        0x4 c:/st/stm32cubeide_1.3.0/stm32cubeide/plugins/com.st.stm32cube.ide.mcu.externaltools.gnu-tools-for-stm32.7-2018-q2-update.win32_1.0.0.201904181610/tools/bin/../lib/gcc/arm-none-eabi/7.3.1/thumb/v7e-m/fpv4-sp/hard/crtbegin.o
                [!provide]                        PROVIDE (__fini_array_end = .)
                0x00000000080092e0                . = ALIGN (0x4)
                0x00000000080092e0                _sidata = LOADADDR (.data)

.data           0x0000000020000000      0x1e4 load address 0x00000000080092e0
                0x0000000020000000                . = ALIGN (0x4)
                0x0000000020000000                _sdata = .
 *(.data)
 *(.data*)
 .data.Stat     0x0000000020000000        0x1 Core/Src/diskio.o
 *fill*         0x0000000020000001        0x3 
 .data.send     0x0000000020000004        0x2 Core/Src/main.o
                0x0000000020000004                send
 *fill*         0x0000000020000006        0x2 
 .data.SystemCoreClock
                0x0000000020000008        0x4 Core/Src/system_stm32f4xx.o
                0x0000000020000008                SystemCoreClock
 .data.uwTickPrio
                0x000000002000000c        0x4 Drivers/STM32F4xx_HAL_Driver/stm32f4xx_hal.o
                0x000000002000000c                uwTickPrio
 .data.uwTickFreq
                0x0000000020000010        0x1 Drivers/STM32F4xx_HAL_Driver/stm32f4xx_hal.o
                0x0000000020000010                uwTickFreq
 *fill*         0x0000000020000011        0x3 
 .data._impure_ptr
                0x0000000020000014        0x4 c:/st/stm32cubeide_1.3.0/stm32cubeide/plugins/com.st.stm32cube.ide.mcu.externaltools.gnu-tools-for-stm32.7-2018-q2-update.win32_1.0.0.201904181610/tools/bin/../lib/gcc/arm-none-eabi/7.3.1/../../../../arm-none-eabi/lib/thumb/v7e-m/fpv4-sp/hard\libc_nano.a(lib_a-impure.o)
                0x0000000020000014                _impure_ptr
 .data.impure_data
                0x0000000020000018       0x60 c:/st/stm32cubeide_1.3.0/stm32cubeide/plugins/com.st.stm32cube.ide.mcu.externaltools.gnu-tools-for-stm32.7-2018-q2-update.win32_1.0.0.201904181610/tools/bin/../lib/gcc/arm-none-eabi/7.3.1/../../../../arm-none-eabi/lib/thumb/v7e-m/fpv4-sp/hard\libc_nano.a(lib_a-impure.o)
 .data.__global_locale
                0x0000000020000078      0x16c c:/st/stm32cubeide_1.3.0/stm32cubeide/plugins/com.st.stm32cube.ide.mcu.externaltools.gnu-tools-for-stm32.7-2018-q2-update.win32_1.0.0.201904181610/tools/bin/../lib/gcc/arm-none-eabi/7.3.1/../../../../arm-none-eabi/lib/thumb/v7e-m/fpv4-sp/hard\libc_nano.a(lib_a-locale.o)
                0x0000000020000078                __global_locale
                0x00000000200001e4                . = ALIGN (0x4)
                0x00000000200001e4                _edata = .

.igot.plt       0x00000000200001e4        0x0 load address 0x00000000080094c4
 .igot.plt      0x00000000200001e4        0x0 c:/st/stm32cubeide_1.3.0/stm32cubeide/plugins/com.st.stm32cube.ide.mcu.externaltools.gnu-tools-for-stm32.7-2018-q2-update.win32_1.0.0.201904181610/tools/bin/../lib/gcc/arm-none-eabi/7.3.1/thumb/v7e-m/fpv4-sp/hard/crtbegin.o
                0x00000000200001e4                . = ALIGN (0x4)

.bss            0x00000000200001e4      0x7e0 load address 0x00000000080094c4
                0x00000000200001e4                _sbss = .
                0x00000000200001e4                __bss_start__ = _sbss
 *(.bss)
 .bss           0x00000000200001e4       0x1c c:/st/stm32cubeide_1.3.0/stm32cubeide/plugins/com.st.stm32cube.ide.mcu.externaltools.gnu-tools-for-stm32.7-2018-q2-update.win32_1.0.0.201904181610/tools/bin/../lib/gcc/arm-none-eabi/7.3.1/thumb/v7e-m/fpv4-sp/hard/crtbegin.o
 *(.bss*)
 .bss._ffHandle
                0x0000000020000200      0x230 Core/Src/SP_SD.o
 .bss.Timer1    0x0000000020000430        0x1 Core/Src/diskio.o
 .bss.Timer2    0x0000000020000431        0x1 Core/Src/diskio.o
 .bss.CardType  0x0000000020000432        0x1 Core/Src/diskio.o
 .bss.PowerFlag
                0x0000000020000433        0x1 Core/Src/diskio.o
 .bss.FatFs     0x0000000020000434        0x4 Core/Src/ff.o
 .bss.Fsid      0x0000000020000438        0x2 Core/Src/ff.o
 .bss._led      0x000000002000043a        0x1 Core/Src/main.o
                0x000000002000043a                _led
 *fill*         0x000000002000043b        0x1 
 .bss.heap_end.6424
                0x000000002000043c        0x4 Core/Src/sysmem.o
 .bss.__malloc_free_list
                0x0000000020000440        0x4 c:/st/stm32cubeide_1.3.0/stm32cubeide/plugins/com.st.stm32cube.ide.mcu.externaltools.gnu-tools-for-stm32.7-2018-q2-update.win32_1.0.0.201904181610/tools/bin/../lib/gcc/arm-none-eabi/7.3.1/../../../../arm-none-eabi/lib/thumb/v7e-m/fpv4-sp/hard\libc_nano.a(lib_a-nano-mallocr.o)
                0x0000000020000440                __malloc_free_list
 .bss.__malloc_sbrk_start
                0x0000000020000444        0x4 c:/st/stm32cubeide_1.3.0/stm32cubeide/plugins/com.st.stm32cube.ide.mcu.externaltools.gnu-tools-for-stm32.7-2018-q2-update.win32_1.0.0.201904181610/tools/bin/../lib/gcc/arm-none-eabi/7.3.1/../../../../arm-none-eabi/lib/thumb/v7e-m/fpv4-sp/hard\libc_nano.a(lib_a-nano-mallocr.o)
                0x0000000020000444                __malloc_sbrk_start
 *(COMMON)
 COMMON         0x0000000020000448       0x1e Core/Src/SP_LCD.o
                0x0000000020000448                _currentRow
                0x000000002000044a                _rw
                0x000000002000044c                _displayFunction
                0x0000000020000450                _rowOffsets
                0x0000000020000454                _displayControl
                0x0000000020000455                _currentCol
                0x0000000020000456                _displayMode
                0x0000000020000458                _data
                0x0000000020000460                _rs
                0x0000000020000462                _initialized
                0x0000000020000464                _enable
 *fill*         0x0000000020000466        0x2 
 COMMON         0x0000000020000468       0x11 Core/Src/SP_RGB.o
                0x0000000020000468                _CCR2
                0x000000002000046c                _state
                0x0000000020000470                _CCR1
                0x0000000020000474                _CCR3
                0x0000000020000478                _mode
 *fill*         0x0000000020000479        0x3 
 COMMON         0x000000002000047c      0x33b Core/Src/SP_SD.o
                0x000000002000047c                _fileHandle
                0x00000000200006a4                _bytesWritten
                0x00000000200006a8                _buffer
                0x00000000200007a8                _tHandle
                0x00000000200007b4                _bytesRead
                0x00000000200007b6                _fresult
 *fill*         0x00000000200007b7        0x1 
 COMMON         0x00000000200007b8        0xc Core/Src/SP_THS.o
                0x00000000200007b8                _ready
                0x00000000200007ba                _pin2
                0x00000000200007bc                _pin1
                0x00000000200007c0                _clockCounter
 COMMON         0x00000000200007c4        0x2 Core/Src/diskio.o
                0x00000000200007c4                sdcard_timer
 *fill*         0x00000000200007c6        0x2 
 COMMON         0x00000000200007c8      0x1f4 Core/Src/main.o
                0x00000000200007c8                htim4
                0x0000000020000808                huart3
                0x0000000020000848                hTime
                0x000000002000085c                hDate
                0x0000000020000860                htim3
                0x00000000200008a0                hrtc
                0x00000000200008c0                receive
                0x0000000020000924                hspi1
                0x000000002000097c                htim2
 COMMON         0x00000000200009bc        0x4 Drivers/STM32F4xx_HAL_Driver/stm32f4xx_hal.o
                0x00000000200009bc                uwTick
 COMMON         0x00000000200009c0        0x4 c:/st/stm32cubeide_1.3.0/stm32cubeide/plugins/com.st.stm32cube.ide.mcu.externaltools.gnu-tools-for-stm32.7-2018-q2-update.win32_1.0.0.201904181610/tools/bin/../lib/gcc/arm-none-eabi/7.3.1/../../../../arm-none-eabi/lib/thumb/v7e-m/fpv4-sp/hard\libc_nano.a(lib_a-reent.o)
                0x00000000200009c0                errno
                0x00000000200009c4                . = ALIGN (0x4)
                0x00000000200009c4                _ebss = .
                0x00000000200009c4                __bss_end__ = _ebss

._user_heap_stack
                0x00000000200009c4      0x604 load address 0x00000000080094c4
                0x00000000200009c8                . = ALIGN (0x8)
 *fill*         0x00000000200009c4        0x4 
                0x00000000200009c8                PROVIDE (end = .)
                [!provide]                        PROVIDE (_end = .)
                0x0000000020000bc8                . = (. + _Min_Heap_Size)
 *fill*         0x00000000200009c8      0x200 
                0x0000000020000fc8                . = (. + _Min_Stack_Size)
 *fill*         0x0000000020000bc8      0x400 
                0x0000000020000fc8                . = ALIGN (0x8)

/DISCARD/
 libc.a(*)
 libm.a(*)
 libgcc.a(*)

.ARM.attributes
                0x0000000000000000       0x30
 *(.ARM.attributes)
 .ARM.attributes
                0x0000000000000000       0x22 c:/st/stm32cubeide_1.3.0/stm32cubeide/plugins/com.st.stm32cube.ide.mcu.externaltools.gnu-tools-for-stm32.7-2018-q2-update.win32_1.0.0.201904181610/tools/bin/../lib/gcc/arm-none-eabi/7.3.1/thumb/v7e-m/fpv4-sp/hard/crti.o
 .ARM.attributes
                0x0000000000000022       0x34 c:/st/stm32cubeide_1.3.0/stm32cubeide/plugins/com.st.stm32cube.ide.mcu.externaltools.gnu-tools-for-stm32.7-2018-q2-update.win32_1.0.0.201904181610/tools/bin/../lib/gcc/arm-none-eabi/7.3.1/thumb/v7e-m/fpv4-sp/hard/crtbegin.o
 .ARM.attributes
                0x0000000000000056       0x39 Core/Src/SP_LCD.o
 .ARM.attributes
                0x000000000000008f       0x39 Core/Src/SP_RGB.o
 .ARM.attributes
                0x00000000000000c8       0x39 Core/Src/SP_SD.o
 .ARM.attributes
                0x0000000000000101       0x39 Core/Src/SP_THS.o
 .ARM.attributes
                0x000000000000013a       0x39 Core/Src/diskio.o
 .ARM.attributes
                0x0000000000000173       0x39 Core/Src/ff.o
 .ARM.attributes
                0x00000000000001ac       0x39 Core/Src/main.o
 .ARM.attributes
                0x00000000000001e5       0x39 Core/Src/stm32f4xx_hal_msp.o
 .ARM.attributes
                0x000000000000021e       0x39 Core/Src/stm32f4xx_it.o
 .ARM.attributes
                0x0000000000000257       0x39 Core/Src/sysmem.o
 .ARM.attributes
                0x0000000000000290       0x39 Core/Src/system_stm32f4xx.o
 .ARM.attributes
                0x00000000000002c9       0x21 Core/Startup/startup_stm32f407vgtx.o
 .ARM.attributes
                0x00000000000002ea       0x39 Drivers/STM32F4xx_HAL_Driver/stm32f4xx_hal.o
 .ARM.attributes
                0x0000000000000323       0x39 Drivers/STM32F4xx_HAL_Driver/stm32f4xx_hal_cortex.o
 .ARM.attributes
                0x000000000000035c       0x39 Drivers/STM32F4xx_HAL_Driver/stm32f4xx_hal_dma.o
 .ARM.attributes
                0x0000000000000395       0x39 Drivers/STM32F4xx_HAL_Driver/stm32f4xx_hal_gpio.o
 .ARM.attributes
                0x00000000000003ce       0x39 Drivers/STM32F4xx_HAL_Driver/stm32f4xx_hal_rcc.o
 .ARM.attributes
                0x0000000000000407       0x39 Drivers/STM32F4xx_HAL_Driver/stm32f4xx_hal_rcc_ex.o
 .ARM.attributes
                0x0000000000000440       0x39 Drivers/STM32F4xx_HAL_Driver/stm32f4xx_hal_rtc.o
 .ARM.attributes
                0x0000000000000479       0x39 Drivers/STM32F4xx_HAL_Driver/stm32f4xx_hal_spi.o
 .ARM.attributes
                0x00000000000004b2       0x39 Drivers/STM32F4xx_HAL_Driver/stm32f4xx_hal_tim.o
 .ARM.attributes
                0x00000000000004eb       0x39 Drivers/STM32F4xx_HAL_Driver/stm32f4xx_hal_tim_ex.o
 .ARM.attributes
                0x0000000000000524       0x39 Drivers/STM32F4xx_HAL_Driver/stm32f4xx_hal_uart.o
 .ARM.attributes
                0x000000000000055d       0x34 c:/st/stm32cubeide_1.3.0/stm32cubeide/plugins/com.st.stm32cube.ide.mcu.externaltools.gnu-tools-for-stm32.7-2018-q2-update.win32_1.0.0.201904181610/tools/bin/../lib/gcc/arm-none-eabi/7.3.1/../../../../arm-none-eabi/lib/thumb/v7e-m/fpv4-sp/hard\libc_nano.a(lib_a-errno.o)
 .ARM.attributes
                0x0000000000000591       0x34 c:/st/stm32cubeide_1.3.0/stm32cubeide/plugins/com.st.stm32cube.ide.mcu.externaltools.gnu-tools-for-stm32.7-2018-q2-update.win32_1.0.0.201904181610/tools/bin/../lib/gcc/arm-none-eabi/7.3.1/../../../../arm-none-eabi/lib/thumb/v7e-m/fpv4-sp/hard\libc_nano.a(lib_a-impure.o)
 .ARM.attributes
                0x00000000000005c5       0x34 c:/st/stm32cubeide_1.3.0/stm32cubeide/plugins/com.st.stm32cube.ide.mcu.externaltools.gnu-tools-for-stm32.7-2018-q2-update.win32_1.0.0.201904181610/tools/bin/../lib/gcc/arm-none-eabi/7.3.1/../../../../arm-none-eabi/lib/thumb/v7e-m/fpv4-sp/hard\libc_nano.a(lib_a-init.o)
 .ARM.attributes
                0x00000000000005f9       0x34 c:/st/stm32cubeide_1.3.0/stm32cubeide/plugins/com.st.stm32cube.ide.mcu.externaltools.gnu-tools-for-stm32.7-2018-q2-update.win32_1.0.0.201904181610/tools/bin/../lib/gcc/arm-none-eabi/7.3.1/../../../../arm-none-eabi/lib/thumb/v7e-m/fpv4-sp/hard\libc_nano.a(lib_a-malloc.o)
 .ARM.attributes
                0x000000000000062d       0x34 c:/st/stm32cubeide_1.3.0/stm32cubeide/plugins/com.st.stm32cube.ide.mcu.externaltools.gnu-tools-for-stm32.7-2018-q2-update.win32_1.0.0.201904181610/tools/bin/../lib/gcc/arm-none-eabi/7.3.1/../../../../arm-none-eabi/lib/thumb/v7e-m/fpv4-sp/hard\libc_nano.a(lib_a-memset.o)
 .ARM.attributes
                0x0000000000000661       0x34 c:/st/stm32cubeide_1.3.0/stm32cubeide/plugins/com.st.stm32cube.ide.mcu.externaltools.gnu-tools-for-stm32.7-2018-q2-update.win32_1.0.0.201904181610/tools/bin/../lib/gcc/arm-none-eabi/7.3.1/../../../../arm-none-eabi/lib/thumb/v7e-m/fpv4-sp/hard\libc_nano.a(lib_a-nano-mallocr.o)
 .ARM.attributes
                0x0000000000000695       0x34 c:/st/stm32cubeide_1.3.0/stm32cubeide/plugins/com.st.stm32cube.ide.mcu.externaltools.gnu-tools-for-stm32.7-2018-q2-update.win32_1.0.0.201904181610/tools/bin/../lib/gcc/arm-none-eabi/7.3.1/../../../../arm-none-eabi/lib/thumb/v7e-m/fpv4-sp/hard\libc_nano.a(lib_a-nano-vfprintf_float.o)
 .ARM.attributes
                0x00000000000006c9       0x34 c:/st/stm32cubeide_1.3.0/stm32cubeide/plugins/com.st.stm32cube.ide.mcu.externaltools.gnu-tools-for-stm32.7-2018-q2-update.win32_1.0.0.201904181610/tools/bin/../lib/gcc/arm-none-eabi/7.3.1/../../../../arm-none-eabi/lib/thumb/v7e-m/fpv4-sp/hard\libc_nano.a(lib_a-nano-vfprintf_i.o)
 .ARM.attributes
                0x00000000000006fd       0x34 c:/st/stm32cubeide_1.3.0/stm32cubeide/plugins/com.st.stm32cube.ide.mcu.externaltools.gnu-tools-for-stm32.7-2018-q2-update.win32_1.0.0.201904181610/tools/bin/../lib/gcc/arm-none-eabi/7.3.1/../../../../arm-none-eabi/lib/thumb/v7e-m/fpv4-sp/hard\libc_nano.a(lib_a-sbrkr.o)
 .ARM.attributes
                0x0000000000000731       0x1b c:/st/stm32cubeide_1.3.0/stm32cubeide/plugins/com.st.stm32cube.ide.mcu.externaltools.gnu-tools-for-stm32.7-2018-q2-update.win32_1.0.0.201904181610/tools/bin/../lib/gcc/arm-none-eabi/7.3.1/../../../../arm-none-eabi/lib/thumb/v7e-m/fpv4-sp/hard\libc_nano.a(lib_a-strlen.o)
 .ARM.attributes
                0x000000000000074c       0x34 c:/st/stm32cubeide_1.3.0/stm32cubeide/plugins/com.st.stm32cube.ide.mcu.externaltools.gnu-tools-for-stm32.7-2018-q2-update.win32_1.0.0.201904181610/tools/bin/../lib/gcc/arm-none-eabi/7.3.1/../../../../arm-none-eabi/lib/thumb/v7e-m/fpv4-sp/hard\libc_nano.a(lib_a-dtoa.o)
 .ARM.attributes
                0x0000000000000780       0x34 c:/st/stm32cubeide_1.3.0/stm32cubeide/plugins/com.st.stm32cube.ide.mcu.externaltools.gnu-tools-for-stm32.7-2018-q2-update.win32_1.0.0.201904181610/tools/bin/../lib/gcc/arm-none-eabi/7.3.1/../../../../arm-none-eabi/lib/thumb/v7e-m/fpv4-sp/hard\libc_nano.a(lib_a-localeconv.o)
 .ARM.attributes
                0x00000000000007b4       0x34 c:/st/stm32cubeide_1.3.0/stm32cubeide/plugins/com.st.stm32cube.ide.mcu.externaltools.gnu-tools-for-stm32.7-2018-q2-update.win32_1.0.0.201904181610/tools/bin/../lib/gcc/arm-none-eabi/7.3.1/../../../../arm-none-eabi/lib/thumb/v7e-m/fpv4-sp/hard\libc_nano.a(lib_a-memcpy-stub.o)
 .ARM.attributes
                0x00000000000007e8       0x34 c:/st/stm32cubeide_1.3.0/stm32cubeide/plugins/com.st.stm32cube.ide.mcu.externaltools.gnu-tools-for-stm32.7-2018-q2-update.win32_1.0.0.201904181610/tools/bin/../lib/gcc/arm-none-eabi/7.3.1/../../../../arm-none-eabi/lib/thumb/v7e-m/fpv4-sp/hard\libc_nano.a(lib_a-mlock.o)
 .ARM.attributes
                0x000000000000081c       0x34 c:/st/stm32cubeide_1.3.0/stm32cubeide/plugins/com.st.stm32cube.ide.mcu.externaltools.gnu-tools-for-stm32.7-2018-q2-update.win32_1.0.0.201904181610/tools/bin/../lib/gcc/arm-none-eabi/7.3.1/../../../../arm-none-eabi/lib/thumb/v7e-m/fpv4-sp/hard\libc_nano.a(lib_a-mprec.o)
 .ARM.attributes
                0x0000000000000850       0x34 c:/st/stm32cubeide_1.3.0/stm32cubeide/plugins/com.st.stm32cube.ide.mcu.externaltools.gnu-tools-for-stm32.7-2018-q2-update.win32_1.0.0.201904181610/tools/bin/../lib/gcc/arm-none-eabi/7.3.1/../../../../arm-none-eabi/lib/thumb/v7e-m/fpv4-sp/hard\libc_nano.a(lib_a-nano-callocr.o)
 .ARM.attributes
                0x0000000000000884       0x34 c:/st/stm32cubeide_1.3.0/stm32cubeide/plugins/com.st.stm32cube.ide.mcu.externaltools.gnu-tools-for-stm32.7-2018-q2-update.win32_1.0.0.201904181610/tools/bin/../lib/gcc/arm-none-eabi/7.3.1/../../../../arm-none-eabi/lib/thumb/v7e-m/fpv4-sp/hard\libc_nano.a(lib_a-reent.o)
 .ARM.attributes
                0x00000000000008b8       0x34 c:/st/stm32cubeide_1.3.0/stm32cubeide/plugins/com.st.stm32cube.ide.mcu.externaltools.gnu-tools-for-stm32.7-2018-q2-update.win32_1.0.0.201904181610/tools/bin/../lib/gcc/arm-none-eabi/7.3.1/../../../../arm-none-eabi/lib/thumb/v7e-m/fpv4-sp/hard\libc_nano.a(lib_a-locale.o)
 .ARM.attributes
                0x00000000000008ec       0x34 c:/st/stm32cubeide_1.3.0/stm32cubeide/plugins/com.st.stm32cube.ide.mcu.externaltools.gnu-tools-for-stm32.7-2018-q2-update.win32_1.0.0.201904181610/tools/bin/../lib/gcc/arm-none-eabi/7.3.1/../../../../arm-none-eabi/lib/thumb/v7e-m/fpv4-sp/hard\libc_nano.a(lib_a-mbtowc_r.o)
 .ARM.attributes
                0x0000000000000920       0x34 c:/st/stm32cubeide_1.3.0/stm32cubeide/plugins/com.st.stm32cube.ide.mcu.externaltools.gnu-tools-for-stm32.7-2018-q2-update.win32_1.0.0.201904181610/tools/bin/../lib/gcc/arm-none-eabi/7.3.1/../../../../arm-none-eabi/lib/thumb/v7e-m/fpv4-sp/hard\libc_nano.a(lib_a-wctomb_r.o)
 .ARM.attributes
                0x0000000000000954       0x34 c:/st/stm32cubeide_1.3.0/stm32cubeide/plugins/com.st.stm32cube.ide.mcu.externaltools.gnu-tools-for-stm32.7-2018-q2-update.win32_1.0.0.201904181610/tools/bin/../lib/gcc/arm-none-eabi/7.3.1/../../../../arm-none-eabi/lib/thumb/v7e-m/fpv4-sp/hard\libc_nano.a(lib_a-ctype_.o)
 .ARM.attributes
                0x0000000000000988       0x22 c:/st/stm32cubeide_1.3.0/stm32cubeide/plugins/com.st.stm32cube.ide.mcu.externaltools.gnu-tools-for-stm32.7-2018-q2-update.win32_1.0.0.201904181610/tools/bin/../lib/gcc/arm-none-eabi/7.3.1/thumb/v7e-m/fpv4-sp/hard\libgcc.a(_arm_addsubdf3.o)
 .ARM.attributes
                0x00000000000009aa       0x22 c:/st/stm32cubeide_1.3.0/stm32cubeide/plugins/com.st.stm32cube.ide.mcu.externaltools.gnu-tools-for-stm32.7-2018-q2-update.win32_1.0.0.201904181610/tools/bin/../lib/gcc/arm-none-eabi/7.3.1/thumb/v7e-m/fpv4-sp/hard\libgcc.a(_arm_muldivdf3.o)
 .ARM.attributes
                0x00000000000009cc       0x22 c:/st/stm32cubeide_1.3.0/stm32cubeide/plugins/com.st.stm32cube.ide.mcu.externaltools.gnu-tools-for-stm32.7-2018-q2-update.win32_1.0.0.201904181610/tools/bin/../lib/gcc/arm-none-eabi/7.3.1/thumb/v7e-m/fpv4-sp/hard\libgcc.a(_arm_cmpdf2.o)
 .ARM.attributes
                0x00000000000009ee       0x22 c:/st/stm32cubeide_1.3.0/stm32cubeide/plugins/com.st.stm32cube.ide.mcu.externaltools.gnu-tools-for-stm32.7-2018-q2-update.win32_1.0.0.201904181610/tools/bin/../lib/gcc/arm-none-eabi/7.3.1/thumb/v7e-m/fpv4-sp/hard\libgcc.a(_arm_unorddf2.o)
 .ARM.attributes
                0x0000000000000a10       0x22 c:/st/stm32cubeide_1.3.0/stm32cubeide/plugins/com.st.stm32cube.ide.mcu.externaltools.gnu-tools-for-stm32.7-2018-q2-update.win32_1.0.0.201904181610/tools/bin/../lib/gcc/arm-none-eabi/7.3.1/thumb/v7e-m/fpv4-sp/hard\libgcc.a(_arm_fixdfsi.o)
 .ARM.attributes
                0x0000000000000a32       0x22 c:/st/stm32cubeide_1.3.0/stm32cubeide/plugins/com.st.stm32cube.ide.mcu.externaltools.gnu-tools-for-stm32.7-2018-q2-update.win32_1.0.0.201904181610/tools/bin/../lib/gcc/arm-none-eabi/7.3.1/thumb/v7e-m/fpv4-sp/hard\libgcc.a(_aeabi_uldivmod.o)
 .ARM.attributes
                0x0000000000000a54       0x34 c:/st/stm32cubeide_1.3.0/stm32cubeide/plugins/com.st.stm32cube.ide.mcu.externaltools.gnu-tools-for-stm32.7-2018-q2-update.win32_1.0.0.201904181610/tools/bin/../lib/gcc/arm-none-eabi/7.3.1/thumb/v7e-m/fpv4-sp/hard\libgcc.a(_udivmoddi4.o)
 .ARM.attributes
                0x0000000000000a88       0x22 c:/st/stm32cubeide_1.3.0/stm32cubeide/plugins/com.st.stm32cube.ide.mcu.externaltools.gnu-tools-for-stm32.7-2018-q2-update.win32_1.0.0.201904181610/tools/bin/../lib/gcc/arm-none-eabi/7.3.1/thumb/v7e-m/fpv4-sp/hard\libgcc.a(_dvmd_tls.o)
 .ARM.attributes
                0x0000000000000aaa       0x22 c:/st/stm32cubeide_1.3.0/stm32cubeide/plugins/com.st.stm32cube.ide.mcu.externaltools.gnu-tools-for-stm32.7-2018-q2-update.win32_1.0.0.201904181610/tools/bin/../lib/gcc/arm-none-eabi/7.3.1/thumb/v7e-m/fpv4-sp/hard/crtn.o
OUTPUT(sp-ide.elf elf32-littlearm)

.debug_info     0x0000000000000000    0x14dd0
 .debug_info    0x0000000000000000     0x108f Core/Src/SP_LCD.o
 .debug_info    0x000000000000108f      0x450 Core/Src/SP_RGB.o
 .debug_info    0x00000000000014df     0x1182 Core/Src/SP_SD.o
 .debug_info    0x0000000000002661     0x122a Core/Src/SP_THS.o
 .debug_info    0x000000000000388b      0xb9a Core/Src/diskio.o
 .debug_info    0x0000000000004425     0x1983 Core/Src/ff.o
 .debug_info    0x0000000000005da8     0x21bd Core/Src/main.o
 .debug_info    0x0000000000007f65     0x1515 Core/Src/stm32f4xx_hal_msp.o
 .debug_info    0x000000000000947a      0x947 Core/Src/stm32f4xx_it.o
 .debug_info    0x0000000000009dc1      0x91c Core/Src/sysmem.o
 .debug_info    0x000000000000a6dd      0x554 Core/Src/system_stm32f4xx.o
 .debug_info    0x000000000000ac31       0x22 Core/Startup/startup_stm32f407vgtx.o
 .debug_info    0x000000000000ac53      0x945 Drivers/STM32F4xx_HAL_Driver/stm32f4xx_hal.o
 .debug_info    0x000000000000b598      0xe28 Drivers/STM32F4xx_HAL_Driver/stm32f4xx_hal_cortex.o
 .debug_info    0x000000000000c3c0      0x968 Drivers/STM32F4xx_HAL_Driver/stm32f4xx_hal_dma.o
 .debug_info    0x000000000000cd28      0x7b5 Drivers/STM32F4xx_HAL_Driver/stm32f4xx_hal_gpio.o
 .debug_info    0x000000000000d4dd      0x904 Drivers/STM32F4xx_HAL_Driver/stm32f4xx_hal_rcc.o
 .debug_info    0x000000000000dde1      0x5ae Drivers/STM32F4xx_HAL_Driver/stm32f4xx_hal_rcc_ex.o
 .debug_info    0x000000000000e38f      0xbbb Drivers/STM32F4xx_HAL_Driver/stm32f4xx_hal_rtc.o
 .debug_info    0x000000000000ef4a     0x163a Drivers/STM32F4xx_HAL_Driver/stm32f4xx_hal_spi.o
 .debug_info    0x0000000000010584     0x24a9 Drivers/STM32F4xx_HAL_Driver/stm32f4xx_hal_tim.o
 .debug_info    0x0000000000012a2d     0x1157 Drivers/STM32F4xx_HAL_Driver/stm32f4xx_hal_tim_ex.o
 .debug_info    0x0000000000013b84     0x124c Drivers/STM32F4xx_HAL_Driver/stm32f4xx_hal_uart.o

.debug_abbrev   0x0000000000000000     0x2cf8
 .debug_abbrev  0x0000000000000000      0x2c4 Core/Src/SP_LCD.o
 .debug_abbrev  0x00000000000002c4      0x154 Core/Src/SP_RGB.o
 .debug_abbrev  0x0000000000000418      0x22a Core/Src/SP_SD.o
 .debug_abbrev  0x0000000000000642      0x28b Core/Src/SP_THS.o
 .debug_abbrev  0x00000000000008cd      0x295 Core/Src/diskio.o
 .debug_abbrev  0x0000000000000b62      0x1b1 Core/Src/ff.o
 .debug_abbrev  0x0000000000000d13      0x2a2 Core/Src/main.o
 .debug_abbrev  0x0000000000000fb5      0x1f8 Core/Src/stm32f4xx_hal_msp.o
 .debug_abbrev  0x00000000000011ad      0x15a Core/Src/stm32f4xx_it.o
 .debug_abbrev  0x0000000000001307      0x1bb Core/Src/sysmem.o
 .debug_abbrev  0x00000000000014c2      0x12b Core/Src/system_stm32f4xx.o
 .debug_abbrev  0x00000000000015ed       0x12 Core/Startup/startup_stm32f407vgtx.o
 .debug_abbrev  0x00000000000015ff      0x1c7 Drivers/STM32F4xx_HAL_Driver/stm32f4xx_hal.o
 .debug_abbrev  0x00000000000017c6      0x2fa Drivers/STM32F4xx_HAL_Driver/stm32f4xx_hal_cortex.o
 .debug_abbrev  0x0000000000001ac0      0x229 Drivers/STM32F4xx_HAL_Driver/stm32f4xx_hal_dma.o
 .debug_abbrev  0x0000000000001ce9      0x1c9 Drivers/STM32F4xx_HAL_Driver/stm32f4xx_hal_gpio.o
 .debug_abbrev  0x0000000000001eb2      0x245 Drivers/STM32F4xx_HAL_Driver/stm32f4xx_hal_rcc.o
 .debug_abbrev  0x00000000000020f7      0x173 Drivers/STM32F4xx_HAL_Driver/stm32f4xx_hal_rcc_ex.o
 .debug_abbrev  0x000000000000226a      0x1be Drivers/STM32F4xx_HAL_Driver/stm32f4xx_hal_rtc.o
 .debug_abbrev  0x0000000000002428      0x240 Drivers/STM32F4xx_HAL_Driver/stm32f4xx_hal_spi.o
 .debug_abbrev  0x0000000000002668      0x230 Drivers/STM32F4xx_HAL_Driver/stm32f4xx_hal_tim.o
 .debug_abbrev  0x0000000000002898      0x21e Drivers/STM32F4xx_HAL_Driver/stm32f4xx_hal_tim_ex.o
 .debug_abbrev  0x0000000000002ab6      0x242 Drivers/STM32F4xx_HAL_Driver/stm32f4xx_hal_uart.o

.debug_aranges  0x0000000000000000     0x1378
 .debug_aranges
                0x0000000000000000      0x108 Core/Src/SP_LCD.o
 .debug_aranges
                0x0000000000000108       0x80 Core/Src/SP_RGB.o
 .debug_aranges
                0x0000000000000188       0x38 Core/Src/SP_SD.o
 .debug_aranges
                0x00000000000001c0       0x68 Core/Src/SP_THS.o
 .debug_aranges
                0x0000000000000228       0xb8 Core/Src/diskio.o
 .debug_aranges
                0x00000000000002e0      0x1b0 Core/Src/ff.o
 .debug_aranges
                0x0000000000000490       0x80 Core/Src/main.o
 .debug_aranges
                0x0000000000000510       0x68 Core/Src/stm32f4xx_hal_msp.o
 .debug_aranges
                0x0000000000000578       0x80 Core/Src/stm32f4xx_it.o
 .debug_aranges
                0x00000000000005f8       0x20 Core/Src/sysmem.o
 .debug_aranges
                0x0000000000000618       0x28 Core/Src/system_stm32f4xx.o
 .debug_aranges
                0x0000000000000640       0x28 Core/Startup/startup_stm32f407vgtx.o
 .debug_aranges
                0x0000000000000668       0xf0 Drivers/STM32F4xx_HAL_Driver/stm32f4xx_hal.o
 .debug_aranges
                0x0000000000000758      0x118 Drivers/STM32F4xx_HAL_Driver/stm32f4xx_hal_cortex.o
 .debug_aranges
                0x0000000000000870       0x90 Drivers/STM32F4xx_HAL_Driver/stm32f4xx_hal_dma.o
 .debug_aranges
                0x0000000000000900       0x58 Drivers/STM32F4xx_HAL_Driver/stm32f4xx_hal_gpio.o
 .debug_aranges
                0x0000000000000958       0x88 Drivers/STM32F4xx_HAL_Driver/stm32f4xx_hal_rcc.o
 .debug_aranges
                0x00000000000009e0       0x48 Drivers/STM32F4xx_HAL_Driver/stm32f4xx_hal_rcc_ex.o
 .debug_aranges
                0x0000000000000a28       0xb8 Drivers/STM32F4xx_HAL_Driver/stm32f4xx_hal_rtc.o
 .debug_aranges
                0x0000000000000ae0      0x1d0 Drivers/STM32F4xx_HAL_Driver/stm32f4xx_hal_spi.o
 .debug_aranges
                0x0000000000000cb0      0x3a8 Drivers/STM32F4xx_HAL_Driver/stm32f4xx_hal_tim.o
 .debug_aranges
                0x0000000000001058      0x150 Drivers/STM32F4xx_HAL_Driver/stm32f4xx_hal_tim_ex.o
 .debug_aranges
                0x00000000000011a8      0x1d0 Drivers/STM32F4xx_HAL_Driver/stm32f4xx_hal_uart.o

.debug_ranges   0x0000000000000000     0x1210
 .debug_ranges  0x0000000000000000       0xf8 Core/Src/SP_LCD.o
 .debug_ranges  0x00000000000000f8       0x70 Core/Src/SP_RGB.o
 .debug_ranges  0x0000000000000168       0x28 Core/Src/SP_SD.o
 .debug_ranges  0x0000000000000190       0x58 Core/Src/SP_THS.o
 .debug_ranges  0x00000000000001e8       0xa8 Core/Src/diskio.o
 .debug_ranges  0x0000000000000290      0x1a0 Core/Src/ff.o
 .debug_ranges  0x0000000000000430       0x70 Core/Src/main.o
 .debug_ranges  0x00000000000004a0       0x58 Core/Src/stm32f4xx_hal_msp.o
 .debug_ranges  0x00000000000004f8       0x70 Core/Src/stm32f4xx_it.o
 .debug_ranges  0x0000000000000568       0x10 Core/Src/sysmem.o
 .debug_ranges  0x0000000000000578       0x18 Core/Src/system_stm32f4xx.o
 .debug_ranges  0x0000000000000590       0x20 Core/Startup/startup_stm32f407vgtx.o
 .debug_ranges  0x00000000000005b0       0xe0 Drivers/STM32F4xx_HAL_Driver/stm32f4xx_hal.o
 .debug_ranges  0x0000000000000690      0x108 Drivers/STM32F4xx_HAL_Driver/stm32f4xx_hal_cortex.o