Archive member included to satisfy reference by file (symbol)

c:/st/stm32cubeide_1.3.0/stm32cubeide/plugins/com.st.stm32cube.ide.mcu.externaltools.gnu-tools-for-stm32.7-2018-q2-update.win32_1.0.0.201904181610/tools/bin/../lib/gcc/arm-none-eabi/7.3.1/../../../../arm-none-eabi/lib/thumb/v7e-m/fpv4-sp/hard\libc_nano.a(lib_a-errno.o)
                              Core/Src/syscalls.o (__errno)
c:/st/stm32cubeide_1.3.0/stm32cubeide/plugins/com.st.stm32cube.ide.mcu.externaltools.gnu-tools-for-stm32.7-2018-q2-update.win32_1.0.0.201904181610/tools/bin/../lib/gcc/arm-none-eabi/7.3.1/../../../../arm-none-eabi/lib/thumb/v7e-m/fpv4-sp/hard\libc_nano.a(lib_a-exit.o)
                              c:/st/stm32cubeide_1.3.0/stm32cubeide/plugins/com.st.stm32cube.ide.mcu.externaltools.gnu-tools-for-stm32.7-2018-q2-update.win32_1.0.0.201904181610/tools/bin/../lib/gcc/arm-none-eabi/7.3.1/../../../../arm-none-eabi/lib/thumb/v7e-m/fpv4-sp/hard/crt0.o (exit)
c:/st/stm32cubeide_1.3.0/stm32cubeide/plugins/com.st.stm32cube.ide.mcu.externaltools.gnu-tools-for-stm32.7-2018-q2-update.win32_1.0.0.201904181610/tools/bin/../lib/gcc/arm-none-eabi/7.3.1/../../../../arm-none-eabi/lib/thumb/v7e-m/fpv4-sp/hard\libc_nano.a(lib_a-impure.o)
                              c:/st/stm32cubeide_1.3.0/stm32cubeide/plugins/com.st.stm32cube.ide.mcu.externaltools.gnu-tools-for-stm32.7-2018-q2-update.win32_1.0.0.201904181610/tools/bin/../lib/gcc/arm-none-eabi/7.3.1/../../../../arm-none-eabi/lib/thumb/v7e-m/fpv4-sp/hard\libc_nano.a(lib_a-exit.o) (_global_impure_ptr)
c:/st/stm32cubeide_1.3.0/stm32cubeide/plugins/com.st.stm32cube.ide.mcu.externaltools.gnu-tools-for-stm32.7-2018-q2-update.win32_1.0.0.201904181610/tools/bin/../lib/gcc/arm-none-eabi/7.3.1/../../../../arm-none-eabi/lib/thumb/v7e-m/fpv4-sp/hard\libc_nano.a(lib_a-init.o)
                              c:/st/stm32cubeide_1.3.0/stm32cubeide/plugins/com.st.stm32cube.ide.mcu.externaltools.gnu-tools-for-stm32.7-2018-q2-update.win32_1.0.0.201904181610/tools/bin/../lib/gcc/arm-none-eabi/7.3.1/../../../../arm-none-eabi/lib/thumb/v7e-m/fpv4-sp/hard/crt0.o (__libc_init_array)
c:/st/stm32cubeide_1.3.0/stm32cubeide/plugins/com.st.stm32cube.ide.mcu.externaltools.gnu-tools-for-stm32.7-2018-q2-update.win32_1.0.0.201904181610/tools/bin/../lib/gcc/arm-none-eabi/7.3.1/../../../../arm-none-eabi/lib/thumb/v7e-m/fpv4-sp/hard\libc_nano.a(lib_a-memset.o)
                              c:/st/stm32cubeide_1.3.0/stm32cubeide/plugins/com.st.stm32cube.ide.mcu.externaltools.gnu-tools-for-stm32.7-2018-q2-update.win32_1.0.0.201904181610/tools/bin/../lib/gcc/arm-none-eabi/7.3.1/../../../../arm-none-eabi/lib/thumb/v7e-m/fpv4-sp/hard/crt0.o (memset)
c:/st/stm32cubeide_1.3.0/stm32cubeide/plugins/com.st.stm32cube.ide.mcu.externaltools.gnu-tools-for-stm32.7-2018-q2-update.win32_1.0.0.201904181610/tools/bin/../lib/gcc/arm-none-eabi/7.3.1/../../../../arm-none-eabi/lib/thumb/v7e-m/fpv4-sp/hard\libc_nano.a(lib_a-nano-vfprintf_float.o)
                              (_printf_float)
c:/st/stm32cubeide_1.3.0/stm32cubeide/plugins/com.st.stm32cube.ide.mcu.externaltools.gnu-tools-for-stm32.7-2018-q2-update.win32_1.0.0.201904181610/tools/bin/../lib/gcc/arm-none-eabi/7.3.1/../../../../arm-none-eabi/lib/thumb/v7e-m/fpv4-sp/hard\libc_nano.a(lib_a-nano-vfprintf_i.o)
                              c:/st/stm32cubeide_1.3.0/stm32cubeide/plugins/com.st.stm32cube.ide.mcu.externaltools.gnu-tools-for-stm32.7-2018-q2-update.win32_1.0.0.201904181610/tools/bin/../lib/gcc/arm-none-eabi/7.3.1/../../../../arm-none-eabi/lib/thumb/v7e-m/fpv4-sp/hard\libc_nano.a(lib_a-nano-vfprintf_float.o) (_printf_common)
c:/st/stm32cubeide_1.3.0/stm32cubeide/plugins/com.st.stm32cube.ide.mcu.externaltools.gnu-tools-for-stm32.7-2018-q2-update.win32_1.0.0.201904181610/tools/bin/../lib/gcc/arm-none-eabi/7.3.1/../../../../arm-none-eabi/lib/thumb/v7e-m/fpv4-sp/hard\libc_nano.a(lib_a-sprintf.o)
                              Core/Src/SP_LCD.o (sprintf)
c:/st/stm32cubeide_1.3.0/stm32cubeide/plugins/com.st.stm32cube.ide.mcu.externaltools.gnu-tools-for-stm32.7-2018-q2-update.win32_1.0.0.201904181610/tools/bin/../lib/gcc/arm-none-eabi/7.3.1/../../../../arm-none-eabi/lib/thumb/v7e-m/fpv4-sp/hard\libc_nano.a(lib_a-strcat.o)
                              Core/Src/SP_NET.o (strcat)
c:/st/stm32cubeide_1.3.0/stm32cubeide/plugins/com.st.stm32cube.ide.mcu.externaltools.gnu-tools-for-stm32.7-2018-q2-update.win32_1.0.0.201904181610/tools/bin/../lib/gcc/arm-none-eabi/7.3.1/../../../../arm-none-eabi/lib/thumb/v7e-m/fpv4-sp/hard\libc_nano.a(lib_a-strcmp.o)
                              Core/Src/SP_NET.o (strcmp)
c:/st/stm32cubeide_1.3.0/stm32cubeide/plugins/com.st.stm32cube.ide.mcu.externaltools.gnu-tools-for-stm32.7-2018-q2-update.win32_1.0.0.201904181610/tools/bin/../lib/gcc/arm-none-eabi/7.3.1/../../../../arm-none-eabi/lib/thumb/v7e-m/fpv4-sp/hard\libc_nano.a(lib_a-strlen.o)
                              Core/Src/SP_LCD.o (strlen)
[...]
Memory Configuration

Name             Origin             Length             Attributes
CCMRAM           0x0000000010000000 0x0000000000010000 xrw
RAM              0x0000000020000000 0x0000000000020000 xrw
FLASH            0x0000000008000000 0x0000000000100000 xr
*default*        0x0000000000000000 0xffffffffffffffff

Linker script and memory map

LOAD c:/st/stm32cubeide_1.3.0/stm32cubeide/plugins/com.st.stm32cube.ide.mcu.externaltools.gnu-tools-for-stm32.7-2018-q2-update.win32_1.0.0.201904181610/tools/bin/../lib/gcc/arm-none-eabi/7.3.1/thumb/v7e-m/fpv4-sp/hard/crti.o
LOAD c:/st/stm32cubeide_1.3.0/stm32cubeide/plugins/com.st.stm32cube.ide.mcu.externaltools.gnu-tools-for-stm32.7-2018-q2-update.win32_1.0.0.201904181610/tools/bin/../lib/gcc/arm-none-eabi/7.3.1/thumb/v7e-m/fpv4-sp/hard/crtbegin.o
LOAD c:/st/stm32cubeide_1.3.0/stm32cubeide/plugins/com.st.stm32cube.ide.mcu.externaltools.gnu-tools-for-stm32.7-2018-q2-update.win32_1.0.0.201904181610/tools/bin/../lib/gcc/arm-none-eabi/7.3.1/../../../../arm-none-eabi/lib/thumb/v7e-m/fpv4-sp/hard/crt0.o
LOAD Core/Src/SP_LCD.o
LOAD Core/Src/SP_MENU.o
LOAD Core/Src/SP_NET.o
LOAD Core/Src/SP_RGB.o
LOAD Core/Src/SP_SD.o
LOAD Core/Src/SP_THS.o
LOAD Core/Src/diskio.o
LOAD Core/Src/ff.o
LOAD Core/Src/ffsystem.o
LOAD Core/Src/ffunicode.o
LOAD Core/Src/main.o
LOAD Core/Src/stm32f4xx_hal_msp.o
LOAD Core/Src/stm32f4xx_it.o
LOAD Core/Src/syscalls.o
LOAD Core/Src/sysmem.o
LOAD Core/Src/system_stm32f4xx.o
LOAD Core/Startup/startup_stm32f407vgtx.o
LOAD Drivers/STM32F4xx_HAL_Driver/stm32f4xx_hal.o
LOAD Drivers/STM32F4xx_HAL_Driver/stm32f4xx_hal_cortex.o
LOAD Drivers/STM32F4xx_HAL_Driver/stm32f4xx_hal_dma.o
LOAD Drivers/STM32F4xx_HAL_Driver/stm32f4xx_hal_dma_ex.o
LOAD Drivers/STM32F4xx_HAL_Driver/stm32f4xx_hal_exti.o
LOAD Drivers/STM32F4xx_HAL_Driver/stm32f4xx_hal_flash.o
LOAD Drivers/STM32F4xx_HAL_Driver/stm32f4xx_hal_flash_ex.o
LOAD Drivers/STM32F4xx_HAL_Driver/stm32f4xx_hal_flash_ramfunc.o
LOAD Drivers/STM32F4xx_HAL_Driver/stm32f4xx_hal_gpio.o
LOAD Drivers/STM32F4xx_HAL_Driver/stm32f4xx_hal_pwr.o
LOAD Drivers/STM32F4xx_HAL_Driver/stm32f4xx_hal_pwr_ex.o
LOAD Drivers/STM32F4xx_HAL_Driver/stm32f4xx_hal_rcc.o
LOAD Drivers/STM32F4xx_HAL_Driver/stm32f4xx_hal_rcc_ex.o
LOAD Drivers/STM32F4xx_HAL_Driver/stm32f4xx_hal_rtc.o
LOAD Drivers/STM32F4xx_HAL_Driver/stm32f4xx_hal_rtc_ex.o
LOAD Drivers/STM32F4xx_HAL_Driver/stm32f4xx_hal_spi.o
LOAD Drivers/STM32F4xx_HAL_Driver/stm32f4xx_hal_tim.o
LOAD Drivers/STM32F4xx_HAL_Driver/stm32f4xx_hal_tim_ex.o
LOAD Drivers/STM32F4xx_HAL_Driver/stm32f4xx_hal_uart.o
START GROUP
LOAD c:/st/stm32cubeide_1.3.0/stm32cubeide/plugins/com.st.stm32cube.ide.mcu.externaltools.gnu-tools-for-stm32.7-2018-q2-update.win32_1.0.0.201904181610/tools/bin/../lib/gcc/arm-none-eabi/7.3.1/../../../../arm-none-eabi/lib/thumb/v7e-m/fpv4-sp/hard\libc_nano.a
LOAD c:/st/stm32cubeide_1.3.0/stm32cubeide/plugins/com.st.stm32cube.ide.mcu.externaltools.gnu-tools-for-stm32.7-2018-q2-update.win32_1.0.0.201904181610/tools/bin/../lib/gcc/arm-none-eabi/7.3.1/../../../../arm-none-eabi/lib/thumb/v7e-m/fpv4-sp/hard\libm.a
END GROUP
START GROUP
LOAD c:/st/stm32cubeide_1.3.0/stm32cubeide/plugins/com.st.stm32cube.ide.mcu.externaltools.gnu-tools-for-stm32.7-2018-q2-update.win32_1.0.0.201904181610/tools/bin/../lib/gcc/arm-none-eabi/7.3.1/thumb/v7e-m/fpv4-sp/hard\libgcc.a
LOAD c:/st/stm32cubeide_1.3.0/stm32cubeide/plugins/com.st.stm32cube.ide.mcu.externaltools.gnu-tools-for-stm32.7-2018-q2-update.win32_1.0.0.201904181610/tools/bin/../lib/gcc/arm-none-eabi/7.3.1/../../../../arm-none-eabi/lib/thumb/v7e-m/fpv4-sp/hard\libc_nano.a
END GROUP
START GROUP
LOAD c:/st/stm32cubeide_1.3.0/stm32cubeide/plugins/com.st.stm32cube.ide.mcu.externaltools.gnu-tools-for-stm32.7-2018-q2-update.win32_1.0.0.201904181610/tools/bin/../lib/gcc/arm-none-eabi/7.3.1/thumb/v7e-m/fpv4-sp/hard\libgcc.a
LOAD c:/st/stm32cubeide_1.3.0/stm32cubeide/plugins/com.st.stm32cube.ide.mcu.externaltools.gnu-tools-for-stm32.7-2018-q2-update.win32_1.0.0.201904181610/tools/bin/../lib/gcc/arm-none-eabi/7.3.1/../../../../arm-none-eabi/lib/thumb/v7e-m/fpv4-sp/hard\libc_nano.a
LOAD c:/st/stm32cubeide_1.3.0/stm32cubeide/plugins/com.st.stm32cube.ide.mcu.externaltools.gnu-tools-for-stm32.7-2018-q2-update.win32_1.0.0.201904181610/tools/bin/../lib/gcc/arm-none-eabi/7.3.1/../../../../arm-none-eabi/lib/thumb/v7e-m/fpv4-sp/hard\libnosys.a
END GROUP
START GROUP
LOAD c:/st/stm32cubeide_1.3.0/stm32cubeide/plugins/com.st.stm32cube.ide.mcu.externaltools.gnu-tools-for-stm32.7-2018-q2-update.win32_1.0.0.201904181610/tools/bin/../lib/gcc/arm-none-eabi/7.3.1/thumb/v7e-m/fpv4-sp/hard\libgcc.a
LOAD c:/st/stm32cubeide_1.3.0/stm32cubeide/plugins/com.st.stm32cube.ide.mcu.externaltools.gnu-tools-for-stm32.7-2018-q2-update.win32_1.0.0.201904181610/tools/bin/../lib/gcc/arm-none-eabi/7.3.1/../../../../arm-none-eabi/lib/thumb/v7e-m/fpv4-sp/hard\libc_nano.a
LOAD c:/st/stm32cubeide_1.3.0/stm32cubeide/plugins/com.st.stm32cube.ide.mcu.externaltools.gnu-tools-for-stm32.7-2018-q2-update.win32_1.0.0.201904181610/tools/bin/../lib/gcc/arm-none-eabi/7.3.1/../../../../arm-none-eabi/lib/thumb/v7e-m/fpv4-sp/hard\libnosys.a
END GROUP
LOAD c:/st/stm32cubeide_1.3.0/stm32cubeide/plugins/com.st.stm32cube.ide.mcu.externaltools.gnu-tools-for-stm32.7-2018-q2-update.win32_1.0.0.201904181610/tools/bin/../lib/gcc/arm-none-eabi/7.3.1/thumb/v7e-m/fpv4-sp/hard/crtend.o
LOAD c:/st/stm32cubeide_1.3.0/stm32cubeide/plugins/com.st.stm32cube.ide.mcu.externaltools.gnu-tools-for-stm32.7-2018-q2-update.win32_1.0.0.201904181610/tools/bin/../lib/gcc/arm-none-eabi/7.3.1/thumb/v7e-m/fpv4-sp/hard/crtn.o
                0x0000000020020000                _estack = (ORIGIN (RAM) + LENGTH (RAM))
                0x0000000000000200                _Min_Heap_Size = 0x200
                0x0000000000000400                _Min_Stack_Size = 0x400

.isr_vector     0x0000000008000000      0x188
                0x0000000008000000                . = ALIGN (0x4)
 *(.isr_vector)
 .isr_vector    0x0000000008000000      0x188 Core/Startup/startup_stm32f407vgtx.o
                0x0000000008000000                g_pfnVectors
                0x0000000008000188                . = ALIGN (0x4)

.text           0x0000000008000190     0xb558
                0x0000000008000190                . = ALIGN (0x4)
 *(.text)
 .text          0x0000000008000190       0x40 c:/st/stm32cubeide_1.3.0/stm32cubeide/plugins/com.st.stm32cube.ide.mcu.externaltools.gnu-tools-for-stm32.7-2018-q2-update.win32_1.0.0.201904181610/tools/bin/../lib/gcc/arm-none-eabi/7.3.1/thumb/v7e-m/fpv4-sp/hard/crtbegin.o
 .text          0x00000000080001d0       0x14 c:/st/stm32cubeide_1.3.0/stm32cubeide/plugins/com.st.stm32cube.ide.mcu.externaltools.gnu-tools-for-stm32.7-2018-q2-update.win32_1.0.0.201904181610/tools/bin/../lib/gcc/arm-none-eabi/7.3.1/../../../../arm-none-eabi/lib/thumb/v7e-m/fpv4-sp/hard\libc_nano.a(lib_a-strcmp.o)
                0x00000000080001d0                strcmp
 .text          0x00000000080001e4       0x10 c:/st/stm32cubeide_1.3.0/stm32cubeide/plugins/com.st.stm32cube.ide.mcu.externaltools.gnu-tools-for-stm32.7-2018-q2-update.win32_1.0.0.201904181610/tools/bin/../lib/gcc/arm-none-eabi/7.3.1/../../../../arm-none-eabi/lib/thumb/v7e-m/fpv4-sp/hard\libc_nano.a(lib_a-strlen.o)
                0x00000000080001e4                strlen
 *fill*         0x00000000080001f4        0xc 
 .text          0x0000000008000200       0xa0 c:/st/stm32cubeide_1.3.0/stm32cubeide/plugins/com.st.stm32cube.ide.mcu.externaltools.gnu-tools-for-stm32.7-2018-q2-update.win32_1.0.0.201904181610/tools/bin/../lib/gcc/arm-none-eabi/7.3.1/../../../../arm-none-eabi/lib/thumb/v7e-m/fpv4-sp/hard\libc_nano.a(lib_a-memchr.o)
                0x0000000008000200                memchr
 .text          0x00000000080002a0      0x378 c:/st/stm32cubeide_1.3.0/stm32cubeide/plugins/com.st.stm32cube.ide.mcu.externaltools.gnu-tools-for-stm32.7-2018-q2-update.win32_1.0.0.201904181610/tools/bin/../lib/gcc/arm-none-eabi/7.3.1/thumb/v7e-m/fpv4-sp/hard\libgcc.a(_arm_addsubdf3.o)
                0x00000000080002a0                __aeabi_drsub
                0x00000000080002a8                __aeabi_dsub
                0x00000000080002a8                __subdf3
                0x00000000080002ac                __aeabi_dadd
                0x00000000080002ac                __adddf3
                0x0000000008000524                __floatunsidf
                0x0000000008000524                __aeabi_ui2d
                0x0000000008000544                __floatsidf
                0x0000000008000544                __aeabi_i2d
                0x0000000008000568                __aeabi_f2d
                0x0000000008000568                __extendsfdf2
                0x00000000080005ac                __floatundidf
                0x00000000080005ac                __aeabi_ul2d
                0x00000000080005bc                __floatdidf
                0x00000000080005bc                __aeabi_l2d
 .text          0x0000000008000618      0x424 c:/st/stm32cubeide_1.3.0/stm32cubeide/plugins/com.st.stm32cube.ide.mcu.externaltools.gnu-tools-for-stm32.7-2018-q2-update.win32_1.0.0.201904181610/tools/bin/../lib/gcc/arm-none-eabi/7.3.1/thumb/v7e-m/fpv4-sp/hard\libgcc.a(_arm_muldivdf3.o)
                0x0000000008000618                __aeabi_dmul
                0x0000000008000618                __muldf3
                0x000000000800086c                __divdf3
                0x000000000800086c                __aeabi_ddiv
 .text          0x0000000008000a3c      0x110 c:/st/stm32cubeide_1.3.0/stm32cubeide/plugins/com.st.stm32cube.ide.mcu.externaltools.gnu-tools-for-stm32.7-2018-q2-update.win32_1.0.0.201904181610/tools/bin/../lib/gcc/arm-none-eabi/7.3.1/thumb/v7e-m/fpv4-sp/hard\libgcc.a(_arm_cmpdf2.o)
                0x0000000008000a3c                __gtdf2
                0x0000000008000a3c                __gedf2
                0x0000000008000a44                __ltdf2
                0x0000000008000a44                __ledf2
                0x0000000008000a4c                __nedf2
                0x0000000008000a4c                __eqdf2
                0x0000000008000a4c                __cmpdf2
                0x0000000008000ac8                __aeabi_cdrcmple
                0x0000000008000ad8                __aeabi_cdcmpeq
                0x0000000008000ad8                __aeabi_cdcmple
                0x0000000008000ae8                __aeabi_dcmpeq
                0x0000000008000afc                __aeabi_dcmplt
                0x0000000008000b10                __aeabi_dcmple
                0x0000000008000b24                __aeabi_dcmpge
                0x0000000008000b38                __aeabi_dcmpgt
 .text          0x0000000008000b4c       0x2c c:/st/stm32cubeide_1.3.0/stm32cubeide/plugins/com.st.stm32cube.ide.mcu.externaltools.gnu-tools-for-stm32.7-2018-q2-update.win32_1.0.0.201904181610/tools/bin/../lib/gcc/arm-none-eabi/7.3.1/thumb/v7e-m/fpv4-sp/hard\libgcc.a(_arm_unorddf2.o)
                0x0000000008000b4c                __unorddf2
                0x0000000008000b4c                __aeabi_dcmpun
 .text          0x0000000008000b78       0x50 c:/st/stm32cubeide_1.3.0/stm32cubeide/plugins/com.st.stm32cube.ide.mcu.externaltools.gnu-tools-for-stm32.7-2018-q2-update.win32_1.0.0.201904181610/tools/bin/../lib/gcc/arm-none-eabi/7.3.1/thumb/v7e-m/fpv4-sp/hard\libgcc.a(_arm_fixdfsi.o)
                0x0000000008000b78                __aeabi_d2iz
                0x0000000008000b78                __fixdfsi
 .text          0x0000000008000bc8       0x30 c:/st/stm32cubeide_1.3.0/stm32cubeide/plugins/com.st.stm32cube.ide.mcu.externaltools.gnu-tools-for-stm32.7-2018-q2-update.win32_1.0.0.201904181610/tools/bin/../lib/gcc/arm-none-eabi/7.3.1/thumb/v7e-m/fpv4-sp/hard\libgcc.a(_aeabi_uldivmod.o)
                0x0000000008000bc8                __aeabi_uldivmod
 .text          0x0000000008000bf8      0x2cc c:/st/stm32cubeide_1.3.0/stm32cubeide/plugins/com.st.stm32cube.ide.mcu.externaltools.gnu-tools-for-stm32.7-2018-q2-update.win32_1.0.0.201904181610/tools/bin/../lib/gcc/arm-none-eabi/7.3.1/thumb/v7e-m/fpv4-sp/hard\libgcc.a(_udivmoddi4.o)
                0x0000000008000bf8                __udivmoddi4
 .text          0x0000000008000ec4        0x4 c:/st/stm32cubeide_1.3.0/stm32cubeide/plugins/com.st.stm32cube.ide.mcu.externaltools.gnu-tools-for-stm32.7-2018-q2-update.win32_1.0.0.201904181610/tools/bin/../lib/gcc/arm-none-eabi/7.3.1/thumb/v7e-m/fpv4-sp/hard\libgcc.a(_dvmd_tls.o)
                0x0000000008000ec4                __aeabi_idiv0
                0x0000000008000ec4                __aeabi_ldiv0
 *(.text*)
 .text._LCD_SetRowOffsets
                0x0000000008000ec8       0x40 Core/Src/SP_LCD.o
                0x0000000008000ec8                _LCD_SetRowOffsets
 .text._LCD_EnableSignal
                0x0000000008000f08       0x3c Core/Src/SP_LCD.o
                0x0000000008000f08                _LCD_EnableSignal
 .text._LCD_WriteData
                0x0000000008000f44       0x50 Core/Src/SP_LCD.o
                0x0000000008000f44                _LCD_WriteData
 .text._LCD_SendByteWithState
                0x0000000008000f94       0x48 Core/Src/SP_LCD.o
                0x0000000008000f94                _LCD_SendByteWithState
 .text._LCD_SendCommand
                0x0000000008000fdc       0x1c Core/Src/SP_LCD.o
                0x0000000008000fdc                _LCD_SendCommand
 .text._LCD_SendData
                0x0000000008000ff8       0x74 Core/Src/SP_LCD.o
                0x0000000008000ff8                _LCD_SendData
 .text.LCD_Init
                0x000000000800106c      0x184 Core/Src/SP_LCD.o
                0x000000000800106c                LCD_Init
 .text.LCD_WakeScreen
                0x00000000080011f0       0x18 Core/Src/SP_LCD.o
                0x00000000080011f0                LCD_WakeScreen
 .text.LCD_BackgroundOn
                0x0000000008001208       0x18 Core/Src/SP_LCD.o
                0x0000000008001208                LCD_BackgroundOn
 .text.LCD_BackgroundOff
                0x0000000008001220       0x18 Core/Src/SP_LCD.o
                0x0000000008001220                LCD_BackgroundOff
 .text.LCD_ClearScreen
                0x0000000008001238       0x18 Core/Src/SP_LCD.o
                0x0000000008001238                LCD_ClearScreen
 .text.LCD_ResetCursor
                0x0000000008001250       0x1c Core/Src/SP_LCD.o
                0x0000000008001250                LCD_ResetCursor
 .text.LCD_SetCursor
                0x000000000800126c       0x60 Core/Src/SP_LCD.o
                0x000000000800126c                LCD_SetCursor
 .text.LCD_DisplayOn
                0x00000000080012cc       0x2c Core/Src/SP_LCD.o
                0x00000000080012cc                LCD_DisplayOn
 .text.LCD_DisableCursor
                0x00000000080012f8       0x2c Core/Src/SP_LCD.o
                0x00000000080012f8                LCD_DisableCursor
 .text.LCD_EnableCursor
                0x0000000008001324       0x2c Core/Src/SP_LCD.o
                0x0000000008001324                LCD_EnableCursor
 .text.LCD_DisableBlink
                0x0000000008001350       0x2c Core/Src/SP_LCD.o
                0x0000000008001350                LCD_DisableBlink
 .text.LCD_EnableBlink
                0x000000000800137c       0x2c Core/Src/SP_LCD.o
                0x000000000800137c                LCD_EnableBlink
 .text.LCD_Print
                0x00000000080013a8       0x48 Core/Src/SP_LCD.o
                0x00000000080013a8                LCD_Print
 .text.LCD_PrintCentered
                0x00000000080013f0       0x54 Core/Src/SP_LCD.o
                0x00000000080013f0                LCD_PrintCentered
 .text.LCD_PrintTempInfo
                0x0000000008001444      0x254 Core/Src/SP_LCD.o
                0x0000000008001444                LCD_PrintTempInfo
 .text.LCD_NextLine
                0x0000000008001698       0x50 Core/Src/SP_LCD.o
                0x0000000008001698                LCD_NextLine
 .text.LCD_CursorUp
                0x00000000080016e8       0x38 Core/Src/SP_LCD.o
                0x00000000080016e8                LCD_CursorUp
 .text.LCD_CursorDown
                0x0000000008001720       0x38 Core/Src/SP_LCD.o
                0x0000000008001720                LCD_CursorDown
 .text.LCD_CursorLeft
                0x0000000008001758       0x5c Core/Src/SP_LCD.o
                0x0000000008001758                LCD_CursorLeft
 .text.LCD_CursorRight
                0x00000000080017b4       0x5c Core/Src/SP_LCD.o
                0x00000000080017b4                LCD_CursorRight
 .text.LCD_DefineCustomChar
                0x0000000008001810       0x52 Core/Src/SP_LCD.o
                0x0000000008001810                LCD_DefineCustomChar
 *fill*         0x0000000008001862        0x2 
 .text.LCD_PrintDateTime
                0x0000000008001864       0x38 Core/Src/SP_LCD.o
                0x0000000008001864                LCD_PrintDateTime
 .text.LCD_WriteChar
                0x000000000800189c       0x20 Core/Src/SP_LCD.o
                0x000000000800189c                LCD_WriteChar
 .text.LCD_PrintNetworks
                0x00000000080018bc       0xe0 Core/Src/SP_LCD.o
                0x00000000080018bc                LCD_PrintNetworks
 .text.LCD_PrintOptionsScreen
                0x000000000800199c       0x98 Core/Src/SP_LCD.o
                0x000000000800199c                LCD_PrintOptionsScreen
 .text.LCD_PrintNetworkStatus
                0x0000000008001a34       0xc0 Core/Src/SP_LCD.o
                0x0000000008001a34                LCD_PrintNetworkStatus
 .text.MENU_Init
                0x0000000008001af4       0x18 Core/Src/SP_MENU.o
                0x0000000008001af4                MENU_Init
 .text._PWD_ResetPasswd
                0x0000000008001b0c       0x48 Core/Src/SP_MENU.o
                0x0000000008001b0c                _PWD_ResetPasswd
 .text._PWD_NextChar
                0x0000000008001b54       0x30 Core/Src/SP_MENU.o
                0x0000000008001b54                _PWD_NextChar
 .text._PWD_SaveAndWrite
                0x0000000008001b84       0x38 Core/Src/SP_MENU.o
                0x0000000008001b84                _PWD_SaveAndWrite
 .text._CLK_HandleDateTimeInput
                0x0000000008001bbc      0x2bc Core/Src/SP_MENU.o
                0x0000000008001bbc                _CLK_HandleDateTimeInput
 .text._CLK_MoveInputRight
                0x0000000008001e78       0xc0 Core/Src/SP_MENU.o
                0x0000000008001e78                _CLK_MoveInputRight
 .text._CLK_MoveInputLeft
                0x0000000008001f38       0xc0 Core/Src/SP_MENU.o
                0x0000000008001f38                _CLK_MoveInputLeft
 .text._CLK_ParseAndSetDateTime
                0x0000000008001ff8      0x1e0 Core/Src/SP_MENU.o
                0x0000000008001ff8                _CLK_ParseAndSetDateTime
 .text.MENU_PasswdInput
                0x00000000080021d8       0x50 Core/Src/SP_MENU.o
                0x00000000080021d8                MENU_PasswdInput
 .text.MENU_Options
                0x0000000008002228       0x50 Core/Src/SP_MENU.o
                0x0000000008002228                MENU_Options
 .text.MENU_OptionsSetDateTime
                0x0000000008002278       0xa8 Core/Src/SP_MENU.o
                0x0000000008002278                MENU_OptionsSetDateTime
 .text._WiFi_NofNetworks
                0x0000000008002320       0x48 Core/Src/SP_MENU.o
                0x0000000008002320                _WiFi_NofNetworks
 .text._WiFi_RequestConn
                0x0000000008002368       0xe0 Core/Src/SP_MENU.o
                0x0000000008002368                _WiFi_RequestConn
 .text.MENU_OptionsWifiList
                0x0000000008002448       0xd0 Core/Src/SP_MENU.o
                0x0000000008002448                MENU_OptionsWifiList
 .text.MENU_Clock
                0x0000000008002518       0x7c Core/Src/SP_MENU.o
                0x0000000008002518                MENU_Clock
 .text.MENU_HandleKeys
                0x0000000008002594      0x404 Core/Src/SP_MENU.o
                0x0000000008002594                MENU_HandleKeys
 .text._NET_ResetBuffer
                0x0000000008002998       0x34 Core/Src/SP_NET.o
                0x0000000008002998                _NET_ResetBuffer
 .text._NET_SendCommand
                0x00000000080029cc       0xa0 Core/Src/SP_NET.o
                0x00000000080029cc                _NET_SendCommand
 .text._NET_SetClientDConnMode
                0x0000000008002a6c       0x44 Core/Src/SP_NET.o
                0x0000000008002a6c                _NET_SetClientDConnMode
 .text.NET_Init
                0x0000000008002ab0        0xc Core/Src/SP_NET.o
                0x0000000008002ab0                NET_Init
 .text.NET_RequestNetworkList
                0x0000000008002abc      0x268 Core/Src/SP_NET.o
                0x0000000008002abc                NET_RequestNetworkList
 .text.NET_ConnectToWiFi
                0x0000000008002d24      0x14c Core/Src/SP_NET.o
                0x0000000008002d24                NET_ConnectToWiFi
 .text.NET_GetConnInfo
                0x0000000008002e70       0xb0 Core/Src/SP_NET.o
                0x0000000008002e70                NET_GetConnInfo
 .text.NET_WiFiDisconnect
                0x0000000008002f20       0x30 Core/Src/SP_NET.o
                0x0000000008002f20                NET_WiFiDisconnect
 .text.RGB_Init
                0x0000000008002f50       0x40 Core/Src/SP_RGB.o
                0x0000000008002f50                RGB_Init
 .text._RGB_UpdateRegisters
                0x0000000008002f90       0x90 Core/Src/SP_RGB.o
                0x0000000008002f90                _RGB_UpdateRegisters
 .text._RGB_SetWhite
                0x0000000008003020       0x3c Core/Src/SP_RGB.o
                0x0000000008003020                _RGB_SetWhite
 .text._RGB_SetRed
                0x000000000800305c       0x38 Core/Src/SP_RGB.o
                0x000000000800305c                _RGB_SetRed
 .text._RGB_SetGreen
                0x0000000008003094       0x38 Core/Src/SP_RGB.o
                0x0000000008003094                _RGB_SetGreen
 .text._RGB_SetBlue
                0x00000000080030cc       0x38 Core/Src/SP_RGB.o
                0x00000000080030cc                _RGB_SetBlue
 .text._RGB_SetBlack
                0x0000000008003104       0x34 Core/Src/SP_RGB.o
                0x0000000008003104                _RGB_SetBlack
 .text._RGB_Rainbow
                0x0000000008003138      0x120 Core/Src/SP_RGB.o
                0x0000000008003138                _RGB_Rainbow
 .text._RGB_BlinkRed
                0x0000000008003258       0x70 Core/Src/SP_RGB.o
                0x0000000008003258                _RGB_BlinkRed
 .text._RGB_BlinkGreen
                0x00000000080032c8       0x70 Core/Src/SP_RGB.o
                0x00000000080032c8                _RGB_BlinkGreen
 .text._RGB_BlinkBlue
                0x0000000008003338       0x70 Core/Src/SP_RGB.o
                0x0000000008003338                _RGB_BlinkBlue
 .text._RGB_BlinkWhite
                0x00000000080033a8       0x98 Core/Src/SP_RGB.o
                0x00000000080033a8                _RGB_BlinkWhite
 .text.RGB_SetMode
                0x0000000008003440       0x84 Core/Src/SP_RGB.o
                0x0000000008003440                RGB_SetMode
 .text.SD_Init  0x00000000080034c4       0x20 Core/Src/SP_SD.o
                0x00000000080034c4                SD_Init
 .text._SD_ClearDateTimeRegisters
                0x00000000080034e4       0x60 Core/Src/SP_SD.o
                0x00000000080034e4                _SD_ClearDateTimeRegisters
 .text.SD_RefreshDateTime
                0x0000000008003544       0xfc Core/Src/SP_SD.o
                0x0000000008003544                SD_RefreshDateTime
 .text.SD_GetDateTime
                0x0000000008003640       0x8c Core/Src/SP_SD.o
                0x0000000008003640                SD_GetDateTime
 .text.SD_SetDateTime
                0x00000000080036cc       0xc4 Core/Src/SP_SD.o
                0x00000000080036cc                SD_SetDateTime
 .text.THS_Init
                0x0000000008003790       0x24 Core/Src/SP_THS.o
                0x0000000008003790                THS_Init
 .text.THS_Delay
                0x00000000080037b4       0x30 Core/Src/SP_THS.o
                0x00000000080037b4                THS_Delay
 .text._THS_SetPinOutput
                0x00000000080037e4       0x40 Core/Src/SP_THS.o
                0x00000000080037e4                _THS_SetPinOutput
 .text._THS_SetPinInput
                0x0000000008003824       0x40 Core/Src/SP_THS.o
                0x0000000008003824                _THS_SetPinInput
 .text._THS_InitConn
                0x0000000008003864       0xa4 Core/Src/SP_THS.o
                0x0000000008003864                _THS_InitConn
 .text._THS_ReadByte
                0x0000000008003908       0x8c Core/Src/SP_THS.o
                0x0000000008003908                _THS_ReadByte
 .text._THS_CCR_Acceptable
                0x0000000008003994       0x38 Core/Src/SP_THS.o
                0x0000000008003994                _THS_CCR_Acceptable
 .text.THS_ReadData
                0x00000000080039cc      0x168 Core/Src/SP_THS.o
                0x00000000080039cc                THS_ReadData
 .text.THS_ErrorClock
                0x0000000008003b34       0x38 Core/Src/SP_THS.o
                0x0000000008003b34                THS_ErrorClock
 .text.SELECT   0x0000000008003b6c        0xe Core/Src/diskio.o
 .text.DESELECT
                0x0000000008003b7a        0xe Core/Src/diskio.o
 .text.xmit_spi
                0x0000000008003b88       0x34 Core/Src/diskio.o
 .text.rcvr_spi
                0x0000000008003bbc       0x3c Core/Src/diskio.o
 .text.rcvr_spi_m
                0x0000000008003bf8       0x1c Core/Src/diskio.o
 .text.wait_ready
                0x0000000008003c14       0x38 Core/Src/diskio.o
 .text.power_on
                0x0000000008003c4c       0x9c Core/Src/diskio.o
 .text.power_off
                0x0000000008003ce8       0x18 Core/Src/diskio.o
 .text.rcvr_datablock
                0x0000000008003d00       0x6c Core/Src/diskio.o
 .text.xmit_datablock
                0x0000000008003d6c       0xa8 Core/Src/diskio.o
 .text.send_cmd
                0x0000000008003e14       0xa4 Core/Src/diskio.o
 .text.disk_initialize
                0x0000000008003eb8      0x1d4 Core/Src/diskio.o
                0x0000000008003eb8                disk_initialize
 .text.disk_status
                0x000000000800408c       0x2c Core/Src/diskio.o
                0x000000000800408c                disk_status
 .text.disk_read
                0x00000000080040b8       0xd4 Core/Src/diskio.o
                0x00000000080040b8                disk_read
 .text.disk_write
                0x000000000800418c      0x108 Core/Src/diskio.o
                0x000000000800418c                disk_write
 .text.disk_timerproc
                0x0000000008004294       0x4c Core/Src/diskio.o
                0x0000000008004294                disk_timerproc
 .text.sdcard_systick_timerproc
                0x00000000080042e0       0x30 Core/Src/diskio.o
                0x00000000080042e0                sdcard_systick_timerproc
 .text.ld_word  0x0000000008004310       0x30 Core/Src/ff.o
 .text.ld_dword
                0x0000000008004340       0x46 Core/Src/ff.o
 .text.mem_cmp  0x0000000008004386       0x4e Core/Src/ff.o
 .text.sync_window
                0x00000000080043d4       0x78 Core/Src/ff.o
 .text.move_window
                0x000000000800444c       0x5a Core/Src/ff.o
 .text.get_ldnumber
                0x00000000080044a6       0x8a Core/Src/ff.o
 .text.check_fs
                0x0000000008004530       0xac Core/Src/ff.o
 .text.find_volume
                0x00000000080045dc      0x4b0 Core/Src/ff.o
 .text.f_mount  0x0000000008004a8c       0x80 Core/Src/ff.o
                0x0000000008004a8c                f_mount
 .text.main     0x0000000008004b0c       0xb8 Core/Src/main.o
                0x0000000008004b0c                main
 .text.SystemClock_Config
                0x0000000008004bc4      0x100 Core/Src/main.o
                0x0000000008004bc4                SystemClock_Config
 .text.MX_RTC_Init
                0x0000000008004cc4       0xc8 Core/Src/main.o
 .text.MX_SPI1_Init
                0x0000000008004d8c       0x6c Core/Src/main.o
 .text.MX_TIM2_Init
                0x0000000008004df8      0x118 Core/Src/main.o
 .text.MX_TIM3_Init
                0x0000000008004f10       0x9c Core/Src/main.o
 .text.MX_TIM4_Init
                0x0000000008004fac       0x9c Core/Src/main.o
 .text.MX_USART3_UART_Init
                0x0000000008005048       0x54 Core/Src/main.o
 .text.MX_GPIO_Init
                0x000000000800509c      0x1d0 Core/Src/main.o
 .text.HAL_TIM_PeriodElapsedCallback
                0x000000000800526c       0x4c Core/Src/main.o
                0x000000000800526c                HAL_TIM_PeriodElapsedCallback
 .text.HAL_GPIO_EXTI_Callback
                0x00000000080052b8       0x48 Core/Src/main.o
                0x00000000080052b8                HAL_GPIO_EXTI_Callback
 .text.Error_Handler
                0x0000000008005300        0xe Core/Src/main.o
                0x0000000008005300                Error_Handler
 *fill*         0x000000000800530e        0x2 
 .text.HAL_MspInit
                0x0000000008005310       0x50 Core/Src/stm32f4xx_hal_msp.o
                0x0000000008005310                HAL_MspInit
 .text.HAL_RTC_MspInit
                0x0000000008005360       0x2c Core/Src/stm32f4xx_hal_msp.o
                0x0000000008005360                HAL_RTC_MspInit
 .text.HAL_SPI_MspInit
                0x000000000800538c       0x90 Core/Src/stm32f4xx_hal_msp.o
                0x000000000800538c                HAL_SPI_MspInit
 .text.HAL_TIM_Base_MspInit
                0x000000000800541c       0xb4 Core/Src/stm32f4xx_hal_msp.o
                0x000000000800541c                HAL_TIM_Base_MspInit
 .text.HAL_TIM_MspPostInit
                0x00000000080054d0       0x70 Core/Src/stm32f4xx_hal_msp.o
                0x00000000080054d0                HAL_TIM_MspPostInit
 .text.HAL_UART_MspInit
                0x0000000008005540       0xa0 Core/Src/stm32f4xx_hal_msp.o
                0x0000000008005540                HAL_UART_MspInit
 .text.NMI_Handler
                0x00000000080055e0        0xe Core/Src/stm32f4xx_it.o
                0x00000000080055e0                NMI_Handler
 .text.HardFault_Handler
                0x00000000080055ee        0x6 Core/Src/stm32f4xx_it.o
                0x00000000080055ee                HardFault_Handler
 .text.MemManage_Handler
                0x00000000080055f4        0x6 Core/Src/stm32f4xx_it.o
                0x00000000080055f4                MemManage_Handler
 .text.BusFault_Handler
                0x00000000080055fa        0x6 Core/Src/stm32f4xx_it.o
                0x00000000080055fa                BusFault_Handler
 .text.UsageFault_Handler
                0x0000000008005600        0x6 Core/Src/stm32f4xx_it.o
                0x0000000008005600                UsageFault_Handler
 .text.SVC_Handler
                0x0000000008005606        0xe Core/Src/stm32f4xx_it.o
                0x0000000008005606                SVC_Handler
 .text.DebugMon_Handler
                0x0000000008005614        0xe Core/Src/stm32f4xx_it.o
                0x0000000008005614                DebugMon_Handler
 .text.PendSV_Handler
                0x0000000008005622        0xe Core/Src/stm32f4xx_it.o
                0x0000000008005622                PendSV_Handler
 .text.SysTick_Handler
                0x0000000008005630       0x10 Core/Src/stm32f4xx_it.o
                0x0000000008005630                SysTick_Handler
 .text.EXTI0_IRQHandler
                0x0000000008005640        0xe Core/Src/stm32f4xx_it.o
                0x0000000008005640                EXTI0_IRQHandler
 *fill*         0x000000000800564e        0x2 
 .text.TIM2_IRQHandler
                0x0000000008005650       0x14 Core/Src/stm32f4xx_it.o
                0x0000000008005650                TIM2_IRQHandler
 .text.TIM3_IRQHandler
                0x0000000008005664       0x14 Core/Src/stm32f4xx_it.o
                0x0000000008005664                TIM3_IRQHandler
 .text.USART3_IRQHandler
                0x0000000008005678       0x14 Core/Src/stm32f4xx_it.o
                0x0000000008005678                USART3_IRQHandler
 .text._sbrk    0x000000000800568c       0x58 Core/Src/sysmem.o
                0x000000000800568c                _sbrk
 .text.SystemInit
                0x00000000080056e4       0x2c Core/Src/system_stm32f4xx.o
                0x00000000080056e4                SystemInit
 .text.Reset_Handler
                0x0000000008005710       0x50 Core/Startup/startup_stm32f407vgtx.o
                0x0000000008005710                Reset_Handler
 .text.Default_Handler
                0x0000000008005760        0x2 Core/Startup/startup_stm32f407vgtx.o
                0x0000000008005760                RTC_Alarm_IRQHandler
                0x0000000008005760                HASH_RNG_IRQHandler
                0x0000000008005760                EXTI2_IRQHandler
                0x0000000008005760                TIM8_CC_IRQHandler
                0x0000000008005760                TIM1_CC_IRQHandler
                0x0000000008005760                DMA2_Stream5_IRQHandler
                0x0000000008005760                DMA1_Stream5_IRQHandler
                0x0000000008005760                PVD_IRQHandler
                0x0000000008005760                SDIO_IRQHandler
                0x0000000008005760                TAMP_STAMP_IRQHandler
                0x0000000008005760                CAN2_RX1_IRQHandler
                0x0000000008005760                EXTI3_IRQHandler
                0x0000000008005760                TIM8_TRG_COM_TIM14_IRQHandler
                0x0000000008005760                TIM1_UP_TIM10_IRQHandler
                0x0000000008005760                TIM8_UP_TIM13_IRQHandler
                0x0000000008005760                I2C3_ER_IRQHandler
                0x0000000008005760                I2C2_EV_IRQHandler
                0x0000000008005760                DMA1_Stream2_IRQHandler
                0x0000000008005760                CAN1_RX0_IRQHandler
                0x0000000008005760                FPU_IRQHandler
                0x0000000008005760                OTG_HS_WKUP_IRQHandler
                0x0000000008005760                CAN2_SCE_IRQHandler
                0x0000000008005760                DMA2_Stream2_IRQHandler
                0x0000000008005760                SPI1_IRQHandler
                0x0000000008005760                TIM6_DAC_IRQHandler
                0x0000000008005760                TIM1_BRK_TIM9_IRQHandler
                0x0000000008005760                DCMI_IRQHandler
                0x0000000008005760                CAN2_RX0_IRQHandler
                0x0000000008005760                DMA2_Stream3_IRQHandler
                0x0000000008005760                USART6_IRQHandler
                0x0000000008005760                CAN1_RX1_IRQHandler
                0x0000000008005760                UART5_IRQHandler
                0x0000000008005760                DMA2_Stream0_IRQHandler
                0x0000000008005760                TIM4_IRQHandler
                0x0000000008005760                I2C1_EV_IRQHandler
                0x0000000008005760                DMA1_Stream6_IRQHandler
                0x0000000008005760                DMA1_Stream1_IRQHandler
                0x0000000008005760                UART4_IRQHandler
                0x0000000008005760                RCC_IRQHandler
                0x0000000008005760                TIM8_BRK_TIM12_IRQHandler
                0x0000000008005760                Default_Handler
                0x0000000008005760                EXTI15_10_IRQHandler
                0x0000000008005760                ADC_IRQHandler
                0x0000000008005760                DMA1_Stream7_IRQHandler
                0x0000000008005760                TIM7_IRQHandler
                0x0000000008005760                CAN2_TX_IRQHandler
                0x0000000008005760                TIM5_IRQHandler
                0x0000000008005760                DMA2_Stream7_IRQHandler
                0x0000000008005760                I2C3_EV_IRQHandler
                0x0000000008005760                EXTI9_5_IRQHandler
                0x0000000008005760                RTC_WKUP_IRQHandler
                0x0000000008005760                ETH_WKUP_IRQHandler
                0x0000000008005760                SPI2_IRQHandler
                0x0000000008005760                OTG_HS_EP1_IN_IRQHandler
                0x0000000008005760                DMA1_Stream0_IRQHandler
                0x0000000008005760                CAN1_TX_IRQHandler
                0x0000000008005760                EXTI4_IRQHandler
                0x0000000008005760                FSMC_IRQHandler
                0x0000000008005760                ETH_IRQHandler
                0x0000000008005760                OTG_HS_EP1_OUT_IRQHandler
                0x0000000008005760                WWDG_IRQHandler
                0x0000000008005760                OTG_FS_WKUP_IRQHandler
                0x0000000008005760                TIM1_TRG_COM_TIM11_IRQHandler
                0x0000000008005760                OTG_HS_IRQHandler
                0x0000000008005760                EXTI1_IRQHandler
                0x0000000008005760                USART2_IRQHandler
                0x0000000008005760                I2C2_ER_IRQHandler
                0x0000000008005760                DMA2_Stream1_IRQHandler
                0x0000000008005760                CAN1_SCE_IRQHandler
                0x0000000008005760                FLASH_IRQHandler
                0x0000000008005760                DMA2_Stream4_IRQHandler
                0x0000000008005760                USART1_IRQHandler
                0x0000000008005760                OTG_FS_IRQHandler
                0x0000000008005760                SPI3_IRQHandler
                0x0000000008005760                DMA1_Stream4_IRQHandler
                0x0000000008005760                I2C1_ER_IRQHandler
                0x0000000008005760                DMA2_Stream6_IRQHandler
                0x0000000008005760                DMA1_Stream3_IRQHandler
 *fill*         0x0000000008005762        0x2 
 .text.HAL_Init
                0x0000000008005764       0x44 Drivers/STM32F4xx_HAL_Driver/stm32f4xx_hal.o
                0x0000000008005764                HAL_Init
 .text.HAL_InitTick
                0x00000000080057a8       0x60 Drivers/STM32F4xx_HAL_Driver/stm32f4xx_hal.o
                0x00000000080057a8                HAL_InitTick
 .text.HAL_IncTick
                0x0000000008005808       0x28 Drivers/STM32F4xx_HAL_Driver/stm32f4xx_hal.o
                0x0000000008005808                HAL_IncTick
 .text.HAL_GetTick
                0x0000000008005830       0x18 Drivers/STM32F4xx_HAL_Driver/stm32f4xx_hal.o
                0x0000000008005830                HAL_GetTick
 .text.HAL_Delay
                0x0000000008005848       0x44 Drivers/STM32F4xx_HAL_Driver/stm32f4xx_hal.o
                0x0000000008005848                HAL_Delay
 .text.__NVIC_SetPriorityGrouping
                0x000000000800588c       0x48 Drivers/STM32F4xx_HAL_Driver/stm32f4xx_hal_cortex.o
 .text.__NVIC_GetPriorityGrouping
                0x00000000080058d4       0x1c Drivers/STM32F4xx_HAL_Driver/stm32f4xx_hal_cortex.o
 .text.__NVIC_EnableIRQ
                0x00000000080058f0       0x3c Drivers/STM32F4xx_HAL_Driver/stm32f4xx_hal_cortex.o
 .text.__NVIC_SetPriority
                0x000000000800592c       0x54 Drivers/STM32F4xx_HAL_Driver/stm32f4xx_hal_cortex.o
 .text.NVIC_EncodePriority
                0x0000000008005980       0x66 Drivers/STM32F4xx_HAL_Driver/stm32f4xx_hal_cortex.o
 *fill*         0x00000000080059e6        0x2 
 .text.SysTick_Config
                0x00000000080059e8       0x44 Drivers/STM32F4xx_HAL_Driver/stm32f4xx_hal_cortex.o
 .text.HAL_NVIC_SetPriorityGrouping
                0x0000000008005a2c       0x16 Drivers/STM32F4xx_HAL_Driver/stm32f4xx_hal_cortex.o
                0x0000000008005a2c                HAL_NVIC_SetPriorityGrouping
 .text.HAL_NVIC_SetPriority
                0x0000000008005a42       0x38 Drivers/STM32F4xx_HAL_Driver/stm32f4xx_hal_cortex.o
                0x0000000008005a42                HAL_NVIC_SetPriority
 .text.HAL_NVIC_EnableIRQ
                0x0000000008005a7a       0x1c Drivers/STM32F4xx_HAL_Driver/stm32f4xx_hal_cortex.o
                0x0000000008005a7a                HAL_NVIC_EnableIRQ
 .text.HAL_SYSTICK_Config
                0x0000000008005a96       0x18 Drivers/STM32F4xx_HAL_Driver/stm32f4xx_hal_cortex.o
                0x0000000008005a96                HAL_SYSTICK_Config
 .text.HAL_DMA_Abort_IT
                0x0000000008005aae       0x44 Drivers/STM32F4xx_HAL_Driver/stm32f4xx_hal_dma.o
                0x0000000008005aae                HAL_DMA_Abort_IT
 *fill*         0x0000000008005af2        0x2 
 .text.HAL_GPIO_Init
                0x0000000008005af4      0x334 Drivers/STM32F4xx_HAL_Driver/stm32f4xx_hal_gpio.o
                0x0000000008005af4                HAL_GPIO_Init
 .text.HAL_GPIO_ReadPin
                0x0000000008005e28       0x30 Drivers/STM32F4xx_HAL_Driver/stm32f4xx_hal_gpio.o
                0x0000000008005e28                HAL_GPIO_ReadPin
 .text.HAL_GPIO_WritePin
                0x0000000008005e58       0x32 Drivers/STM32F4xx_HAL_Driver/stm32f4xx_hal_gpio.o
                0x0000000008005e58                HAL_GPIO_WritePin
 .text.HAL_GPIO_TogglePin
                0x0000000008005e8a       0x36 Drivers/STM32F4xx_HAL_Driver/stm32f4xx_hal_gpio.o
                0x0000000008005e8a                HAL_GPIO_TogglePin
 .text.HAL_GPIO_EXTI_IRQHandler
                0x0000000008005ec0       0x30 Drivers/STM32F4xx_HAL_Driver/stm32f4xx_hal_gpio.o
                0x0000000008005ec0                HAL_GPIO_EXTI_IRQHandler
 .text.HAL_RCC_OscConfig
                0x0000000008005ef0      0x4e0 Drivers/STM32F4xx_HAL_Driver/stm32f4xx_hal_rcc.o
                0x0000000008005ef0                HAL_RCC_OscConfig
 .text.HAL_RCC_ClockConfig
                0x00000000080063d0      0x1cc Drivers/STM32F4xx_HAL_Driver/stm32f4xx_hal_rcc.o
                0x00000000080063d0                HAL_RCC_ClockConfig
 .text.HAL_RCC_GetSysClockFreq
                0x000000000800659c      0x1b0 Drivers/STM32F4xx_HAL_Driver/stm32f4xx_hal_rcc.o
                0x000000000800659c                HAL_RCC_GetSysClockFreq
 .text.HAL_RCC_GetHCLKFreq
                0x000000000800674c       0x18 Drivers/STM32F4xx_HAL_Driver/stm32f4xx_hal_rcc.o
                0x000000000800674c                HAL_RCC_GetHCLKFreq
 .text.HAL_RCC_GetPCLK1Freq
                0x0000000008006764       0x28 Drivers/STM32F4xx_HAL_Driver/stm32f4xx_hal_rcc.o
                0x0000000008006764                HAL_RCC_GetPCLK1Freq
 .text.HAL_RCC_GetPCLK2Freq
                0x000000000800678c       0x28 Drivers/STM32F4xx_HAL_Driver/stm32f4xx_hal_rcc.o
                0x000000000800678c                HAL_RCC_GetPCLK2Freq
 .text.HAL_RCCEx_PeriphCLKConfig
                0x00000000080067b4      0x1c4 Drivers/STM32F4xx_HAL_Driver/stm32f4xx_hal_rcc_ex.o
                0x00000000080067b4                HAL_RCCEx_PeriphCLKConfig
 .text.HAL_RTC_Init
                0x0000000008006978      0x122 Drivers/STM32F4xx_HAL_Driver/stm32f4xx_hal_rtc.o
                0x0000000008006978                HAL_RTC_Init
 .text.HAL_RTC_SetTime
                0x0000000008006a9a      0x17a Drivers/STM32F4xx_HAL_Driver/stm32f4xx_hal_rtc.o
                0x0000000008006a9a                HAL_RTC_SetTime
 .text.HAL_RTC_GetTime
                0x0000000008006c14       0xbc Drivers/STM32F4xx_HAL_Driver/stm32f4xx_hal_rtc.o
                0x0000000008006c14                HAL_RTC_GetTime
 .text.HAL_RTC_SetDate
                0x0000000008006cd0      0x14e Drivers/STM32F4xx_HAL_Driver/stm32f4xx_hal_rtc.o
                0x0000000008006cd0                HAL_RTC_SetDate
 .text.HAL_RTC_GetDate
                0x0000000008006e1e       0x9e Drivers/STM32F4xx_HAL_Driver/stm32f4xx_hal_rtc.o
                0x0000000008006e1e                HAL_RTC_GetDate
 .text.HAL_RTC_WaitForSynchro
                0x0000000008006ebc       0x50 Drivers/STM32F4xx_HAL_Driver/stm32f4xx_hal_rtc.o
                0x0000000008006ebc                HAL_RTC_WaitForSynchro
 .text.RTC_EnterInitMode
                0x0000000008006f0c       0x58 Drivers/STM32F4xx_HAL_Driver/stm32f4xx_hal_rtc.o
                0x0000000008006f0c                RTC_EnterInitMode
 .text.RTC_ByteToBcd2
                0x0000000008006f64       0x3c Drivers/STM32F4xx_HAL_Driver/stm32f4xx_hal_rtc.o
                0x0000000008006f64                RTC_ByteToBcd2
 .text.RTC_Bcd2ToByte
                0x0000000008006fa0       0x3c Drivers/STM32F4xx_HAL_Driver/stm32f4xx_hal_rtc.o
                0x0000000008006fa0                RTC_Bcd2ToByte
 .text.HAL_RTCEx_SetCalibrationOutPut
                0x0000000008006fdc       0x84 Drivers/STM32F4xx_HAL_Driver/stm32f4xx_hal_rtc_ex.o
                0x0000000008006fdc                HAL_RTCEx_SetCalibrationOutPut
 .text.HAL_SPI_Init
                0x0000000008007060       0xc8 Drivers/STM32F4xx_HAL_Driver/stm32f4xx_hal_spi.o
                0x0000000008007060                HAL_SPI_Init
 .text.HAL_SPI_Transmit
                0x0000000008007128      0x268 Drivers/STM32F4xx_HAL_Driver/stm32f4xx_hal_spi.o
                0x0000000008007128                HAL_SPI_Transmit
 .text.HAL_SPI_TransmitReceive
                0x0000000008007390      0x344 Drivers/STM32F4xx_HAL_Driver/stm32f4xx_hal_spi.o
                0x0000000008007390                HAL_SPI_TransmitReceive
 .text.HAL_SPI_GetState
                0x00000000080076d4       0x1c Drivers/STM32F4xx_HAL_Driver/stm32f4xx_hal_spi.o
                0x00000000080076d4                HAL_SPI_GetState
 .text.SPI_WaitFlagStateUntilTimeout
                0x00000000080076f0       0xd4 Drivers/STM32F4xx_HAL_Driver/stm32f4xx_hal_spi.o
 .text.SPI_EndRxTxTransaction
                0x00000000080077c4       0x84 Drivers/STM32F4xx_HAL_Driver/stm32f4xx_hal_spi.o
 .text.HAL_TIM_Base_Init
                0x0000000008007848       0x56 Drivers/STM32F4xx_HAL_Driver/stm32f4xx_hal_tim.o
                0x0000000008007848                HAL_TIM_Base_Init
 .text.HAL_TIM_Base_Start
                0x000000000800789e       0x48 Drivers/STM32F4xx_HAL_Driver/stm32f4xx_hal_tim.o
                0x000000000800789e                HAL_TIM_Base_Start
 .text.HAL_TIM_Base_Start_IT
                0x00000000080078e6       0x48 Drivers/STM32F4xx_HAL_Driver/stm32f4xx_hal_tim.o
                0x00000000080078e6                HAL_TIM_Base_Start_IT
 .text.HAL_TIM_PWM_Init
                0x000000000800792e       0x56 Drivers/STM32F4xx_HAL_Driver/stm32f4xx_hal_tim.o
                0x000000000800792e                HAL_TIM_PWM_Init
 .text.HAL_TIM_PWM_MspInit
                0x0000000008007984       0x14 Drivers/STM32F4xx_HAL_Driver/stm32f4xx_hal_tim.o
                0x0000000008007984                HAL_TIM_PWM_MspInit
 .text.HAL_TIM_PWM_Start
                0x0000000008007998       0x7c Drivers/STM32F4xx_HAL_Driver/stm32f4xx_hal_tim.o
                0x0000000008007998                HAL_TIM_PWM_Start
 .text.HAL_TIM_IRQHandler
                0x0000000008007a14      0x210 Drivers/STM32F4xx_HAL_Driver/stm32f4xx_hal_tim.o
                0x0000000008007a14                HAL_TIM_IRQHandler
 .text.HAL_TIM_PWM_ConfigChannel
                0x0000000008007c24      0x18c Drivers/STM32F4xx_HAL_Driver/stm32f4xx_hal_tim.o
                0x0000000008007c24                HAL_TIM_PWM_ConfigChannel
 .text.HAL_TIM_ConfigClockSource
                0x0000000008007db0      0x16e Drivers/STM32F4xx_HAL_Driver/stm32f4xx_hal_tim.o
                0x0000000008007db0                HAL_TIM_ConfigClockSource
 .text.HAL_TIM_OC_DelayElapsedCallback
                0x0000000008007f1e       0x14 Drivers/STM32F4xx_HAL_Driver/stm32f4xx_hal_tim.o
                0x0000000008007f1e                HAL_TIM_OC_DelayElapsedCallback
 .text.HAL_TIM_IC_CaptureCallback
                0x0000000008007f32       0x14 Drivers/STM32F4xx_HAL_Driver/stm32f4xx_hal_tim.o
                0x0000000008007f32                HAL_TIM_IC_CaptureCallback
 .text.HAL_TIM_PWM_PulseFinishedCallback
                0x0000000008007f46       0x14 Drivers/STM32F4xx_HAL_Driver/stm32f4xx_hal_tim.o
                0x0000000008007f46                HAL_TIM_PWM_PulseFinishedCallback
 .text.HAL_TIM_TriggerCallback
                0x0000000008007f5a       0x14 Drivers/STM32F4xx_HAL_Driver/stm32f4xx_hal_tim.o
                0x0000000008007f5a                HAL_TIM_TriggerCallback
 *fill*         0x0000000008007f6e        0x2 
 .text.TIM_Base_SetConfig
                0x0000000008007f70      0x140 Drivers/STM32F4xx_HAL_Driver/stm32f4xx_hal_tim.o
                0x0000000008007f70                TIM_Base_SetConfig
 .text.TIM_OC1_SetConfig
                0x00000000080080b0       0xe0 Drivers/STM32F4xx_HAL_Driver/stm32f4xx_hal_tim.o
 .text.TIM_OC2_SetConfig
                0x0000000008008190       0xec Drivers/STM32F4xx_HAL_Driver/stm32f4xx_hal_tim.o
                0x0000000008008190                TIM_OC2_SetConfig
 .text.TIM_OC3_SetConfig
                0x000000000800827c       0xe8 Drivers/STM32F4xx_HAL_Driver/stm32f4xx_hal_tim.o
 .text.TIM_OC4_SetConfig
                0x0000000008008364       0xac Drivers/STM32F4xx_HAL_Driver/stm32f4xx_hal_tim.o
 .text.TIM_TI1_ConfigInputStage
                0x0000000008008410       0x5e Drivers/STM32F4xx_HAL_Driver/stm32f4xx_hal_tim.o
 .text.TIM_TI2_ConfigInputStage
                0x000000000800846e       0x60 Drivers/STM32F4xx_HAL_Driver/stm32f4xx_hal_tim.o
 .text.TIM_ITRx_SetConfig
                0x00000000080084ce       0x36 Drivers/STM32F4xx_HAL_Driver/stm32f4xx_hal_tim.o
 .text.TIM_ETR_SetConfig
                0x0000000008008504       0x40 Drivers/STM32F4xx_HAL_Driver/stm32f4xx_hal_tim.o
                0x0000000008008504                TIM_ETR_SetConfig
 .text.TIM_CCxChannelCmd
                0x0000000008008544       0x4a Drivers/STM32F4xx_HAL_Driver/stm32f4xx_hal_tim.o
                0x0000000008008544                TIM_CCxChannelCmd
 *fill*         0x000000000800858e        0x2 
 .text.HAL_TIMEx_MasterConfigSynchronization
                0x0000000008008590       0xf8 Drivers/STM32F4xx_HAL_Driver/stm32f4xx_hal_tim_ex.o
                0x0000000008008590                HAL_TIMEx_MasterConfigSynchronization
 .text.HAL_TIMEx_CommutCallback
                0x0000000008008688       0x14 Drivers/STM32F4xx_HAL_Driver/stm32f4xx_hal_tim_ex.o
                0x0000000008008688                HAL_TIMEx_CommutCallback
 .text.HAL_TIMEx_BreakCallback
                0x000000000800869c       0x14 Drivers/STM32F4xx_HAL_Driver/stm32f4xx_hal_tim_ex.o
                0x000000000800869c                HAL_TIMEx_BreakCallback
 .text.HAL_UART_Init
                0x00000000080086b0       0x9a Drivers/STM32F4xx_HAL_Driver/stm32f4xx_hal_uart.o
                0x00000000080086b0                HAL_UART_Init
 .text.HAL_UART_Transmit
                0x000000000800874a      0x132 Drivers/STM32F4xx_HAL_Driver/stm32f4xx_hal_uart.o
                0x000000000800874a                HAL_UART_Transmit
 .text.HAL_UART_Receive
                0x000000000800887c      0x14c Drivers/STM32F4xx_HAL_Driver/stm32f4xx_hal_uart.o
                0x000000000800887c                HAL_UART_Receive
 .text.HAL_UART_IRQHandler
                0x00000000080089c8      0x200 Drivers/STM32F4xx_HAL_Driver/stm32f4xx_hal_uart.o
                0x00000000080089c8                HAL_UART_IRQHandler
 .text.HAL_UART_TxCpltCallback
                0x0000000008008bc8       0x14 Drivers/STM32F4xx_HAL_Driver/stm32f4xx_hal_uart.o
                0x0000000008008bc8                HAL_UART_TxCpltCallback
 .text.HAL_UART_RxCpltCallback
                0x0000000008008bdc       0x14 Drivers/STM32F4xx_HAL_Driver/stm32f4xx_hal_uart.o
                0x0000000008008bdc                HAL_UART_RxCpltCallback
 .text.HAL_UART_ErrorCallback
                0x0000000008008bf0       0x14 Drivers/STM32F4xx_HAL_Driver/stm32f4xx_hal_uart.o
                0x0000000008008bf0                HAL_UART_ErrorCallback
 .text.UART_WaitOnFlagUntilTimeout
                0x0000000008008c04       0x94 Drivers/STM32F4xx_HAL_Driver/stm32f4xx_hal_uart.o
 .text.UART_EndRxTransfer
                0x0000000008008c98       0x3c Drivers/STM32F4xx_HAL_Driver/stm32f4xx_hal_uart.o
 .text.UART_DMAAbortOnError
                0x0000000008008cd4       0x28 Drivers/STM32F4xx_HAL_Driver/stm32f4xx_hal_uart.o
 .text.UART_Transmit_IT
                0x0000000008008cfc       0xac Drivers/STM32F4xx_HAL_Driver/stm32f4xx_hal_uart.o
 .text.UART_EndTransmit_IT
                0x0000000008008da8       0x30 Drivers/STM32F4xx_HAL_Driver/stm32f4xx_hal_uart.o
 .text.UART_Receive_IT
                0x0000000008008dd8      0x102 Drivers/STM32F4xx_HAL_Driver/stm32f4xx_hal_uart.o
 *fill*         0x0000000008008eda        0x2 
 .text.UART_SetConfig
                0x0000000008008edc      0x6f8 Drivers/STM32F4xx_HAL_Driver/stm32f4xx_hal_uart.o
 .text.__errno  0x00000000080095d4        0xc c:/st/stm32cubeide_1.3.0/stm32cubeide/plugins/com.st.stm32cube.ide.mcu.externaltools.gnu-tools-for-stm32.7-2018-q2-update.win32_1.0.0.201904181610/tools/bin/../lib/gcc/arm-none-eabi/7.3.1/../../../../arm-none-eabi/lib/thumb/v7e-m/fpv4-sp/hard\libc_nano.a(lib_a-errno.o)
                0x00000000080095d4                __errno
 .text.__libc_init_array
                0x00000000080095e0       0x48 c:/st/stm32cubeide_1.3.0/stm32cubeide/plugins/com.st.stm32cube.ide.mcu.externaltools.gnu-tools-for-stm32.7-2018-q2-update.win32_1.0.0.201904181610/tools/bin/../lib/gcc/arm-none-eabi/7.3.1/../../../../arm-none-eabi/lib/thumb/v7e-m/fpv4-sp/hard\libc_nano.a(lib_a-init.o)
                0x00000000080095e0                __libc_init_array
 .text.memset   0x0000000008009628       0x10 c:/st/stm32cubeide_1.3.0/stm32cubeide/plugins/com.st.stm32cube.ide.mcu.externaltools.gnu-tools-for-stm32.7-2018-q2-update.win32_1.0.0.201904181610/tools/bin/../lib/gcc/arm-none-eabi/7.3.1/../../../../arm-none-eabi/lib/thumb/v7e-m/fpv4-sp/hard\libc_nano.a(lib_a-memset.o)
                0x0000000008009628                memset
 .text.__cvt    0x0000000008009638       0xc2 c:/st/stm32cubeide_1.3.0/stm32cubeide/plugins/com.st.stm32cube.ide.mcu.externaltools.gnu-tools-for-stm32.7-2018-q2-update.win32_1.0.0.201904181610/tools/bin/../lib/gcc/arm-none-eabi/7.3.1/../../../../arm-none-eabi/lib/thumb/v7e-m/fpv4-sp/hard\libc_nano.a(lib_a-nano-vfprintf_float.o)
                0x0000000008009638                __cvt
 .text.__exponent
                0x00000000080096fa       0x66 c:/st/stm32cubeide_1.3.0/stm32cubeide/plugins/com.st.stm32cube.ide.mcu.externaltools.gnu-tools-for-stm32.7-2018-q2-update.win32_1.0.0.201904181610/tools/bin/../lib/gcc/arm-none-eabi/7.3.1/../../../../arm-none-eabi/lib/thumb/v7e-m/fpv4-sp/hard\libc_nano.a(lib_a-nano-vfprintf_float.o)
                0x00000000080096fa                __exponent
 .text._printf_float
                0x0000000008009760      0x480 c:/st/stm32cubeide_1.3.0/stm32cubeide/plugins/com.st.stm32cube.ide.mcu.externaltools.gnu-tools-for-stm32.7-2018-q2-update.win32_1.0.0.201904181610/tools/bin/../lib/gcc/arm-none-eabi/7.3.1/../../../../arm-none-eabi/lib/thumb/v7e-m/fpv4-sp/hard\libc_nano.a(lib_a-nano-vfprintf_float.o)
                0x0000000008009760                _printf_float
 .text._printf_common
                0x0000000008009be0       0xea c:/st/stm32cubeide_1.3.0/stm32cubeide/plugins/com.st.stm32cube.ide.mcu.externaltools.gnu-tools-for-stm32.7-2018-q2-update.win32_1.0.0.201904181610/tools/bin/../lib/gcc/arm-none-eabi/7.3.1/../../../../arm-none-eabi/lib/thumb/v7e-m/fpv4-sp/hard\libc_nano.a(lib_a-nano-vfprintf_i.o)
                0x0000000008009be0                _printf_common
 *fill*         0x0000000008009cca        0x2 
 .text._printf_i
                0x0000000008009ccc      0x224 c:/st/stm32cubeide_1.3.0/stm32cubeide/plugins/com.st.stm32cube.ide.mcu.externaltools.gnu-tools-for-stm32.7-2018-q2-update.win32_1.0.0.201904181610/tools/bin/../lib/gcc/arm-none-eabi/7.3.1/../../../../arm-none-eabi/lib/thumb/v7e-m/fpv4-sp/hard\libc_nano.a(lib_a-nano-vfprintf_i.o)
                0x0000000008009ccc                _printf_i
 .text.sprintf  0x0000000008009ef0       0x40 c:/st/stm32cubeide_1.3.0/stm32cubeide/plugins/com.st.stm32cube.ide.mcu.externaltools.gnu-tools-for-stm32.7-2018-q2-update.win32_1.0.0.201904181610/tools/bin/../lib/gcc/arm-none-eabi/7.3.1/../../../../arm-none-eabi/lib/thumb/v7e-m/fpv4-sp/hard\libc_nano.a(lib_a-sprintf.o)
                0x0000000008009ef0                siprintf
                0x0000000008009ef0                sprintf
 .text.strcat   0x0000000008009f30       0x1e c:/st/stm32cubeide_1.3.0/stm32cubeide/plugins/com.st.stm32cube.ide.mcu.externaltools.gnu-tools-for-stm32.7-2018-q2-update.win32_1.0.0.201904181610/tools/bin/../lib/gcc/arm-none-eabi/7.3.1/../../../../arm-none-eabi/lib/thumb/v7e-m/fpv4-sp/hard\libc_nano.a(lib_a-strcat.o)
                0x0000000008009f30                strcat
 .text.quorem   0x0000000008009f4e      0x118 c:/st/stm32cubeide_1.3.0/stm32cubeide/plugins/com.st.stm32cube.ide.mcu.externaltools.gnu-tools-for-stm32.7-2018-q2-update.win32_1.0.0.201904181610/tools/bin/../lib/gcc/arm-none-eabi/7.3.1/../../../../arm-none-eabi/lib/thumb/v7e-m/fpv4-sp/hard\libc_nano.a(lib_a-dtoa.o)
 *fill*         0x000000000800a066        0x2 
 .text._dtoa_r  0x000000000800a068      0xb70 c:/st/stm32cubeide_1.3.0/stm32cubeide/plugins/com.st.stm32cube.ide.mcu.externaltools.gnu-tools-for-stm32.7-2018-q2-update.win32_1.0.0.201904181610/tools/bin/../lib/gcc/arm-none-eabi/7.3.1/../../../../arm-none-eabi/lib/thumb/v7e-m/fpv4-sp/hard\libc_nano.a(lib_a-dtoa.o)
                0x000000000800a068                _dtoa_r
 .text._localeconv_r
                0x000000000800abd8       0x1c c:/st/stm32cubeide_1.3.0/stm32cubeide/plugins/com.st.stm32cube.ide.mcu.externaltools.gnu-tools-for-stm32.7-2018-q2-update.win32_1.0.0.201904181610/tools/bin/../lib/gcc/arm-none-eabi/7.3.1/../../../../arm-none-eabi/lib/thumb/v7e-m/fpv4-sp/hard\libc_nano.a(lib_a-localeconv.o)
                0x000000000800abd8                _localeconv_r
 .text.malloc   0x000000000800abf4       0x10 c:/st/stm32cubeide_1.3.0/stm32cubeide/plugins/com.st.stm32cube.ide.mcu.externaltools.gnu-tools-for-stm32.7-2018-q2-update.win32_1.0.0.201904181610/tools/bin/../lib/gcc/arm-none-eabi/7.3.1/../../../../arm-none-eabi/lib/thumb/v7e-m/fpv4-sp/hard\libc_nano.a(lib_a-malloc.o)
                0x000000000800abf4                malloc
 .text.memcpy   0x000000000800ac04       0x16 c:/st/stm32cubeide_1.3.0/stm32cubeide/plugins/com.st.stm32cube.ide.mcu.externaltools.gnu-tools-for-stm32.7-2018-q2-update.win32_1.0.0.201904181610/tools/bin/../lib/gcc/arm-none-eabi/7.3.1/../../../../arm-none-eabi/lib/thumb/v7e-m/fpv4-sp/hard\libc_nano.a(lib_a-memcpy-stub.o)
                0x000000000800ac04                memcpy
 .text._Balloc  0x000000000800ac1a       0x68 c:/st/stm32cubeide_1.3.0/stm32cubeide/plugins/com.st.stm32cube.ide.mcu.externaltools.gnu-tools-for-stm32.7-2018-q2-update.win32_1.0.0.201904181610/tools/bin/../lib/gcc/arm-none-eabi/7.3.1/../../../../arm-none-eabi/lib/thumb/v7e-m/fpv4-sp/hard\libc_nano.a(lib_a-mprec.o)
                0x000000000800ac1a                _Balloc
 .text._Bfree   0x000000000800ac82       0x2e c:/st/stm32cubeide_1.3.0/stm32cubeide/plugins/com.st.stm32cube.ide.mcu.externaltools.gnu-tools-for-stm32.7-2018-q2-update.win32_1.0.0.201904181610/tools/bin/../lib/gcc/arm-none-eabi/7.3.1/../../../../arm-none-eabi/lib/thumb/v7e-m/fpv4-sp/hard\libc_nano.a(lib_a-mprec.o)
                0x000000000800ac82                _Bfree
 .text.__multadd
                0x000000000800acb0       0x76 c:/st/stm32cubeide_1.3.0/stm32cubeide/plugins/com.st.stm32cube.ide.mcu.externaltools.gnu-tools-for-stm32.7-2018-q2-update.win32_1.0.0.201904181610/tools/bin/../lib/gcc/arm-none-eabi/7.3.1/../../../../arm-none-eabi/lib/thumb/v7e-m/fpv4-sp/hard\libc_nano.a(lib_a-mprec.o)
                0x000000000800acb0                __multadd
 .text.__hi0bits
                0x000000000800ad26       0x3e c:/st/stm32cubeide_1.3.0/stm32cubeide/plugins/com.st.stm32cube.ide.mcu.externaltools.gnu-tools-for-stm32.7-2018-q2-update.win32_1.0.0.201904181610/tools/bin/../lib/gcc/arm-none-eabi/7.3.1/../../../../arm-none-eabi/lib/thumb/v7e-m/fpv4-sp/hard\libc_nano.a(lib_a-mprec.o)
                0x000000000800ad26                __hi0bits
 .text.__lo0bits
                0x000000000800ad64       0x5e c:/st/stm32cubeide_1.3.0/stm32cubeide/plugins/com.st.stm32cube.ide.mcu.externaltools.gnu-tools-for-stm32.7-2018-q2-update.win32_1.0.0.201904181610/tools/bin/../lib/gcc/arm-none-eabi/7.3.1/../../../../arm-none-eabi/lib/thumb/v7e-m/fpv4-sp/hard\libc_nano.a(lib_a-mprec.o)
                0x000000000800ad64                __lo0bits
 .text.__i2b    0x000000000800adc2       0x12 c:/st/stm32cubeide_1.3.0/stm32cubeide/plugins/com.st.stm32cube.ide.mcu.externaltools.gnu-tools-for-stm32.7-2018-q2-update.win32_1.0.0.201904181610/tools/bin/../lib/gcc/arm-none-eabi/7.3.1/../../../../arm-none-eabi/lib/thumb/v7e-m/fpv4-sp/hard\libc_nano.a(lib_a-mprec.o)
                0x000000000800adc2                __i2b
 .text.__multiply
                0x000000000800add4      0x12c c:/st/stm32cubeide_1.3.0/stm32cubeide/plugins/com.st.stm32cube.ide.mcu.externaltools.gnu-tools-for-stm32.7-2018-q2-update.win32_1.0.0.201904181610/tools/bin/../lib/gcc/arm-none-eabi/7.3.1/../../../../arm-none-eabi/lib/thumb/v7e-m/fpv4-sp/hard\libc_nano.a(lib_a-mprec.o)
                0x000000000800add4                __multiply
 .text.__pow5mult
                0x000000000800af00       0x9c c:/st/stm32cubeide_1.3.0/stm32cubeide/plugins/com.st.stm32cube.ide.mcu.externaltools.gnu-tools-for-stm32.7-2018-q2-update.win32_1.0.0.201904181610/tools/bin/../lib/gcc/arm-none-eabi/7.3.1/../../../../arm-none-eabi/lib/thumb/v7e-m/fpv4-sp/hard\libc_nano.a(lib_a-mprec.o)
                0x000000000800af00                __pow5mult
 .text.__lshift
                0x000000000800af9c       0xa8 c:/st/stm32cubeide_1.3.0/stm32cubeide/plugins/com.st.stm32cube.ide.mcu.externaltools.gnu-tools-for-stm32.7-2018-q2-update.win32_1.0.0.201904181610/tools/bin/../lib/gcc/arm-none-eabi/7.3.1/../../../../arm-none-eabi/lib/thumb/v7e-m/fpv4-sp/hard\libc_nano.a(lib_a-mprec.o)
                0x000000000800af9c                __lshift
 .text.__mcmp   0x000000000800b044       0x34 c:/st/stm32cubeide_1.3.0/stm32cubeide/plugins/com.st.stm32cube.ide.mcu.externaltools.gnu-tools-for-stm32.7-2018-q2-update.win32_1.0.0.201904181610/tools/bin/../lib/gcc/arm-none-eabi/7.3.1/../../../../arm-none-eabi/lib/thumb/v7e-m/fpv4-sp/hard\libc_nano.a(lib_a-mprec.o)
                0x000000000800b044                __mcmp
 .text.__mdiff  0x000000000800b078       0xba c:/st/stm32cubeide_1.3.0/stm32cubeide/plugins/com.st.stm32cube.ide.mcu.externaltools.gnu-tools-for-stm32.7-2018-q2-update.win32_1.0.0.201904181610/tools/bin/../lib/gcc/arm-none-eabi/7.3.1/../../../../arm-none-eabi/lib/thumb/v7e-m/fpv4-sp/hard\libc_nano.a(lib_a-mprec.o)
                0x000000000800b078                __mdiff
 .text.__d2b    0x000000000800b132       0x9e c:/st/stm32cubeide_1.3.0/stm32cubeide/plugins/com.st.stm32cube.ide.mcu.externaltools.gnu-tools-for-stm32.7-2018-q2-update.win32_1.0.0.201904181610/tools/bin/../lib/gcc/arm-none-eabi/7.3.1/../../../../arm-none-eabi/lib/thumb/v7e-m/fpv4-sp/hard\libc_nano.a(lib_a-mprec.o)
                0x000000000800b132                __d2b
 .text._calloc_r
                0x000000000800b1d0       0x1c c:/st/stm32cubeide_1.3.0/stm32cubeide/plugins/com.st.stm32cube.ide.mcu.externaltools.gnu-tools-for-stm32.7-2018-q2-update.win32_1.0.0.201904181610/tools/bin/../lib/gcc/arm-none-eabi/7.3.1/../../../../arm-none-eabi/lib/thumb/v7e-m/fpv4-sp/hard\libc_nano.a(lib_a-nano-callocr.o)
                0x000000000800b1d0                _calloc_r
 .text._free_r  0x000000000800b1ec       0x9c c:/st/stm32cubeide_1.3.0/stm32cubeide/plugins/com.st.stm32cube.ide.mcu.externaltools.gnu-tools-for-stm32.7-2018-q2-update.win32_1.0.0.201904181610/tools/bin/../lib/gcc/arm-none-eabi/7.3.1/../../../../arm-none-eabi/lib/thumb/v7e-m/fpv4-sp/hard\libc_nano.a(lib_a-nano-freer.o)
                0x000000000800b1ec                _free_r
 .text._malloc_r
                0x000000000800b288       0xb4 c:/st/stm32cubeide_1.3.0/stm32cubeide/plugins/com.st.stm32cube.ide.mcu.externaltools.gnu-tools-for-stm32.7-2018-q2-update.win32_1.0.0.201904181610/tools/bin/../lib/gcc/arm-none-eabi/7.3.1/../../../../arm-none-eabi/lib/thumb/v7e-m/fpv4-sp/hard\libc_nano.a(lib_a-nano-mallocr.o)
                0x000000000800b288                _malloc_r
 .text.__ssputs_r
                0x000000000800b33c       0xb4 c:/st/stm32cubeide_1.3.0/stm32cubeide/plugins/com.st.stm32cube.ide.mcu.externaltools.gnu-tools-for-stm32.7-2018-q2-update.win32_1.0.0.201904181610/tools/bin/../lib/gcc/arm-none-eabi/7.3.1/../../../../arm-none-eabi/lib/thumb/v7e-m/fpv4-sp/hard\libc_nano.a(lib_a-nano-svfprintf.o)
                0x000000000800b33c                __ssputs_r
 .text._svfprintf_r
                0x000000000800b3f0      0x1f0 c:/st/stm32cubeide_1.3.0/stm32cubeide/plugins/com.st.stm32cube.ide.mcu.externaltools.gnu-tools-for-stm32.7-2018-q2-update.win32_1.0.0.201904181610/tools/bin/../lib/gcc/arm-none-eabi/7.3.1/../../../../arm-none-eabi/lib/thumb/v7e-m/fpv4-sp/hard\libc_nano.a(lib_a-nano-svfprintf.o)
                0x000000000800b3f0                _svfiprintf_r
                0x000000000800b3f0                _svfprintf_r
 .text._sbrk_r  0x000000000800b5e0       0x20 c:/st/stm32cubeide_1.3.0/stm32cubeide/plugins/com.st.stm32cube.ide.mcu.externaltools.gnu-tools-for-stm32.7-2018-q2-update.win32_1.0.0.201904181610/tools/bin/../lib/gcc/arm-none-eabi/7.3.1/../../../../arm-none-eabi/lib/thumb/v7e-m/fpv4-sp/hard\libc_nano.a(lib_a-sbrkr.o)
                0x000000000800b5e0                _sbrk_r
 .text.__ascii_mbtowc
                0x000000000800b600       0x24 c:/st/stm32cubeide_1.3.0/stm32cubeide/plugins/com.st.stm32cube.ide.mcu.externaltools.gnu-tools-for-stm32.7-2018-q2-update.win32_1.0.0.201904181610/tools/bin/../lib/gcc/arm-none-eabi/7.3.1/../../../../arm-none-eabi/lib/thumb/v7e-m/fpv4-sp/hard\libc_nano.a(lib_a-mbtowc_r.o)
                0x000000000800b600                __ascii_mbtowc
 .text.memmove  0x000000000800b624       0x32 c:/st/stm32cubeide_1.3.0/stm32cubeide/plugins/com.st.stm32cube.ide.mcu.externaltools.gnu-tools-for-stm32.7-2018-q2-update.win32_1.0.0.201904181610/tools/bin/../lib/gcc/arm-none-eabi/7.3.1/../../../../arm-none-eabi/lib/thumb/v7e-m/fpv4-sp/hard\libc_nano.a(lib_a-memmove.o)
                0x000000000800b624                memmove
 .text.__malloc_lock
                0x000000000800b656        0x2 c:/st/stm32cubeide_1.3.0/stm32cubeide/plugins/com.st.stm32cube.ide.mcu.externaltools.gnu-tools-for-stm32.7-2018-q2-update.win32_1.0.0.201904181610/tools/bin/../lib/gcc/arm-none-eabi/7.3.1/../../../../arm-none-eabi/lib/thumb/v7e-m/fpv4-sp/hard\libc_nano.a(lib_a-mlock.o)
                0x000000000800b656                __malloc_lock
 .text.__malloc_unlock
                0x000000000800b658        0x2 c:/st/stm32cubeide_1.3.0/stm32cubeide/plugins/com.st.stm32cube.ide.mcu.externaltools.gnu-tools-for-stm32.7-2018-q2-update.win32_1.0.0.201904181610/tools/bin/../lib/gcc/arm-none-eabi/7.3.1/../../../../arm-none-eabi/lib/thumb/v7e-m/fpv4-sp/hard\libc_nano.a(lib_a-mlock.o)
                0x000000000800b658                __malloc_unlock
 .text._realloc_r
                0x000000000800b65a       0x4c c:/st/stm32cubeide_1.3.0/stm32cubeide/plugins/com.st.stm32cube.ide.mcu.externaltools.gnu-tools-for-stm32.7-2018-q2-update.win32_1.0.0.201904181610/tools/bin/../lib/gcc/arm-none-eabi/7.3.1/../../../../arm-none-eabi/lib/thumb/v7e-m/fpv4-sp/hard\libc_nano.a(lib_a-nano-reallocr.o)
                0x000000000800b65a                _realloc_r
 .text.__ascii_wctomb
                0x000000000800b6a6       0x1a c:/st/stm32cubeide_1.3.0/stm32cubeide/plugins/com.st.stm32cube.ide.mcu.externaltools.gnu-tools-for-stm32.7-2018-q2-update.win32_1.0.0.201904181610/tools/bin/../lib/gcc/arm-none-eabi/7.3.1/../../../../arm-none-eabi/lib/thumb/v7e-m/fpv4-sp/hard\libc_nano.a(lib_a-wctomb_r.o)
                0x000000000800b6a6                __ascii_wctomb
 .text._malloc_usable_size_r
                0x000000000800b6c0       0x10 c:/st/stm32cubeide_1.3.0/stm32cubeide/plugins/com.st.stm32cube.ide.mcu.externaltools.gnu-tools-for-stm32.7-2018-q2-update.win32_1.0.0.201904181610/tools/bin/../lib/gcc/arm-none-eabi/7.3.1/../../../../arm-none-eabi/lib/thumb/v7e-m/fpv4-sp/hard\libc_nano.a(lib_a-nano-msizer.o)
                0x000000000800b6c0                _malloc_usable_size_r
 *(.glue_7)
 .glue_7        0x000000000800b6d0        0x0 linker stubs
 *(.glue_7t)
 .glue_7t       0x000000000800b6d0        0x0 linker stubs
 *(.eh_frame)
 .eh_frame      0x000000000800b6d0        0x0 c:/st/stm32cubeide_1.3.0/stm32cubeide/plugins/com.st.stm32cube.ide.mcu.externaltools.gnu-tools-for-stm32.7-2018-q2-update.win32_1.0.0.201904181610/tools/bin/../lib/gcc/arm-none-eabi/7.3.1/thumb/v7e-m/fpv4-sp/hard/crtbegin.o
 *(.init)
 .init          0x000000000800b6d0        0x4 c:/st/stm32cubeide_1.3.0/stm32cubeide/plugins/com.st.stm32cube.ide.mcu.externaltools.gnu-tools-for-stm32.7-2018-q2-update.win32_1.0.0.201904181610/tools/bin/../lib/gcc/arm-none-eabi/7.3.1/thumb/v7e-m/fpv4-sp/hard/crti.o
                0x000000000800b6d0                _init
 .init          0x000000000800b6d4        0x8 c:/st/stm32cubeide_1.3.0/stm32cubeide/plugins/com.st.stm32cube.ide.mcu.externaltools.gnu-tools-for-stm32.7-2018-q2-update.win32_1.0.0.201904181610/tools/bin/../lib/gcc/arm-none-eabi/7.3.1/thumb/v7e-m/fpv4-sp/hard/crtn.o
 *(.fini)
 .fini          0x000000000800b6dc        0x4 c:/st/stm32cubeide_1.3.0/stm32cubeide/plugins/com.st.stm32cube.ide.mcu.externaltools.gnu-tools-for-stm32.7-2018-q2-update.win32_1.0.0.201904181610/tools/bin/../lib/gcc/arm-none-eabi/7.3.1/thumb/v7e-m/fpv4-sp/hard/crti.o
                0x000000000800b6dc                _fini
 .fini          0x000000000800b6e0        0x8 c:/st/stm32cubeide_1.3.0/stm32cubeide/plugins/com.st.stm32cube.ide.mcu.externaltools.gnu-tools-for-stm32.7-2018-q2-update.win32_1.0.0.201904181610/tools/bin/../lib/gcc/arm-none-eabi/7.3.1/thumb/v7e-m/fpv4-sp/hard/crtn.o
                0x000000000800b6e8                . = ALIGN (0x4)
                0x000000000800b6e8                _etext = .

.vfp11_veneer   0x000000000800b6e8        0x0
 .vfp11_veneer  0x000000000800b6e8        0x0 linker stubs

.v4_bx          0x000000000800b6e8        0x0
 .v4_bx         0x000000000800b6e8        0x0 linker stubs

.iplt           0x000000000800b6e8        0x0
 .iplt          0x000000000800b6e8        0x0 c:/st/stm32cubeide_1.3.0/stm32cubeide/plugins/com.st.stm32cube.ide.mcu.externaltools.gnu-tools-for-stm32.7-2018-q2-update.win32_1.0.0.201904181610/tools/bin/../lib/gcc/arm-none-eabi/7.3.1/thumb/v7e-m/fpv4-sp/hard/crtbegin.o

.rodata         0x000000000800b6e8      0x528
                0x000000000800b6e8                . = ALIGN (0x4)
 *(.rodata)
 .rodata        0x000000000800b6e8       0xe1 Core/Src/SP_LCD.o
 *fill*         0x000000000800b7c9        0x3 
 .rodata        0x000000000800b7cc      0x133 Core/Src/SP_MENU.o
 *fill*         0x000000000800b8ff        0x1 
 .rodata        0x000000000800b900       0x55 Core/Src/SP_NET.o
 *fill*         0x000000000800b955        0x3 
 .rodata        0x000000000800b958       0x23 Core/Src/SP_SD.o
 *fill*         0x000000000800b97b        0x1 
 .rodata        0x000000000800b97c       0x1a Core/Src/ff.o
 *(.rodata*)
 *fill*         0x000000000800b996        0x2 
 .rodata.AHBPrescTable
                0x000000000800b998       0x10 Core/Src/system_stm32f4xx.o
                0x000000000800b998                AHBPrescTable
 .rodata.APBPrescTable
                0x000000000800b9a8        0x8 Core/Src/system_stm32f4xx.o
                0x000000000800b9a8                APBPrescTable
 .rodata._printf_float.str1.1
                0x000000000800b9b0       0x12 c:/st/stm32cubeide_1.3.0/stm32cubeide/plugins/com.st.stm32cube.ide.mcu.externaltools.gnu-tools-for-stm32.7-2018-q2-update.win32_1.0.0.201904181610/tools/bin/../lib/gcc/arm-none-eabi/7.3.1/../../../../arm-none-eabi/lib/thumb/v7e-m/fpv4-sp/hard\libc_nano.a(lib_a-nano-vfprintf_float.o)
 .rodata._printf_i.str1.1
                0x000000000800b9c2       0x22 c:/st/stm32cubeide_1.3.0/stm32cubeide/plugins/com.st.stm32cube.ide.mcu.externaltools.gnu-tools-for-stm32.7-2018-q2-update.win32_1.0.0.201904181610/tools/bin/../lib/gcc/arm-none-eabi/7.3.1/../../../../arm-none-eabi/lib/thumb/v7e-m/fpv4-sp/hard\libc_nano.a(lib_a-nano-vfprintf_i.o)
 .rodata._dtoa_r.str1.1
                0x000000000800b9e4        0xd c:/st/stm32cubeide_1.3.0/stm32cubeide/plugins/com.st.stm32cube.ide.mcu.externaltools.gnu-tools-for-stm32.7-2018-q2-update.win32_1.0.0.201904181610/tools/bin/../lib/gcc/arm-none-eabi/7.3.1/../../../../arm-none-eabi/lib/thumb/v7e-m/fpv4-sp/hard\libc_nano.a(lib_a-dtoa.o)
                                          0xf (size before relaxing)
 *fill*         0x000000000800b9f1        0x7 
 .rodata.__mprec_bigtens
                0x000000000800b9f8       0x28 c:/st/stm32cubeide_1.3.0/stm32cubeide/plugins/com.st.stm32cube.ide.mcu.externaltools.gnu-tools-for-stm32.7-2018-q2-update.win32_1.0.0.201904181610/tools/bin/../lib/gcc/arm-none-eabi/7.3.1/../../../../arm-none-eabi/lib/thumb/v7e-m/fpv4-sp/hard\libc_nano.a(lib_a-mprec.o)
                0x000000000800b9f8                __mprec_bigtens
 .rodata.__mprec_tens
                0x000000000800ba20       0xc8 c:/st/stm32cubeide_1.3.0/stm32cubeide/plugins/com.st.stm32cube.ide.mcu.externaltools.gnu-tools-for-stm32.7-2018-q2-update.win32_1.0.0.201904181610/tools/bin/../lib/gcc/arm-none-eabi/7.3.1/../../../../arm-none-eabi/lib/thumb/v7e-m/fpv4-sp/hard\libc_nano.a(lib_a-mprec.o)
                0x000000000800ba20                __mprec_tens
 .rodata.p05.7359
                0x000000000800bae8        0xc c:/st/stm32cubeide_1.3.0/stm32cubeide/plugins/com.st.stm32cube.ide.mcu.externaltools.gnu-tools-for-stm32.7-2018-q2-update.win32_1.0.0.201904181610/tools/bin/../lib/gcc/arm-none-eabi/7.3.1/../../../../arm-none-eabi/lib/thumb/v7e-m/fpv4-sp/hard\libc_nano.a(lib_a-mprec.o)
 .rodata._svfprintf_r.str1.1
                0x000000000800baf4       0x11 c:/st/stm32cubeide_1.3.0/stm32cubeide/plugins/com.st.stm32cube.ide.mcu.externaltools.gnu-tools-for-stm32.7-2018-q2-update.win32_1.0.0.201904181610/tools/bin/../lib/gcc/arm-none-eabi/7.3.1/../../../../arm-none-eabi/lib/thumb/v7e-m/fpv4-sp/hard\libc_nano.a(lib_a-nano-svfprintf.o)
 .rodata._setlocale_r.str1.1
                0x000000000800bb05        0x8 c:/st/stm32cubeide_1.3.0/stm32cubeide/plugins/com.st.stm32cube.ide.mcu.externaltools.gnu-tools-for-stm32.7-2018-q2-update.win32_1.0.0.201904181610/tools/bin/../lib/gcc/arm-none-eabi/7.3.1/../../../../arm-none-eabi/lib/thumb/v7e-m/fpv4-sp/hard\libc_nano.a(lib_a-locale.o)
                                          0x9 (size before relaxing)
 .rodata.str1.1
                0x000000000800bb0d        0x2 c:/st/stm32cubeide_1.3.0/stm32cubeide/plugins/com.st.stm32cube.ide.mcu.externaltools.gnu-tools-for-stm32.7-2018-q2-update.win32_1.0.0.201904181610/tools/bin/../lib/gcc/arm-none-eabi/7.3.1/../../../../arm-none-eabi/lib/thumb/v7e-m/fpv4-sp/hard\libc_nano.a(lib_a-locale.o)
 .rodata._ctype_
                0x000000000800bb0f      0x101 c:/st/stm32cubeide_1.3.0/stm32cubeide/plugins/com.st.stm32cube.ide.mcu.externaltools.gnu-tools-for-stm32.7-2018-q2-update.win32_1.0.0.201904181610/tools/bin/../lib/gcc/arm-none-eabi/7.3.1/../../../../arm-none-eabi/lib/thumb/v7e-m/fpv4-sp/hard\libc_nano.a(lib_a-ctype_.o)
                0x000000000800bb0f                _ctype_
                0x000000000800bc10                . = ALIGN (0x4)

.ARM.extab      0x000000000800bc10        0x0
                0x000000000800bc10                . = ALIGN (0x4)
 *(.ARM.extab* .gnu.linkonce.armextab.*)
                0x000000000800bc10                . = ALIGN (0x4)

.ARM            0x000000000800bc10        0x8
                0x000000000800bc10                . = ALIGN (0x4)
                0x000000000800bc10                __exidx_start = .
 *(.ARM.exidx*)
 .ARM.exidx     0x000000000800bc10        0x8 c:/st/stm32cubeide_1.3.0/stm32cubeide/plugins/com.st.stm32cube.ide.mcu.externaltools.gnu-tools-for-stm32.7-2018-q2-update.win32_1.0.0.201904181610/tools/bin/../lib/gcc/arm-none-eabi/7.3.1/thumb/v7e-m/fpv4-sp/hard\libgcc.a(_udivmoddi4.o)
                0x000000000800bc18                __exidx_end = .
                0x000000000800bc18                . = ALIGN (0x4)

.rel.dyn        0x000000000800bc18        0x0
 .rel.iplt      0x000000000800bc18        0x0 c:/st/stm32cubeide_1.3.0/stm32cubeide/plugins/com.st.stm32cube.ide.mcu.externaltools.gnu-tools-for-stm32.7-2018-q2-update.win32_1.0.0.201904181610/tools/bin/../lib/gcc/arm-none-eabi/7.3.1/thumb/v7e-m/fpv4-sp/hard/crtbegin.o

.preinit_array  0x000000000800bc18        0x0
                0x000000000800bc18                . = ALIGN (0x4)
                0x000000000800bc18                PROVIDE (__preinit_array_start = .)
 *(.preinit_array*)
                0x000000000800bc18                PROVIDE (__preinit_array_end = .)
                0x000000000800bc18                . = ALIGN (0x4)

.init_array     0x000000000800bc18        0x4
                0x000000000800bc18                . = ALIGN (0x4)
                0x000000000800bc18                PROVIDE (__init_array_start = .)
 *(SORT_BY_NAME(.init_array.*))
 *(.init_array*)
 .init_array    0x000000000800bc18        0x4 c:/st/stm32cubeide_1.3.0/stm32cubeide/plugins/com.st.stm32cube.ide.mcu.externaltools.gnu-tools-for-stm32.7-2018-q2-update.win32_1.0.0.201904181610/tools/bin/../lib/gcc/arm-none-eabi/7.3.1/thumb/v7e-m/fpv4-sp/hard/crtbegin.o
                0x000000000800bc1c                PROVIDE (__init_array_end = .)
                0x000000000800bc1c                . = ALIGN (0x4)

.fini_array     0x000000000800bc1c        0x4
                0x000000000800bc1c                . = ALIGN (0x4)
                [!provide]                        PROVIDE (__fini_array_start = .)
 *(SORT_BY_NAME(.fini_array.*))
 *(.fini_array*)
 .fini_array    0x000000000800bc1c        0x4 c:/st/stm32cubeide_1.3.0/stm32cubeide/plugins/com.st.stm32cube.ide.mcu.externaltools.gnu-tools-for-stm32.7-2018-q2-update.win32_1.0.0.201904181610/tools/bin/../lib/gcc/arm-none-eabi/7.3.1/thumb/v7e-m/fpv4-sp/hard/crtbegin.o
                [!provide]                        PROVIDE (__fini_array_end = .)
                0x000000000800bc20                . = ALIGN (0x4)
                0x000000000800bc20                _sidata = LOADADDR (.data)

.data           0x0000000020000000      0x238 load address 0x000000000800bc20
                0x0000000020000000                . = ALIGN (0x4)
                0x0000000020000000                _sdata = .
 *(.data)
 *(.data*)
 .data._optionsString
                0x0000000020000000       0x58 Core/Src/SP_MENU.o
                0x0000000020000000                _optionsString
 .data.Stat     0x0000000020000058        0x1 Core/Src/diskio.o
 *fill*         0x0000000020000059        0x3 
 .data.SystemCoreClock
                0x000000002000005c        0x4 Core/Src/system_stm32f4xx.o
                0x000000002000005c                SystemCoreClock
 .data.uwTickPrio
                0x0000000020000060        0x4 Drivers/STM32F4xx_HAL_Driver/stm32f4xx_hal.o
                0x0000000020000060                uwTickPrio
 .data.uwTickFreq
                0x0000000020000064        0x1 Drivers/STM32F4xx_HAL_Driver/stm32f4xx_hal.o
                0x0000000020000064                uwTickFreq
 *fill*         0x0000000020000065        0x3 
 .data._impure_ptr
                0x0000000020000068        0x4 c:/st/stm32cubeide_1.3.0/stm32cubeide/plugins/com.st.stm32cube.ide.mcu.externaltools.gnu-tools-for-stm32.7-2018-q2-update.win32_1.0.0.201904181610/tools/bin/../lib/gcc/arm-none-eabi/7.3.1/../../../../arm-none-eabi/lib/thumb/v7e-m/fpv4-sp/hard\libc_nano.a(lib_a-impure.o)
                0x0000000020000068                _impure_ptr
 .data.impure_data
                0x000000002000006c       0x60 c:/st/stm32cubeide_1.3.0/stm32cubeide/plugins/com.st.stm32cube.ide.mcu.externaltools.gnu-tools-for-stm32.7-2018-q2-update.win32_1.0.0.201904181610/tools/bin/../lib/gcc/arm-none-eabi/7.3.1/../../../../arm-none-eabi/lib/thumb/v7e-m/fpv4-sp/hard\libc_nano.a(lib_a-impure.o)
 .data.__global_locale
                0x00000000200000cc      0x16c c:/st/stm32cubeide_1.3.0/stm32cubeide/plugins/com.st.stm32cube.ide.mcu.externaltools.gnu-tools-for-stm32.7-2018-q2-update.win32_1.0.0.201904181610/tools/bin/../lib/gcc/arm-none-eabi/7.3.1/../../../../arm-none-eabi/lib/thumb/v7e-m/fpv4-sp/hard\libc_nano.a(lib_a-locale.o)
                0x00000000200000cc                __global_locale
                0x0000000020000238                . = ALIGN (0x4)
                0x0000000020000238                _edata = .

.igot.plt       0x0000000020000238        0x0 load address 0x000000000800be58
 .igot.plt      0x0000000020000238        0x0 c:/st/stm32cubeide_1.3.0/stm32cubeide/plugins/com.st.stm32cube.ide.mcu.externaltools.gnu-tools-for-stm32.7-2018-q2-update.win32_1.0.0.201904181610/tools/bin/../lib/gcc/arm-none-eabi/7.3.1/thumb/v7e-m/fpv4-sp/hard/crtbegin.o
                0x0000000020000238                . = ALIGN (0x4)

.bss            0x0000000020000238      0x9ac load address 0x000000000800be58
                0x0000000020000238                _sbss = .
                0x0000000020000238                __bss_start__ = _sbss
 *(.bss)
 .bss           0x0000000020000238       0x1c c:/st/stm32cubeide_1.3.0/stm32cubeide/plugins/com.st.stm32cube.ide.mcu.externaltools.gnu-tools-for-stm32.7-2018-q2-update.win32_1.0.0.201904181610/tools/bin/../lib/gcc/arm-none-eabi/7.3.1/thumb/v7e-m/fpv4-sp/hard/crtbegin.o
 *(.bss*)
 .bss._ffHandle
                0x0000000020000254      0x230 Core/Src/SP_SD.o
 .bss.Timer1    0x0000000020000484        0x1 Core/Src/diskio.o
 .bss.Timer2    0x0000000020000485        0x1 Core/Src/diskio.o
 .bss.CardType  0x0000000020000486        0x1 Core/Src/diskio.o
 .bss.PowerFlag
                0x0000000020000487        0x1 Core/Src/diskio.o
 .bss.FatFs     0x0000000020000488        0x4 Core/Src/ff.o
 .bss.Fsid      0x000000002000048c        0x2 Core/Src/ff.o
 .bss._led      0x000000002000048e        0x1 Core/Src/main.o
                0x000000002000048e                _led
 *fill*         0x000000002000048f        0x1 
 .bss.heap_end.6424
                0x0000000020000490        0x4 Core/Src/sysmem.o
 .bss.__malloc_free_list
                0x0000000020000494        0x4 c:/st/stm32cubeide_1.3.0/stm32cubeide/plugins/com.st.stm32cube.ide.mcu.externaltools.gnu-tools-for-stm32.7-2018-q2-update.win32_1.0.0.201904181610/tools/bin/../lib/gcc/arm-none-eabi/7.3.1/../../../../arm-none-eabi/lib/thumb/v7e-m/fpv4-sp/hard\libc_nano.a(lib_a-nano-mallocr.o)
                0x0000000020000494                __malloc_free_list
 .bss.__malloc_sbrk_start
                0x0000000020000498        0x4 c:/st/stm32cubeide_1.3.0/stm32cubeide/plugins/com.st.stm32cube.ide.mcu.externaltools.gnu-tools-for-stm32.7-2018-q2-update.win32_1.0.0.201904181610/tools/bin/../lib/gcc/arm-none-eabi/7.3.1/../../../../arm-none-eabi/lib/thumb/v7e-m/fpv4-sp/hard\libc_nano.a(lib_a-nano-mallocr.o)
                0x0000000020000498                __malloc_sbrk_start
 *(COMMON)
 COMMON         0x000000002000049c       0x14 Core/Src/SP_LCD.o
                0x000000002000049c                _currentRow
                0x000000002000049d                _displayFunction
                0x00000000200004a0                _rowOffsets
                0x00000000200004a4                _displayControl
                0x00000000200004a5                _currentCol
                0x00000000200004a6                _displayMode
                0x00000000200004a8                _data
 COMMON         0x00000000200004b0       0x48 Core/Src/SP_MENU.o
                0x00000000200004b0                _optionsRow
                0x00000000200004b1                _currentOption
                0x00000000200004b2                _optionsCol
                0x00000000200004b3                _optionsChar
                0x00000000200004b4                _networksList
                0x00000000200004b8                WiFiPassword
                0x00000000200004e0                _networksIn
                0x00000000200004e4                UserDateTime
                0x00000000200004f7                _PWD_index
 COMMON         0x00000000200004f8      0x1f4 Core/Src/SP_NET.o
                0x00000000200004f8                _receive
 COMMON         0x00000000200006ec       0x11 Core/Src/SP_RGB.o
                0x00000000200006ec                _CCR2
                0x00000000200006f0                _state
                0x00000000200006f4                _CCR1
                0x00000000200006f8                _CCR3
                0x00000000200006fc                _mode
 *fill*         0x00000000200006fd        0x3 
 COMMON         0x0000000020000700      0x353 Core/Src/SP_SD.o
                0x0000000020000700                _dTime
                0x000000002000070c                _fileHandle
                0x0000000020000934                _Date
                0x0000000020000938                _bytesWritten
                0x000000002000093c                _buffer
                0x0000000020000a3c                _Time
                0x0000000020000a50                _bytesRead
                0x0000000020000a52                _fresult
 *fill*         0x0000000020000a53        0x1 
 COMMON         0x0000000020000a54        0x8 Core/Src/SP_THS.o
                0x0000000020000a54                _ready
                0x0000000020000a58                _clockCounter
 COMMON         0x0000000020000a5c        0x2 Core/Src/diskio.o
                0x0000000020000a5c                sdcard_timer
 *fill*         0x0000000020000a5e        0x2 
 COMMON         0x0000000020000a60      0x17c Core/Src/main.o
                0x0000000020000a60                htim4
                0x0000000020000aa0                huart3
                0x0000000020000ae0                htim3
                0x0000000020000b20                Mode
                0x0000000020000b21                State
                0x0000000020000b24                hrtc
                0x0000000020000b44                hspi1
                0x0000000020000b9c                htim2
 COMMON         0x0000000020000bdc        0x4 Drivers/STM32F4xx_HAL_Driver/stm32f4xx_hal.o
                0x0000000020000bdc                uwTick
 COMMON         0x0000000020000be0        0x4 c:/st/stm32cubeide_1.3.0/stm32cubeide/plugins/com.st.stm32cube.ide.mcu.externaltools.gnu-tools-for-stm32.7-2018-q2-update.win32_1.0.0.201904181610/tools/bin/../lib/gcc/arm-none-eabi/7.3.1/../../../../arm-none-eabi/lib/thumb/v7e-m/fpv4-sp/hard\libc_nano.a(lib_a-reent.o)
                0x0000000020000be0                errno
                0x0000000020000be4                . = ALIGN (0x4)
                0x0000000020000be4                _ebss = .
                0x0000000020000be4                __bss_end__ = _ebss

._user_heap_stack
                0x0000000020000be4      0x604 load address 0x000000000800be58
                0x0000000020000be8                . = ALIGN (0x8)
 *fill*         0x0000000020000be4        0x4 
                0x0000000020000be8                PROVIDE (end = .)
                [!provide]                        PROVIDE (_end = .)
                0x0000000020000de8                . = (. + _Min_Heap_Size)
 *fill*         0x0000000020000be8      0x200 
                0x00000000200011e8                . = (. + _Min_Stack_Size)
 *fill*         0x0000000020000de8      0x400 
                0x00000000200011e8                . = ALIGN (0x8)

/DISCARD/
 libc.a(*)
 libm.a(*)
 libgcc.a(*)

.ARM.attributes
                0x0000000000000000       0x30
 *(.ARM.attributes)
 .ARM.attributes
                0x0000000000000000       0x22 c:/st/stm32cubeide_1.3.0/stm32cubeide/plugins/com.st.stm32cube.ide.mcu.externaltools.gnu-tools-for-stm32.7-2018-q2-update.win32_1.0.0.201904181610/tools/bin/../lib/gcc/arm-none-eabi/7.3.1/thumb/v7e-m/fpv4-sp/hard/crti.o
 .ARM.attributes
                0x0000000000000022       0x34 c:/st/stm32cubeide_1.3.0/stm32cubeide/plugins/com.st.stm32cube.ide.mcu.externaltools.gnu-tools-for-stm32.7-2018-q2-update.win32_1.0.0.201904181610/tools/bin/../lib/gcc/arm-none-eabi/7.3.1/thumb/v7e-m/fpv4-sp/hard/crtbegin.o
 .ARM.attributes
                0x0000000000000056       0x39 Core/Src/SP_LCD.o
 .ARM.attributes
                0x000000000000008f       0x39 Core/Src/SP_MENU.o
 .ARM.attributes
                0x00000000000000c8       0x39 Core/Src/SP_NET.o
 .ARM.attributes
                0x0000000000000101       0x39 Core/Src/SP_RGB.o
 .ARM.attributes
                0x000000000000013a       0x39 Core/Src/SP_SD.o
 .ARM.attributes
                0x0000000000000173       0x39 Core/Src/SP_THS.o
 .ARM.attributes
                0x00000000000001ac       0x39 Core/Src/diskio.o
 .ARM.attributes
                0x00000000000001e5       0x39 Core/Src/ff.o
 .ARM.attributes
                0x000000000000021e       0x39 Core/Src/main.o
 .ARM.attributes
                0x0000000000000257       0x39 Core/Src/stm32f4xx_hal_msp.o
 .ARM.attributes
                0x0000000000000290       0x39 Core/Src/stm32f4xx_it.o
 .ARM.attributes
                0x00000000000002c9       0x39 Core/Src/sysmem.o
 .ARM.attributes
                0x0000000000000302       0x39 Core/Src/system_stm32f4xx.o
 .ARM.attributes
                0x000000000000033b       0x21 Core/Startup/startup_stm32f407vgtx.o
 .ARM.attributes
                0x000000000000035c       0x39 Drivers/STM32F4xx_HAL_Driver/stm32f4xx_hal.o
 .ARM.attributes
                0x0000000000000395       0x39 Drivers/STM32F4xx_HAL_Driver/stm32f4xx_hal_cortex.o
 .ARM.attributes
                0x00000000000003ce       0x39 Drivers/STM32F4xx_HAL_Driver/stm32f4xx_hal_dma.o
 .ARM.attributes
                0x0000000000000407       0x39 Drivers/STM32F4xx_HAL_Driver/stm32f4xx_hal_gpio.o
 .ARM.attributes
                0x0000000000000440       0x39 Drivers/STM32F4xx_HAL_Driver/stm32f4xx_hal_rcc.o
 .ARM.attributes
                0x0000000000000479       0x39 Drivers/STM32F4xx_HAL_Driver/stm32f4xx_hal_rcc_ex.o
 .ARM.attributes
                0x00000000000004b2       0x39 Drivers/STM32F4xx_HAL_Driver/stm32f4xx_hal_rtc.o
 .ARM.attributes
                0x00000000000004eb       0x39 Drivers/STM32F4xx_HAL_Driver/stm32f4xx_hal_rtc_ex.o
 .ARM.attributes
                0x0000000000000524       0x39 Drivers/STM32F4xx_HAL_Driver/stm32f4xx_hal_spi.o
 .ARM.attributes
                0x000000000000055d       0x39 Drivers/STM32F4xx_HAL_Driver/stm32f4xx_hal_tim.o
 .ARM.attributes
                0x0000000000000596       0x39 Drivers/STM32F4xx_HAL_Driver/stm32f4xx_hal_tim_ex.o
 .ARM.attributes
                0x00000000000005cf       0x39 Drivers/STM32F4xx_HAL_Driver/stm32f4xx_hal_uart.o
 .ARM.attributes
                0x0000000000000608       0x34 c:/st/stm32cubeide_1.3.0/stm32cubeide/plugins/com.st.stm32cube.ide.mcu.externaltools.gnu-tools-for-stm32.7-2018-q2-update.win32_1.0.0.201904181610/tools/bin/../lib/gcc/arm-none-eabi/7.3.1/../../../../arm-none-eabi/lib/thumb/v7e-m/fpv4-sp/hard\libc_nano.a(lib_a-errno.o)
 .ARM.attributes
                0x000000000000063c       0x34 c:/st/stm32cubeide_1.3.0/stm32cubeide/plugins/com.st.stm32cube.ide.mcu.externaltools.gnu-tools-for-stm32.7-2018-q2-update.win32_1.0.0.201904181610/tools/bin/../lib/gcc/arm-none-eabi/7.3.1/../../../../arm-none-eabi/lib/thumb/v7e-m/fpv4-sp/hard\libc_nano.a(lib_a-impure.o)
 .ARM.attributes
                0x0000000000000670       0x34 c:/st/stm32cubeide_1.3.0/stm32cubeide/plugins/com.st.stm32cube.ide.mcu.externaltools.gnu-tools-for-stm32.7-2018-q2-update.win32_1.0.0.201904181610/tools/bin/../lib/gcc/arm-none-eabi/7.3.1/../../../../arm-none-eabi/lib/thumb/v7e-m/fpv4-sp/hard\libc_nano.a(lib_a-init.o)
 .ARM.attributes
                0x00000000000006a4       0x34 c:/st/stm32cubeide_1.3.0/stm32cubeide/plugins/com.st.stm32cube.ide.mcu.externaltools.gnu-tools-for-stm32.7-2018-q2-update.win32_1.0.0.201904181610/tools/bin/../lib/gcc/arm-none-eabi/7.3.1/../../../../arm-none-eabi/lib/thumb/v7e-m/fpv4-sp/hard\libc_nano.a(lib_a-memset.o)
 .ARM.attributes
                0x00000000000006d8       0x34 c:/st/stm32cubeide_1.3.0/stm32cubeide/plugins/com.st.stm32cube.ide.mcu.externaltools.gnu-tools-for-stm32.7-2018-q2-update.win32_1.0.0.201904181610/tools/bin/../lib/gcc/arm-none-eabi/7.3.1/../../../../arm-none-eabi/lib/thumb/v7e-m/fpv4-sp/hard\libc_nano.a(lib_a-nano-vfprintf_float.o)
 .ARM.attributes
                0x000000000000070c       0x34 c:/st/stm32cubeide_1.3.0/stm32cubeide/plugins/com.st.stm32cube.ide.mcu.externaltools.gnu-tools-for-stm32.7-2018-q2-update.win32_1.0.0.201904181610/tools/bin/../lib/gcc/arm-none-eabi/7.3.1/../../../../arm-none-eabi/lib/thumb/v7e-m/fpv4-sp/hard\libc_nano.a(lib_a-nano-vfprintf_i.o)
 .ARM.attributes
                0x0000000000000740       0x34 c:/st/stm32cubeide_1.3.0/stm32cubeide/plugins/com.st.stm32cube.ide.mcu.externaltools.gnu-tools-for-stm32.7-2018-q2-update.win32_1.0.0.201904181610/tools/bin/../lib/gcc/arm-none-eabi/7.3.1/../../../../arm-none-eabi/lib/thumb/v7e-m/fpv4-sp/hard\libc_nano.a(lib_a-sprintf.o)
 .ARM.attributes
                0x0000000000000774       0x34 c:/st/stm32cubeide_1.3.0/stm32cubeide/plugins/com.st.stm32cube.ide.mcu.externaltools.gnu-tools-for-stm32.7-2018-q2-update.win32_1.0.0.201904181610/tools/bin/../lib/gcc/arm-none-eabi/7.3.1/../../../../arm-none-eabi/lib/thumb/v7e-m/fpv4-sp/hard\libc_nano.a(lib_a-strcat.o)
 .ARM.attributes
                0x00000000000007a8       0x20 c:/st/stm32cubeide_1.3.0/stm32cubeide/plugins/com.st.stm32cube.ide.mcu.externaltools.gnu-tools-for-stm32.7-2018-q2-update.win32_1.0.0.201904181610/tools/bin/../lib/gcc/arm-none-eabi/7.3.1/../../../../arm-none-eabi/lib/thumb/v7e-m/fpv4-sp/hard\libc_nano.a(lib_a-strcmp.o)
 .ARM.attributes