diskio.c:56:13:SELECT	4	static
diskio.c:62:13:DESELECT	4	static
diskio.c:70:6:xmit_spi	16	static
diskio.c:76:13:rcvr_spi	24	static
diskio.c:88:6:rcvr_spi_m	16	static
diskio.c:96:13:wait_ready	16	static
diskio.c:115:6:power_on	24	static
diskio.c:146:6:power_off	4	static
diskio.c:151:5:chk_power	4	static
diskio.c:160:13:rcvr_datablock	24	static
diskio.c:187:13:xmit_datablock	24	static
diskio.c:227:13:send_cmd	24	static
diskio.c:269:9:disk_initialize	32	static
diskio.c:332:9:disk_status	16	static
diskio.c:343:9:disk_read	24	static
diskio.c:380:9:disk_write	24	static
diskio.c:424:9:disk_ioctl	56	static
diskio.c:529:6:disk_timerproc	16	static
diskio.c:544:6:sdcard_systick_timerproc	8	static
diskio.c:559:7:get_fattime	4	static
