ff.c:580:13:ld_word	24	static
ff.c:589:14:ld_dword	24	static
ff.c:618:13:st_word	16	static
ff.c:624:13:st_dword	16	static
ff.c:654:13:mem_cpy	32	static
ff.c:668:13:mem_set	32	static
ff.c:679:12:mem_cmp	40	static
ff.c:693:12:chk_chr	16	static
ff.c:701:12:dbc_1st	16	static
ff.c:721:12:dbc_2nd	16	static
ff.c:1042:16:sync_window	24	static
ff.c:1064:16:move_window	24	static
ff.c:1095:16:sync_fs	24	static
ff.c:1132:14:clst2sect	16	static
ff.c:1149:14:get_fat	32	static
ff.c:1226:16:put_fat	48	static
ff.c:1416:16:remove_chain	40	static
ff.c:1511:14:create_chain	40	static
ff.c:1644:16:dir_clear	32	static
ff.c:1683:16:dir_sdi	32	static
ff.c:1731:16:dir_next	32	static
ff.c:1792:16:dir_alloc	32	static
ff.c:1834:14:ld_clust	24	static
ff.c:1851:13:st_clust	24	static
ff.c:2334:16:dir_read	32	static
ff.c:2412:16:dir_find	32	static
ff.c:2493:16:dir_register	24	static
ff.c:2599:16:dir_remove	24	static
ff.c:2645:13:get_fileinfo	32	static
ff.c:2827:16:create_name	48	static
ff.c:3024:16:follow_path	32	static
ff.c:3111:12:get_ldnumber	40	static
ff.c:3185:13:check_fs	16	static
ff.c:3212:16:find_volume	96	static
ff.c:3453:16:validate	24	static
ff.c:3497:9:f_mount	40	static
ff.c:3545:9:f_open	112	static
ff.c:3735:9:f_read	64	static
ff.c:3835:9:f_write	56	static
ff.c:3956:9:f_sync	32	static
ff.c:4037:9:f_close	24	static
ff.c:4252:9:f_lseek	40	static
ff.c:4413:9:f_opendir	24	static
ff.c:4479:9:f_closedir	24	static
ff.c:4509:9:f_readdir	24	static
ff.c:4597:9:f_stat	64	static
ff.c:4632:9:f_getfree	72	static
ff.c:4721:9:f_truncate	32	static
ff.c:4771:9:f_unlink	120	static
ff.c:4865:9:f_mkdir	96	static
ff.c:4949:9:f_rename	160	static
