main.c:97:6:ClockStateLoop	40	static
main.c:127:5:main	16	static
main.c:205:6:SystemClock_Config	104	static
main.c:253:13:MX_RTC_Init	32	static
main.c:311:13:MX_SPI1_Init	8	static
main.c:347:13:MX_TIM2_Init	64	static
main.c:410:13:MX_TIM3_Init	32	static
main.c:452:13:MX_TIM4_Init	32	static
main.c:494:13:MX_USART3_UART_Init	8	static
main.c:525:13:MX_GPIO_Init	56	static
main.c:607:6:HAL_TIM_PeriodElapsedCallback	16	static
main.c:616:6:HAL_GPIO_EXTI_Callback	16	static
main.c:632:6:Error_Handler	4	static
