main.c:98:5:main	40	static
main.c:189:6:SystemClock_Config	104	static
main.c:237:13:MX_RTC_Init	32	static
main.c:295:13:MX_SPI1_Init	8	static
main.c:331:13:MX_TIM2_Init	64	static
main.c:394:13:MX_TIM3_Init	32	static
main.c:436:13:MX_TIM4_Init	32	static
main.c:478:13:MX_USART3_UART_Init	8	static
main.c:509:13:MX_GPIO_Init	56	static
main.c:591:6:HAL_TIM_PeriodElapsedCallback	16	static
main.c:598:6:HAL_GPIO_EXTI_Callback	16	static
main.c:610:6:HAL_UART_RxCpltCallback	16	static
main.c:621:6:Error_Handler	4	static
