SP_LCD.c:58:6:LCD_Init	8	static
SP_LCD.c:110:6:LCD_ToggleBackgroundLED	8	static
SP_LCD.c:114:6:_LCD_SetRowOffsets	24	static
SP_LCD.c:121:6:LCD_ClearScreen	8	static
SP_LCD.c:127:6:LCD_ResetCursor	8	static
SP_LCD.c:133:6:LCD_SetCursor	16	static
SP_LCD.c:144:6:LCD_DisplayOff	8	static
SP_LCD.c:148:6:LCD_DisplayOn	8	static
SP_LCD.c:153:6:LCD_DisableCursor	8	static
SP_LCD.c:157:6:LCD_EnableCursor	8	static
SP_LCD.c:162:6:LCD_DisableBlink	8	static
SP_LCD.c:166:6:LCD_EnableBlink	8	static
SP_LCD.c:171:6:LCD_ScrollOneLeft	8	static
SP_LCD.c:174:6:LCD_ScrollOneRight	8	static
SP_LCD.c:178:6:LCD_AlignLeft	8	static
SP_LCD.c:183:6:LCD_AlignRight	8	static
SP_LCD.c:188:6:LCD_EnableAutoscroll	8	static
SP_LCD.c:193:6:LCD_DisableAutoscroll	8	static
SP_LCD.c:198:6:LCD_Print	32	static
SP_LCD.c:210:6:LCD_PrintDegree	8	static
SP_LCD.c:214:6:LCD_Printf	96	static
SP_LCD.c:229:6:LCD_PrintfDelayed	116	static
SP_LCD.c:247:6:LCD_PrintCentered	24	static
SP_LCD.c:258:6:LCD_NextLine	16	static
SP_LCD.c:271:6:LCD_DefineCustomChar	24	static
SP_LCD.c:280:6:_LCD_SendCommand	16	static
SP_LCD.c:284:6:_LCD_SendData	16	static
SP_LCD.c:301:6:_LCD_SendByteWithState	16	static
SP_LCD.c:312:6:_LCD_EnableSignal	8	static
SP_LCD.c:321:6:_LCD_WriteData	24	static
