SP_LCD.c:72:6:_LCD_SetRowOffsets	24	static
SP_LCD.c:79:6:_LCD_EnableSignal	8	static
SP_LCD.c:88:6:_LCD_WriteData	24	static
SP_LCD.c:98:6:_LCD_SendByteWithState	16	static
SP_LCD.c:109:6:_LCD_SendCommand	16	static
SP_LCD.c:113:6:_LCD_SendData	16	static
SP_LCD.c:130:6:LCD_Init	48	static
SP_LCD.c:197:6:LCD_ToggleBackgroundLED	8	static
SP_LCD.c:201:6:LCD_ClearScreen	8	static
SP_LCD.c:207:6:LCD_ResetCursor	8	static
SP_LCD.c:213:6:LCD_SetCursor	16	static
SP_LCD.c:223:6:LCD_DisplayOff	8	static
SP_LCD.c:227:6:LCD_DisplayOn	8	static
SP_LCD.c:232:6:LCD_DisableCursor	8	static
SP_LCD.c:236:6:LCD_EnableCursor	8	static
SP_LCD.c:241:6:LCD_DisableBlink	8	static
SP_LCD.c:245:6:LCD_EnableBlink	8	static
SP_LCD.c:250:6:LCD_ScrollOneLeft	8	static
SP_LCD.c:253:6:LCD_ScrollOneRight	8	static
SP_LCD.c:257:6:LCD_AlignLeft	8	static
SP_LCD.c:262:6:LCD_AlignRight	8	static
SP_LCD.c:267:6:LCD_EnableAutoscroll	8	static
SP_LCD.c:272:6:LCD_DisableAutoscroll	8	static
SP_LCD.c:277:6:LCD_Print	32	static
SP_LCD.c:289:6:LCD_Printf	96	static
SP_LCD.c:304:6:LCD_PrintfDelayed	116	static
SP_LCD.c:322:6:LCD_PrintCentered	24	static
SP_LCD.c:333:6:LCD_PrintTempInfo	48	static
SP_LCD.c:383:6:LCD_NextLine	16	static
SP_LCD.c:396:6:LCD_DefineCustomChar	24	static
SP_LCD.c:405:6:LCD_PrintDateTime	16	static
