SP_LCD.c:72:6:_LCD_SetRowOffsets	24	static
SP_LCD.c:79:6:_LCD_EnableSignal	8	static
SP_LCD.c:88:6:_LCD_WriteData	24	static
SP_LCD.c:98:6:_LCD_SendByteWithState	16	static
SP_LCD.c:109:6:_LCD_SendCommand	16	static
SP_LCD.c:113:6:_LCD_SendData	16	static
SP_LCD.c:130:6:LCD_Init	48	static
SP_LCD.c:197:6:LCD_BackgroundOn	8	static
SP_LCD.c:201:6:LCD_BackgroundOff	8	static
SP_LCD.c:205:6:LCD_ClearScreen	8	static
SP_LCD.c:211:6:LCD_ResetCursor	8	static
SP_LCD.c:217:6:LCD_SetCursor	16	static
SP_LCD.c:230:6:LCD_DisplayOff	8	static
SP_LCD.c:234:6:LCD_DisplayOn	8	static
SP_LCD.c:239:6:LCD_DisableCursor	8	static
SP_LCD.c:243:6:LCD_EnableCursor	8	static
SP_LCD.c:248:6:LCD_DisableBlink	8	static
SP_LCD.c:252:6:LCD_EnableBlink	8	static
SP_LCD.c:257:6:LCD_ScrollOneLeft	8	static
SP_LCD.c:260:6:LCD_ScrollOneRight	8	static
SP_LCD.c:264:6:LCD_AlignLeft	8	static
SP_LCD.c:269:6:LCD_AlignRight	8	static
SP_LCD.c:274:6:LCD_EnableAutoscroll	8	static
SP_LCD.c:279:6:LCD_DisableAutoscroll	8	static
SP_LCD.c:284:6:LCD_Print	32	static
SP_LCD.c:296:6:LCD_Printf	96	static
SP_LCD.c:311:6:LCD_PrintfDelayed	116	static
SP_LCD.c:329:6:LCD_PrintCentered	24	static
SP_LCD.c:340:6:LCD_PrintTempInfo	48	static
SP_LCD.c:390:6:LCD_NextLine	16	static
SP_LCD.c:403:9:LCD_CursorUp	8	static
SP_LCD.c:410:9:LCD_CursorDown	8	static
SP_LCD.c:417:9:LCD_CursorLeft	8	static
SP_LCD.c:431:9:LCD_CursorRight	8	static
SP_LCD.c:446:6:LCD_DefineCustomChar	24	static
SP_LCD.c:455:6:LCD_PrintDateTime	16	static
SP_LCD.c:463:6:LCD_WriteChar	16	static
