SP_LCD.c:75:6:_LCD_SetRowOffsets	24	static
SP_LCD.c:82:6:_LCD_EnableSignal	8	static
SP_LCD.c:91:6:_LCD_WriteData	24	static
SP_LCD.c:101:6:_LCD_SendByteWithState	16	static
SP_LCD.c:112:6:_LCD_SendCommand	16	static
SP_LCD.c:116:6:_LCD_SendData	16	static
SP_LCD.c:133:6:LCD_Init	48	static
SP_LCD.c:205:6:LCD_WakeScreen	8	static
SP_LCD.c:210:6:LCD_BackgroundOn	8	static
SP_LCD.c:214:6:LCD_BackgroundOff	8	static
SP_LCD.c:218:6:LCD_ClearScreen	8	static
SP_LCD.c:223:6:LCD_ResetCursor	8	static
SP_LCD.c:227:6:LCD_SetCursor	16	static
SP_LCD.c:240:6:LCD_DisplayOff	8	static
SP_LCD.c:244:6:LCD_DisplayOn	8	static
SP_LCD.c:249:6:LCD_DisableCursor	8	static
SP_LCD.c:253:6:LCD_EnableCursor	8	static
SP_LCD.c:258:6:LCD_DisableBlink	8	static
SP_LCD.c:262:6:LCD_EnableBlink	8	static
SP_LCD.c:267:6:LCD_ScrollOneLeft	8	static
SP_LCD.c:270:6:LCD_ScrollOneRight	8	static
SP_LCD.c:274:6:LCD_AlignLeft	8	static
SP_LCD.c:279:6:LCD_AlignRight	8	static
SP_LCD.c:284:6:LCD_EnableAutoscroll	8	static
SP_LCD.c:289:6:LCD_DisableAutoscroll	8	static
SP_LCD.c:294:6:LCD_Print	32	static
SP_LCD.c:306:6:LCD_PrintCentered	24	static
SP_LCD.c:317:6:LCD_PrintTempInfo	48	static
SP_LCD.c:367:6:LCD_NextLine	16	static
SP_LCD.c:380:9:LCD_CursorUp	8	static
SP_LCD.c:387:9:LCD_CursorDown	8	static
SP_LCD.c:394:9:LCD_CursorLeft	8	static
SP_LCD.c:408:9:LCD_CursorRight	8	static
SP_LCD.c:423:6:LCD_DefineCustomChar	24	static
SP_LCD.c:432:6:LCD_PrintDateTime	16	static
SP_LCD.c:440:6:LCD_WriteChar	16	static
SP_LCD.c:445:6:LCD_PrintNetworks	40	static
SP_LCD.c:482:6:LCD_PrintOptionsScreen	32	static
SP_LCD.c:503:6:LCD_PrintNetworkStatus	24	static
SP_LCD.c:530:6:LCD_FatalSDScreen	8	static
