SP_LCD.c:74:6:_LCD_SetRowOffsets	24	static
SP_LCD.c:81:6:_LCD_EnableSignal	8	static
SP_LCD.c:90:6:_LCD_WriteData	24	static
SP_LCD.c:100:6:_LCD_SendByteWithState	16	static
SP_LCD.c:111:6:_LCD_SendCommand	16	static
SP_LCD.c:115:6:_LCD_SendData	16	static
SP_LCD.c:132:6:LCD_Init	48	static
SP_LCD.c:199:6:LCD_WakeScreen	8	static
SP_LCD.c:204:6:LCD_BackgroundOn	8	static
SP_LCD.c:208:6:LCD_BackgroundOff	8	static
SP_LCD.c:212:6:LCD_ClearScreen	8	static
SP_LCD.c:218:6:LCD_ResetCursor	8	static
SP_LCD.c:224:6:LCD_SetCursor	16	static
SP_LCD.c:237:6:LCD_DisplayOff	8	static
SP_LCD.c:241:6:LCD_DisplayOn	8	static
SP_LCD.c:246:6:LCD_DisableCursor	8	static
SP_LCD.c:250:6:LCD_EnableCursor	8	static
SP_LCD.c:255:6:LCD_DisableBlink	8	static
SP_LCD.c:259:6:LCD_EnableBlink	8	static
SP_LCD.c:264:6:LCD_ScrollOneLeft	8	static
SP_LCD.c:267:6:LCD_ScrollOneRight	8	static
SP_LCD.c:271:6:LCD_AlignLeft	8	static
SP_LCD.c:276:6:LCD_AlignRight	8	static
SP_LCD.c:281:6:LCD_EnableAutoscroll	8	static
SP_LCD.c:286:6:LCD_DisableAutoscroll	8	static
SP_LCD.c:291:6:LCD_Print	32	static
SP_LCD.c:303:6:LCD_Printf	96	static
SP_LCD.c:318:6:LCD_PrintfDelayed	116	static
SP_LCD.c:336:6:LCD_PrintCentered	24	static
SP_LCD.c:347:6:LCD_PrintTempInfo	48	static
SP_LCD.c:397:6:LCD_NextLine	16	static
SP_LCD.c:410:9:LCD_CursorUp	8	static
SP_LCD.c:417:9:LCD_CursorDown	8	static
SP_LCD.c:424:9:LCD_CursorLeft	8	static
SP_LCD.c:438:9:LCD_CursorRight	8	static
SP_LCD.c:453:6:LCD_DefineCustomChar	24	static
SP_LCD.c:462:6:LCD_PrintDateTime	16	static
SP_LCD.c:470:6:LCD_WriteChar	16	static
SP_LCD.c:475:6:LCD_PrintNetworks	40	static
