SP_LCD.c:61:6:LCD_Init	48	static
SP_LCD.c:131:6:LCD_ToggleBackgroundLED	8	static
SP_LCD.c:135:6:_LCD_SetRowOffsets	24	static
SP_LCD.c:142:6:LCD_ClearScreen	8	static
SP_LCD.c:148:6:LCD_ResetCursor	8	static
SP_LCD.c:154:6:LCD_SetCursor	16	static
SP_LCD.c:165:6:LCD_DisplayOff	8	static
SP_LCD.c:169:6:LCD_DisplayOn	8	static
SP_LCD.c:174:6:LCD_DisableCursor	8	static
SP_LCD.c:178:6:LCD_EnableCursor	8	static
SP_LCD.c:183:6:LCD_DisableBlink	8	static
SP_LCD.c:187:6:LCD_EnableBlink	8	static
SP_LCD.c:192:6:LCD_ScrollOneLeft	8	static
SP_LCD.c:195:6:LCD_ScrollOneRight	8	static
SP_LCD.c:199:6:LCD_AlignLeft	8	static
SP_LCD.c:204:6:LCD_AlignRight	8	static
SP_LCD.c:209:6:LCD_EnableAutoscroll	8	static
SP_LCD.c:214:6:LCD_DisableAutoscroll	8	static
SP_LCD.c:219:6:LCD_Print	32	static
SP_LCD.c:231:6:LCD_Printf	96	static
SP_LCD.c:246:6:LCD_PrintfDelayed	116	static
SP_LCD.c:264:6:LCD_PrintCentered	24	static
SP_LCD.c:275:6:LCD_PrintTempInfo	48	static
SP_LCD.c:320:6:LCD_NextLine	16	static
SP_LCD.c:333:6:LCD_DefineCustomChar	24	static
SP_LCD.c:342:6:_LCD_SendCommand	16	static
SP_LCD.c:346:6:_LCD_SendData	16	static
SP_LCD.c:363:6:_LCD_SendByteWithState	16	static
SP_LCD.c:374:6:_LCD_EnableSignal	8	static
SP_LCD.c:383:6:_LCD_WriteData	24	static
