SP_LCD.c:75:6:_LCD_SetRowOffsets	24	static
SP_LCD.c:82:6:_LCD_EnableSignal	8	static
SP_LCD.c:91:6:_LCD_WriteData	24	static
SP_LCD.c:101:6:_LCD_SendByteWithState	16	static
SP_LCD.c:112:6:_LCD_SendCommand	16	static
SP_LCD.c:116:6:_LCD_SendData	16	static
SP_LCD.c:133:6:LCD_Init	48	static
SP_LCD.c:200:6:LCD_WakeScreen	8	static
SP_LCD.c:205:6:LCD_BackgroundOn	8	static
SP_LCD.c:209:6:LCD_BackgroundOff	8	static
SP_LCD.c:213:6:LCD_ClearScreen	8	static
SP_LCD.c:219:6:LCD_ResetCursor	8	static
SP_LCD.c:225:6:LCD_SetCursor	16	static
SP_LCD.c:238:6:LCD_DisplayOff	8	static
SP_LCD.c:242:6:LCD_DisplayOn	8	static
SP_LCD.c:247:6:LCD_DisableCursor	8	static
SP_LCD.c:251:6:LCD_EnableCursor	8	static
SP_LCD.c:256:6:LCD_DisableBlink	8	static
SP_LCD.c:260:6:LCD_EnableBlink	8	static
SP_LCD.c:265:6:LCD_ScrollOneLeft	8	static
SP_LCD.c:268:6:LCD_ScrollOneRight	8	static
SP_LCD.c:272:6:LCD_AlignLeft	8	static
SP_LCD.c:277:6:LCD_AlignRight	8	static
SP_LCD.c:282:6:LCD_EnableAutoscroll	8	static
SP_LCD.c:287:6:LCD_DisableAutoscroll	8	static
SP_LCD.c:292:6:LCD_Print	32	static
SP_LCD.c:304:6:LCD_Printf	96	static
SP_LCD.c:319:6:LCD_PrintfDelayed	116	static
SP_LCD.c:337:6:LCD_PrintCentered	24	static
SP_LCD.c:348:6:LCD_PrintTempInfo	48	static
SP_LCD.c:398:6:LCD_NextLine	16	static
SP_LCD.c:411:9:LCD_CursorUp	8	static
SP_LCD.c:418:9:LCD_CursorDown	8	static
SP_LCD.c:425:9:LCD_CursorLeft	8	static
SP_LCD.c:439:9:LCD_CursorRight	8	static
SP_LCD.c:454:6:LCD_DefineCustomChar	24	static
SP_LCD.c:463:6:LCD_PrintDateTime	16	static
SP_LCD.c:471:6:LCD_WriteChar	16	static
SP_LCD.c:476:6:LCD_PrintNetworks	40	static
SP_LCD.c:514:6:LCD_PrintOptionsScreen	32	static
SP_LCD.c:535:6:LCD_PrintNetworkStatus	24	static
