SP_MENU.c:57:6:MENU_Init	4	static
SP_MENU.c:61:6:_PWD_ResetPasswd	16	static
SP_MENU.c:70:6:_PWD_NextChar	4	static
SP_MENU.c:75:6:_PWD_SaveAndWrite	16	static
SP_MENU.c:80:6:_CLK_HandleDateTimeInput	8	static
SP_MENU.c:129:6:_CLK_MoveInputRight	8	static
SP_MENU.c:164:6:_CLK_MoveInputLeft	8	static
SP_MENU.c:199:6:_CLK_ParseAndSetDateTime	24	static
SP_MENU.c:276:6:MENU_PasswdInput	8	static
SP_MENU.c:293:6:MENU_Options	8	static
SP_MENU.c:313:6:MENU_OptionsSetDateTime	16	static
SP_MENU.c:340:9:_WiFi_NofNetworks	24	static
SP_MENU.c:354:6:_WiFi_RequestConn	16	static
SP_MENU.c:378:6:MENU_OptionsWifiList	16	static
SP_MENU.c:414:6:MENU_Clock	40	static
SP_MENU.c:438:9:MENU_HandleKeys	8	static
