SP_MENU.c:63:6:MENU_Init	4	static
SP_MENU.c:67:6:_PWD_ResetPasswd	16	static
SP_MENU.c:76:6:_PWD_NextChar	4	static
SP_MENU.c:81:6:_PWD_SaveAndWrite	16	static
SP_MENU.c:86:6:_CLK_HandleDateTimeInput	8	static
SP_MENU.c:135:6:_CLK_MoveInputRight	8	static
SP_MENU.c:170:6:_CLK_MoveInputLeft	8	static
SP_MENU.c:205:6:_CLK_ParseAndSetDateTime	24	static
SP_MENU.c:282:6:MENU_PasswdInput	8	static
SP_MENU.c:299:6:MENU_Options	8	static
SP_MENU.c:313:6:MENU_OptionsSetDateTime	16	static
SP_MENU.c:340:9:_WiFi_NofNetworks	24	static
SP_MENU.c:354:6:_WiFi_RequestConn	24	static
SP_MENU.c:386:6:MENU_OptionsWifiList	16	static
SP_MENU.c:423:6:MENU_Clock	48	static
SP_MENU.c:446:9:MENU_HandleKeys	8	static
