SP_NET.c:49:6:_NET_ResetBuffer	16	static
SP_NET.c:55:6:_NET_ResetIP	16	static
SP_NET.c:61:5:_NET_GetIndexForPattern	32	static
SP_NET.c:79:9:_NET_SendCommand	32	static
SP_NET.c:101:6:_NET_SetClientDConnMode	8	static
SP_NET.c:109:6:NET_Init	8	static
SP_NET.c:117:7:NET_RequestNetworkList	24	static
SP_NET.c:202:9:NET_ConnectToWiFi	136	static
SP_NET.c:238:7:NET_GetConnInfo	16	static
SP_NET.c:269:9:NET_WiFiDisconnect	8	static
SP_NET.c:276:9:NET_HTTPSetup	8	static
SP_NET.c:287:6:NET_SendDataAndCloseConn	128	static
SP_NET.c:306:6:NET_HandleUART_IT	32	static
