SP_NET.c:47:6:_NET_ResetBuffer	16	static
SP_NET.c:53:6:_NET_ResetIP	16	static
SP_NET.c:59:6:NET_StartIT	8	static
SP_NET.c:64:6:NET_AbortIT	8	static
SP_NET.c:68:5:NET_GetIndexForPattern	32	static
SP_NET.c:87:9:_NET_SendCommand	32	static
SP_NET.c:107:6:_NET_SetClientDConnMode	8	static
SP_NET.c:115:6:NET_Init	8	static
SP_NET.c:119:7:NET_RequestNetworkList	24	static
SP_NET.c:204:9:NET_ConnectToWiFi	136	static
SP_NET.c:240:7:NET_GetCurrentConnStatus	4	static
SP_NET.c:247:7:NET_GetConnInfo	16	static
SP_NET.c:282:9:NET_WiFiDisconnect	8	static
SP_NET.c:289:9:NET_HTTPSetup	8	static
SP_NET.c:298:6:NET_HandleUART_IT	24	static
SP_NET.c:327:6:NET_SendTCPData	56	static
SP_NET.c:351:6:NET_CloseConnSignal	40	static
