SP_SD.c:44:6:_SD_ResetBuffer	16	static
SP_SD.c:50:10:_SD_GetDiskSpace	16	static
SP_SD.c:63:6:_SD_FormatDisk	16	static
SP_SD.c:74:6:_SD_RestartNaming	4	static
SP_SD.c:78:7:_SD_GetNextFilename	16	static
SP_SD.c:91:6:_SD_WriteLastFilename	560	static
SP_SD.c:106:6:_SD_ReadLastFilename	568	static
SP_SD.c:126:6:SD_Init	8	static
SP_SD.c:138:6:_SD_ClearDateTimeRegisters	4	static
SP_SD.c:154:6:SD_RefreshDateTime	8	static
SP_SD.c:175:6:SD_GetDateTime	40	static
SP_SD.c:182:6:SD_SetDateTime	16	static
SP_SD.c:197:7:SD_ReadFile	24	static
SP_SD.c:227:9:SD_CreateJson	80	static
SP_SD.c:265:7:SD_ListJsons	72	static
SP_SD.c:311:10:SD_GetNofJsons	56	static
SP_SD.c:338:7:SD_GetLastJson	16	static
SP_SD.c:342:7:SD_GetJsonFromEnd	40	static
