stm32f4xx_it.c:73:6:NMI_Handler	4	static
stm32f4xx_it.c:85:6:HardFault_Handler	4	static
stm32f4xx_it.c:99:6:MemManage_Handler	4	static
stm32f4xx_it.c:112:6:BusFault_Handler	4	static
stm32f4xx_it.c:125:6:UsageFault_Handler	4	static
stm32f4xx_it.c:138:6:SVC_Handler	4	static
stm32f4xx_it.c:150:6:DebugMon_Handler	4	static
stm32f4xx_it.c:162:6:PendSV_Handler	4	static
stm32f4xx_it.c:174:6:SysTick_Handler	8	static
stm32f4xx_it.c:194:6:EXTI0_IRQHandler	8	static
stm32f4xx_it.c:207:6:TIM2_IRQHandler	8	static
stm32f4xx_it.c:220:6:TIM3_IRQHandler	8	static
stm32f4xx_it.c:233:6:USART3_IRQHandler	8	static
